
> google-task-to-calendar-helper@0.1.0 test
> vitest


 DEV  v4.0.16 ./

stderr | src/lib/test-utils/timezone-workflow.test.tsx > Timezone-Aware Calendar Tests
⚠️  Cannot create test calendar: Failed to create test calendar: {"error":"Request had insufficient authentication scopes."}
   Using primary calendar instead.


 ✓ src/lib/test-utils/calendar-actions.test.ts (1 test) 6276ms
     ✓ should complete full workflow: open day, set range, add task, save, verify, cleanup  6174ms
stdout | src/lib/test-utils/timezone-workflow.test.tsx > Timezone-Aware Calendar Tests > Calendar Event Rendering Tests
✓ Created 24 hourly events (out of 24 requested) for all timezone tests

stdout | src/lib/test-utils/timezone-workflow.test.tsx > Timezone-Aware Calendar Tests > Calendar Event Rendering Tests > User timezone: 'Hong Kong' ('Asia/Hong_Kong') > should create hourly events and verify DOM rendering
#1 Hong Kong - Calendar Event Rendering - should verify DOM rendering with pre-created events
[DEBUG] Day Opened
  Date: 2025-12-22
  Timezones:
    Browser: Asia/Tokyo
    Calendar: Asia/Hong_Kong
    User Selected: Asia/Hong_Kong
    UTC: UTC
  Current Time (all timezones):
    Browser: 21/12/25 12:35 (Asia/Tokyo)
    Calendar: 21/12/25 11:35 (Asia/Hong_Kong)
    User: 21/12/25 11:35 (Asia/Hong_Kong)
    UTC: 2025-12-21 03:35Z

stdout | src/lib/test-utils/timezone-workflow.test.tsx > Timezone-Aware Calendar Tests > Calendar Event Rendering Tests > User timezone: 'Hong Kong' ('Asia/Hong_Kong') > should create hourly events and verify DOM rendering
[DEBUG] Calendar Loaded
  Date Range: 2025-12-22
  Business Hours: 
  Time Range (Asia/Hong_Kong | Asia/Hong_Kong): 12:00 | 12:00 - 14:00 | 14:00
  Rendered Time Range (from FullCalendar DOM): "13:00" - "14:30"
  Rendered Events:
    6. 13:00 (60 min) - [TEST] Event from 05:00 - 06:00​
    7. 14:00 (60 min) - [TEST] Event from 06:00 - 07:00​
    ... and 6 out of range event(s)

stdout | src/lib/test-utils/timezone-workflow.test.tsx > Timezone-Aware Calendar Tests > Calendar Event Rendering Tests > User timezone: 'Bangkok' ('Asia/Bangkok') > should create hourly events and verify DOM rendering
#2 Bangkok - Calendar Event Rendering - should verify DOM rendering with pre-created events
[DEBUG] Day Opened
  Date: 2025-12-22
  Timezones:
    Browser: Asia/Tokyo
    Calendar: Asia/Hong_Kong
    User Selected: Asia/Bangkok
    UTC: UTC
  Current Time (all timezones):
    Browser: 21/12/25 12:35 (Asia/Tokyo)
    Calendar: 21/12/25 11:35 (Asia/Hong_Kong)
    User: 21/12/25 10:35 (Asia/Bangkok)
    UTC: 2025-12-21 03:35Z

stdout | src/lib/test-utils/timezone-workflow.test.tsx > Timezone-Aware Calendar Tests > Calendar Event Rendering Tests > User timezone: 'Bangkok' ('Asia/Bangkok') > should create hourly events and verify DOM rendering
[DEBUG] Day Opened
  Date: 2025-12-22
  Timezones:
    Browser: Asia/Tokyo
    Calendar: Asia/Hong_Kong
    User Selected: Asia/Bangkok
    UTC: UTC
  Current Time (all timezones):
    Browser: 21/12/25 12:35 (Asia/Tokyo)
    Calendar: 21/12/25 11:35 (Asia/Hong_Kong)
    User: 21/12/25 10:35 (Asia/Bangkok)
    UTC: 2025-12-21 03:35Z

stdout | src/lib/test-utils/timezone-workflow.test.tsx > Timezone-Aware Calendar Tests > Calendar Event Rendering Tests > User timezone: 'Bangkok' ('Asia/Bangkok') > should create hourly events and verify DOM rendering
[DEBUG] Calendar Loaded
  Date Range: 2025-12-22
  Business Hours: 
  Time Range (Asia/Bangkok | Asia/Hong_Kong): 12:00 | 13:00 - 14:00 | 15:00
  Rendered Time Range (from FullCalendar DOM): "12:00 | 13:00" - "13:30 | 14:30"
  Rendered Events:
    5. 12:00 | 13:00 (60 min) - [TEST] Event from 05:00 - 06:00​
    6. 13:00 | 14:00 (60 min) - [TEST] Event from 06:00 - 07:00​
    ... and 5 out of range event(s)

stdout | src/lib/test-utils/timezone-workflow.test.tsx > Timezone-Aware Calendar Tests > Calendar Event Rendering Tests > User timezone: 'Tokyo' ('Asia/Tokyo') > should create hourly events and verify DOM rendering
#3 Tokyo - Calendar Event Rendering - should verify DOM rendering with pre-created events
[DEBUG] Day Opened
  Date: 2025-12-22
  Timezones:
    Browser: Asia/Tokyo
    Calendar: Asia/Hong_Kong
    User Selected: Asia/Tokyo
    UTC: UTC
  Current Time (all timezones):
    Browser: 21/12/25 12:35 (Asia/Tokyo)
    Calendar: 21/12/25 11:35 (Asia/Hong_Kong)
    User: 21/12/25 12:35 (Asia/Tokyo)
    UTC: 2025-12-21 03:35Z

stdout | src/lib/test-utils/timezone-workflow.test.tsx > Timezone-Aware Calendar Tests > Calendar Event Rendering Tests > User timezone: 'Tokyo' ('Asia/Tokyo') > should create hourly events and verify DOM rendering
[DEBUG] Calendar Loaded
  Date Range: 2025-12-22
  Business Hours: 
  Time Range (Asia/Tokyo | Asia/Hong_Kong): 12:00 | 11:00 - 14:00 | 13:00
  Rendered Time Range (from FullCalendar DOM): "12:00 | 11:00" - "13:30 | 12:30"
  Rendered Events:
    2. 12:00 | 11:00 (60 min) - [TEST] Event from 03:00 - 04:00​
    3. 13:00 | 12:00 (60 min) - [TEST] Event from 04:00 - 05:00​
    ... and 4 out of range event(s)

stdout | src/lib/test-utils/timezone-workflow.test.tsx > Timezone-Aware Calendar Tests > Calendar Event Rendering Tests
✓ Cleaned up test events

stdout | src/lib/test-utils/timezone-workflow.test.tsx > Timezone-Aware Calendar Tests > DOM Rendering Tests (All UTC Offsets) > UTC Offset: -12 ('Baker Island') > Time range: '00:00'-'01:00' ('Early morning (1 hour)') > should verify calendar DOM renders correct time range
#4 Baker Island - Early morning (1 hour) - should verify calendar DOM renders correct time range

stdout | src/lib/test-utils/timezone-workflow.test.tsx > Timezone-Aware Calendar Tests > DOM Rendering Tests (All UTC Offsets) > UTC Offset: -12 ('Baker Island') > Time range: '00:00'-'23:00' ('Full day') > should verify calendar DOM renders correct time range
#5 Baker Island - Full day - should verify calendar DOM renders correct time range

stdout | src/lib/test-utils/timezone-workflow.test.tsx > Timezone-Aware Calendar Tests > DOM Rendering Tests (All UTC Offsets) > UTC Offset: -12 ('Baker Island') > Time range: '11:00'-'18:00' ('Business hours') > should verify calendar DOM renders correct time range
#6 Baker Island - Business hours - should verify calendar DOM renders correct time range

stdout | src/lib/test-utils/timezone-workflow.test.tsx > Timezone-Aware Calendar Tests > DOM Rendering Tests (All UTC Offsets) > UTC Offset: -12 ('Baker Island') > Time range: '11:00'-'18:00' ('Business hours') > should verify calendar DOM renders correct time range
✓ Cleaned up 26 test events from calendar

stdout | src/lib/test-utils/timezone-workflow.test.tsx > Timezone-Aware Calendar Tests > DOM Rendering Tests (All UTC Offsets) > UTC Offset: -10 ('Honolulu') > Time range: '00:00'-'01:00' ('Early morning (1 hour)') > should verify calendar DOM renders correct time range
#7 Honolulu - Early morning (1 hour) - should verify calendar DOM renders correct time range
[DEBUG] Day Opened
  Date: 2025-12-22
  Timezones:
    Browser: Asia/Tokyo
    Calendar: Asia/Hong_Kong
    User Selected: Pacific/Honolulu
    UTC: UTC
  Current Time (all timezones):
    Browser: 21/12/25 12:35 (+1) (Asia/Tokyo)
    Calendar: 21/12/25 11:35 (+1) (Asia/Hong_Kong)
    User: 20/12/25 17:35 (Pacific/Honolulu)
    UTC: 2025-12-21 03:35Z

stdout | src/lib/test-utils/timezone-workflow.test.tsx > Timezone-Aware Calendar Tests > DOM Rendering Tests (All UTC Offsets) > UTC Offset: -10 ('Honolulu') > Time range: '00:00'-'01:00' ('Early morning (1 hour)') > should verify calendar DOM renders correct time range
[DEBUG] Calendar Loaded
  Date Range: 2025-12-21
  Business Hours: 
  Time Range (Pacific/Honolulu | Asia/Hong_Kong): 00:00 | 18:00 - 01:00 | 19:00
  Rendered Time Range (from FullCalendar DOM): "00:00 | 18:00" - "00:30 | 18:30"

stdout | src/lib/test-utils/timezone-workflow.test.tsx > Timezone-Aware Calendar Tests > DOM Rendering Tests (All UTC Offsets) > UTC Offset: -10 ('Honolulu') > Time range: '00:00'-'01:00' ('Early morning (1 hour)') > should verify calendar DOM renders correct time range
✓ Range verification passed: Honolulu with Early morning (1 hour)

stdout | src/lib/test-utils/timezone-workflow.test.tsx > Timezone-Aware Calendar Tests > DOM Rendering Tests (All UTC Offsets) > UTC Offset: -10 ('Honolulu') > Time range: '00:00'-'23:00' ('Full day') > should verify calendar DOM renders correct time range
#8 Honolulu - Full day - should verify calendar DOM renders correct time range
[DEBUG] Day Opened
  Date: 2025-12-22
  Timezones:
    Browser: Asia/Tokyo
    Calendar: Asia/Hong_Kong
    User Selected: Pacific/Honolulu
    UTC: UTC
  Current Time (all timezones):
    Browser: 21/12/25 12:35 (+1) (Asia/Tokyo)
    Calendar: 21/12/25 11:35 (+1) (Asia/Hong_Kong)
    User: 20/12/25 17:35 (Pacific/Honolulu)
    UTC: 2025-12-21 03:35Z

stdout | src/lib/test-utils/timezone-workflow.test.tsx > Timezone-Aware Calendar Tests > DOM Rendering Tests (All UTC Offsets) > UTC Offset: -10 ('Honolulu') > Time range: '00:00'-'23:00' ('Full day') > should verify calendar DOM renders correct time range
[DEBUG] Day Opened
  Date: 2025-12-22
  Timezones:
    Browser: Asia/Tokyo
    Calendar: Asia/Hong_Kong
    User Selected: Pacific/Honolulu
    UTC: UTC
  Current Time (all timezones):
    Browser: 21/12/25 12:35 (+1) (Asia/Tokyo)
    Calendar: 21/12/25 11:35 (+1) (Asia/Hong_Kong)
    User: 20/12/25 17:35 (Pacific/Honolulu)
    UTC: 2025-12-21 03:35Z

stdout | src/lib/test-utils/timezone-workflow.test.tsx > Timezone-Aware Calendar Tests > DOM Rendering Tests (All UTC Offsets) > UTC Offset: -10 ('Honolulu') > Time range: '00:00'-'23:00' ('Full day') > should verify calendar DOM renders correct time range
[DEBUG] Calendar Loaded
  Date Range: 2025-12-21
  Business Hours: 
  Time Range (Pacific/Honolulu | Asia/Hong_Kong): 00:00 | 18:00 - 23:00 | 17:00
  Rendered Time Range (from FullCalendar DOM): "00:00 | 18:00" - "22:30 | 16:30"

stdout | src/lib/test-utils/timezone-workflow.test.tsx > Timezone-Aware Calendar Tests > DOM Rendering Tests (All UTC Offsets) > UTC Offset: -10 ('Honolulu') > Time range: '00:00'-'23:00' ('Full day') > should verify calendar DOM renders correct time range
[DEBUG] Calendar Loaded
  Date Range: 2025-12-21
  Business Hours: 
  Time Range (Pacific/Honolulu | Asia/Hong_Kong): 00:00 | 18:00 - 23:00 | 17:00
  Rendered Time Range (from FullCalendar DOM): "00:00 | 18:00" - "22:30 | 16:30"

stdout | src/lib/test-utils/timezone-workflow.test.tsx > Timezone-Aware Calendar Tests > DOM Rendering Tests (All UTC Offsets) > UTC Offset: -10 ('Honolulu') > Time range: '00:00'-'23:00' ('Full day') > should verify calendar DOM renders correct time range
✓ Range verification passed: Honolulu with Full day

stdout | src/lib/test-utils/timezone-workflow.test.tsx > Timezone-Aware Calendar Tests > DOM Rendering Tests (All UTC Offsets) > UTC Offset: -10 ('Honolulu') > Time range: '11:00'-'18:00' ('Business hours') > should verify calendar DOM renders correct time range
#9 Honolulu - Business hours - should verify calendar DOM renders correct time range
[DEBUG] Day Opened
  Date: 2025-12-22
  Timezones:
    Browser: Asia/Tokyo
    Calendar: Asia/Hong_Kong
    User Selected: Pacific/Honolulu
    UTC: UTC
  Current Time (all timezones):
    Browser: 21/12/25 12:35 (+1) (Asia/Tokyo)
    Calendar: 21/12/25 11:35 (+1) (Asia/Hong_Kong)
    User: 20/12/25 17:35 (Pacific/Honolulu)
    UTC: 2025-12-21 03:35Z

stdout | src/lib/test-utils/timezone-workflow.test.tsx > Timezone-Aware Calendar Tests > DOM Rendering Tests (All UTC Offsets) > UTC Offset: -10 ('Honolulu') > Time range: '11:00'-'18:00' ('Business hours') > should verify calendar DOM renders correct time range
[DEBUG] Day Opened
  Date: 2025-12-22
  Timezones:
    Browser: Asia/Tokyo
    Calendar: Asia/Hong_Kong
    User Selected: Pacific/Honolulu
    UTC: UTC
  Current Time (all timezones):
    Browser: 21/12/25 12:35 (+1) (Asia/Tokyo)
    Calendar: 21/12/25 11:35 (+1) (Asia/Hong_Kong)
    User: 20/12/25 17:35 (Pacific/Honolulu)
    UTC: 2025-12-21 03:35Z

stdout | src/lib/test-utils/timezone-workflow.test.tsx > Timezone-Aware Calendar Tests > DOM Rendering Tests (All UTC Offsets) > UTC Offset: -10 ('Honolulu') > Time range: '11:00'-'18:00' ('Business hours') > should verify calendar DOM renders correct time range
[DEBUG] Calendar Loaded
  Date Range: 2025-12-22
  Business Hours: 
  Time Range (Pacific/Honolulu | Asia/Hong_Kong): 11:00 | 05:00 (+1) - 18:00 | 12:00 (+1)
  Rendered Time Range (from FullCalendar DOM): "11:00 | 05:00 (+1)" - "17:30 | 11:30 (+1)"

stdout | src/lib/test-utils/timezone-workflow.test.tsx > Timezone-Aware Calendar Tests > DOM Rendering Tests (All UTC Offsets) > UTC Offset: -10 ('Honolulu') > Time range: '11:00'-'18:00' ('Business hours') > should verify calendar DOM renders correct time range
✓ Range verification passed: Honolulu with Business hours

stdout | src/lib/test-utils/timezone-workflow.test.tsx > Timezone-Aware Calendar Tests > DOM Rendering Tests (All UTC Offsets) > UTC Offset: -8 ('Los Angeles') > Time range: '00:00'-'01:00' ('Early morning (1 hour)') > should verify calendar DOM renders correct time range
#10 Los Angeles - Early morning (1 hour) - should verify calendar DOM renders correct time range
[DEBUG] Day Opened
  Date: 2025-12-22
  Timezones:
    Browser: Asia/Tokyo
    Calendar: Asia/Hong_Kong
    User Selected: America/Los_Angeles
    UTC: UTC
  Current Time (all timezones):
    Browser: 21/12/25 12:36 (+1) (Asia/Tokyo)
    Calendar: 21/12/25 11:36 (+1) (Asia/Hong_Kong)
    User: 20/12/25 19:36 (America/Los_Angeles)
    UTC: 2025-12-21 03:36Z

stdout | src/lib/test-utils/timezone-workflow.test.tsx > Timezone-Aware Calendar Tests > DOM Rendering Tests (All UTC Offsets) > UTC Offset: -8 ('Los Angeles') > Time range: '00:00'-'01:00' ('Early morning (1 hour)') > should verify calendar DOM renders correct time range
[DEBUG] Calendar Loaded
  Date Range: 2025-12-21
  Business Hours: 
  Time Range (America/Los_Angeles | Asia/Hong_Kong): 00:00 | 16:00 (+1) - 01:00 | 17:00 (+1)
  Rendered Time Range (from FullCalendar DOM): "00:00 | 16:00" - "00:30 | 16:30"

stdout | src/lib/test-utils/timezone-workflow.test.tsx > Timezone-Aware Calendar Tests > DOM Rendering Tests (All UTC Offsets) > UTC Offset: -8 ('Los Angeles') > Time range: '00:00'-'01:00' ('Early morning (1 hour)') > should verify calendar DOM renders correct time range
✓ Range verification passed: Los Angeles with Early morning (1 hour)

stdout | src/lib/test-utils/timezone-workflow.test.tsx > Timezone-Aware Calendar Tests > DOM Rendering Tests (All UTC Offsets) > UTC Offset: -8 ('Los Angeles') > Time range: '00:00'-'23:00' ('Full day') > should verify calendar DOM renders correct time range
#11 Los Angeles - Full day - should verify calendar DOM renders correct time range
[DEBUG] Day Opened
  Date: 2025-12-22
  Timezones:
    Browser: Asia/Tokyo
    Calendar: Asia/Hong_Kong
    User Selected: America/Los_Angeles
    UTC: UTC
  Current Time (all timezones):
    Browser: 21/12/25 12:36 (+1) (Asia/Tokyo)
    Calendar: 21/12/25 11:36 (+1) (Asia/Hong_Kong)
    User: 20/12/25 19:36 (America/Los_Angeles)
    UTC: 2025-12-21 03:36Z

stdout | src/lib/test-utils/timezone-workflow.test.tsx > Timezone-Aware Calendar Tests > DOM Rendering Tests (All UTC Offsets) > UTC Offset: -8 ('Los Angeles') > Time range: '00:00'-'23:00' ('Full day') > should verify calendar DOM renders correct time range
[DEBUG] Calendar Loaded
  Date Range: 2025-12-21
  Business Hours: 
  Time Range (America/Los_Angeles | Asia/Hong_Kong): 00:00 | 16:00 (+1) - 23:00 | 15:00
  Rendered Time Range (from FullCalendar DOM): "00:00 | 16:00" - "22:30 | 14:30"

stdout | src/lib/test-utils/timezone-workflow.test.tsx > Timezone-Aware Calendar Tests > DOM Rendering Tests (All UTC Offsets) > UTC Offset: -8 ('Los Angeles') > Time range: '00:00'-'23:00' ('Full day') > should verify calendar DOM renders correct time range
[DEBUG] Calendar Loaded
  Date Range: 2025-12-21
  Business Hours: 
  Time Range (America/Los_Angeles | Asia/Hong_Kong): 00:00 | 16:00 (+1) - 23:00 | 15:00
  Rendered Time Range (from FullCalendar DOM): "00:00 | 16:00" - "22:30 | 14:30"

stdout | src/lib/test-utils/timezone-workflow.test.tsx > Timezone-Aware Calendar Tests > DOM Rendering Tests (All UTC Offsets) > UTC Offset: -8 ('Los Angeles') > Time range: '00:00'-'23:00' ('Full day') > should verify calendar DOM renders correct time range
✓ Range verification passed: Los Angeles with Full day

stdout | src/lib/test-utils/timezone-workflow.test.tsx > Timezone-Aware Calendar Tests > DOM Rendering Tests (All UTC Offsets) > UTC Offset: -8 ('Los Angeles') > Time range: '11:00'-'18:00' ('Business hours') > should verify calendar DOM renders correct time range
#12 Los Angeles - Business hours - should verify calendar DOM renders correct time range
[DEBUG] Day Opened
  Date: 2025-12-22
  Timezones:
    Browser: Asia/Tokyo
    Calendar: Asia/Hong_Kong
    User Selected: America/Los_Angeles
    UTC: UTC
  Current Time (all timezones):
    Browser: 21/12/25 12:36 (+1) (Asia/Tokyo)
    Calendar: 21/12/25 11:36 (+1) (Asia/Hong_Kong)
    User: 20/12/25 19:36 (America/Los_Angeles)
    UTC: 2025-12-21 03:36Z

stdout | src/lib/test-utils/timezone-workflow.test.tsx > Timezone-Aware Calendar Tests > DOM Rendering Tests (All UTC Offsets) > UTC Offset: -8 ('Los Angeles') > Time range: '11:00'-'18:00' ('Business hours') > should verify calendar DOM renders correct time range
[DEBUG] Day Opened
  Date: 2025-12-22
  Timezones:
    Browser: Asia/Tokyo
    Calendar: Asia/Hong_Kong
    User Selected: America/Los_Angeles
    UTC: UTC
  Current Time (all timezones):
    Browser: 21/12/25 12:36 (+1) (Asia/Tokyo)
    Calendar: 21/12/25 11:36 (+1) (Asia/Hong_Kong)
    User: 20/12/25 19:36 (America/Los_Angeles)
    UTC: 2025-12-21 03:36Z

stdout | src/lib/test-utils/timezone-workflow.test.tsx > Timezone-Aware Calendar Tests > DOM Rendering Tests (All UTC Offsets) > UTC Offset: -8 ('Los Angeles') > Time range: '11:00'-'18:00' ('Business hours') > should verify calendar DOM renders correct time range
[DEBUG] Calendar Loaded
  Date Range: 2025-12-22
  Business Hours: 
  Time Range (America/Los_Angeles | Asia/Hong_Kong): 11:00 | 03:00 (+1) - 18:00 | 10:00
  Rendered Time Range (from FullCalendar DOM): "11:00 | 03:00 (+1)" - "17:30 | 09:30"

stdout | src/lib/test-utils/timezone-workflow.test.tsx > Timezone-Aware Calendar Tests > DOM Rendering Tests (All UTC Offsets) > UTC Offset: -8 ('Los Angeles') > Time range: '11:00'-'18:00' ('Business hours') > should verify calendar DOM renders correct time range
✓ Range verification passed: Los Angeles with Business hours

stdout | src/lib/test-utils/timezone-workflow.test.tsx > Timezone-Aware Calendar Tests > DOM Rendering Tests (All UTC Offsets) > UTC Offset: -7 ('Denver') > Time range: '00:00'-'01:00' ('Early morning (1 hour)') > should verify calendar DOM renders correct time range
#13 Denver - Early morning (1 hour) - should verify calendar DOM renders correct time range
[DEBUG] Day Opened
  Date: 2025-12-22
  Timezones:
    Browser: Asia/Tokyo
    Calendar: Asia/Hong_Kong
    User Selected: America/Denver
    UTC: UTC
  Current Time (all timezones):
    Browser: 21/12/25 12:36 (+1) (Asia/Tokyo)
    Calendar: 21/12/25 11:36 (+1) (Asia/Hong_Kong)
    User: 20/12/25 20:36 (America/Denver)
    UTC: 2025-12-21 03:36Z

stdout | src/lib/test-utils/timezone-workflow.test.tsx > Timezone-Aware Calendar Tests > DOM Rendering Tests (All UTC Offsets) > UTC Offset: -7 ('Denver') > Time range: '00:00'-'01:00' ('Early morning (1 hour)') > should verify calendar DOM renders correct time range
[DEBUG] Day Opened
  Date: 2025-12-22
  Timezones:
    Browser: Asia/Tokyo
    Calendar: Asia/Hong_Kong
    User Selected: America/Denver
    UTC: UTC
  Current Time (all timezones):
    Browser: 21/12/25 12:36 (+1) (Asia/Tokyo)
    Calendar: 21/12/25 11:36 (+1) (Asia/Hong_Kong)
    User: 20/12/25 20:36 (America/Denver)
    UTC: 2025-12-21 03:36Z

stdout | src/lib/test-utils/timezone-workflow.test.tsx > Timezone-Aware Calendar Tests > DOM Rendering Tests (All UTC Offsets) > UTC Offset: -7 ('Denver') > Time range: '00:00'-'01:00' ('Early morning (1 hour)') > should verify calendar DOM renders correct time range
[DEBUG] Calendar Loaded
  Date Range: 2025-12-21
  Business Hours: 
  Time Range (America/Denver | Asia/Hong_Kong): 00:00 | 15:00 (+1) - 01:00 | 16:00 (+1)
  Rendered Time Range (from FullCalendar DOM): "00:00 | 15:00" - "00:30 | 15:30"

stdout | src/lib/test-utils/timezone-workflow.test.tsx > Timezone-Aware Calendar Tests > DOM Rendering Tests (All UTC Offsets) > UTC Offset: -7 ('Denver') > Time range: '00:00'-'01:00' ('Early morning (1 hour)') > should verify calendar DOM renders correct time range
✓ Range verification passed: Denver with Early morning (1 hour)

stdout | src/lib/test-utils/timezone-workflow.test.tsx > Timezone-Aware Calendar Tests > DOM Rendering Tests (All UTC Offsets) > UTC Offset: -7 ('Denver') > Time range: '00:00'-'23:00' ('Full day') > should verify calendar DOM renders correct time range
#14 Denver - Full day - should verify calendar DOM renders correct time range
[DEBUG] Day Opened
  Date: 2025-12-22
  Timezones:
    Browser: Asia/Tokyo
    Calendar: Asia/Hong_Kong
    User Selected: America/Denver
    UTC: UTC
  Current Time (all timezones):
    Browser: 21/12/25 12:36 (+1) (Asia/Tokyo)
    Calendar: 21/12/25 11:36 (+1) (Asia/Hong_Kong)
    User: 20/12/25 20:36 (America/Denver)
    UTC: 2025-12-21 03:36Z

stdout | src/lib/test-utils/timezone-workflow.test.tsx > Timezone-Aware Calendar Tests > DOM Rendering Tests (All UTC Offsets) > UTC Offset: -7 ('Denver') > Time range: '00:00'-'23:00' ('Full day') > should verify calendar DOM renders correct time range
[DEBUG] Day Opened
  Date: 2025-12-22
  Timezones:
    Browser: Asia/Tokyo
    Calendar: Asia/Hong_Kong
    User Selected: America/Denver
    UTC: UTC
  Current Time (all timezones):
    Browser: 21/12/25 12:36 (+1) (Asia/Tokyo)
    Calendar: 21/12/25 11:36 (+1) (Asia/Hong_Kong)
    User: 20/12/25 20:36 (America/Denver)
    UTC: 2025-12-21 03:36Z

stdout | src/lib/test-utils/timezone-workflow.test.tsx > Timezone-Aware Calendar Tests > DOM Rendering Tests (All UTC Offsets) > UTC Offset: -7 ('Denver') > Time range: '00:00'-'23:00' ('Full day') > should verify calendar DOM renders correct time range
[DEBUG] Calendar Loaded
  Date Range: 2025-12-21
  Business Hours: 
  Time Range (America/Denver | Asia/Hong_Kong): 00:00 | 15:00 (+1) - 23:00 | 14:00 (+1)
  Rendered Time Range (from FullCalendar DOM): "00:00 | 15:00" - "22:30 | 13:30"

stdout | src/lib/test-utils/timezone-workflow.test.tsx > Timezone-Aware Calendar Tests > DOM Rendering Tests (All UTC Offsets) > UTC Offset: -7 ('Denver') > Time range: '00:00'-'23:00' ('Full day') > should verify calendar DOM renders correct time range
[DEBUG] Calendar Loaded
  Date Range: 2025-12-21
  Business Hours: 
  Time Range (America/Denver | Asia/Hong_Kong): 00:00 | 15:00 (+1) - 23:00 | 14:00 (+1)
  Rendered Time Range (from FullCalendar DOM): "00:00 | 15:00" - "22:30 | 13:30"

stdout | src/lib/test-utils/timezone-workflow.test.tsx > Timezone-Aware Calendar Tests > DOM Rendering Tests (All UTC Offsets) > UTC Offset: -7 ('Denver') > Time range: '00:00'-'23:00' ('Full day') > should verify calendar DOM renders correct time range
✓ Range verification passed: Denver with Full day

stdout | src/lib/test-utils/timezone-workflow.test.tsx > Timezone-Aware Calendar Tests > DOM Rendering Tests (All UTC Offsets) > UTC Offset: -7 ('Denver') > Time range: '11:00'-'18:00' ('Business hours') > should verify calendar DOM renders correct time range
#15 Denver - Business hours - should verify calendar DOM renders correct time range
[DEBUG] Day Opened
  Date: 2025-12-22
  Timezones:
    Browser: Asia/Tokyo
    Calendar: Asia/Hong_Kong
    User Selected: America/Denver
    UTC: UTC
  Current Time (all timezones):
    Browser: 21/12/25 12:36 (+1) (Asia/Tokyo)
    Calendar: 21/12/25 11:36 (+1) (Asia/Hong_Kong)
    User: 20/12/25 20:36 (America/Denver)
    UTC: 2025-12-21 03:36Z

stdout | src/lib/test-utils/timezone-workflow.test.tsx > Timezone-Aware Calendar Tests > DOM Rendering Tests (All UTC Offsets) > UTC Offset: -7 ('Denver') > Time range: '11:00'-'18:00' ('Business hours') > should verify calendar DOM renders correct time range
[DEBUG] Day Opened
  Date: 2025-12-22
  Timezones:
    Browser: Asia/Tokyo
    Calendar: Asia/Hong_Kong
    User Selected: America/Denver
    UTC: UTC
  Current Time (all timezones):
    Browser: 21/12/25 12:36 (+1) (Asia/Tokyo)
    Calendar: 21/12/25 11:36 (+1) (Asia/Hong_Kong)
    User: 20/12/25 20:36 (America/Denver)
    UTC: 2025-12-21 03:36Z

stdout | src/lib/test-utils/timezone-workflow.test.tsx > Timezone-Aware Calendar Tests > DOM Rendering Tests (All UTC Offsets) > UTC Offset: -7 ('Denver') > Time range: '11:00'-'18:00' ('Business hours') > should verify calendar DOM renders correct time range
[DEBUG] Calendar Loaded
  Date Range: 2025-12-22
  Business Hours: 
  Time Range (America/Denver | Asia/Hong_Kong): 11:00 | 02:00 (+1) - 18:00 | 09:00
  Rendered Time Range (from FullCalendar DOM): "11:00 | 02:00 (+1)" - "17:30 | 08:30"

stdout | src/lib/test-utils/timezone-workflow.test.tsx > Timezone-Aware Calendar Tests > DOM Rendering Tests (All UTC Offsets) > UTC Offset: -7 ('Denver') > Time range: '11:00'-'18:00' ('Business hours') > should verify calendar DOM renders correct time range
✓ Range verification passed: Denver with Business hours

stdout | src/lib/test-utils/timezone-workflow.test.tsx > Timezone-Aware Calendar Tests > DOM Rendering Tests (All UTC Offsets) > UTC Offset: -6 ('Chicago') > Time range: '00:00'-'01:00' ('Early morning (1 hour)') > should verify calendar DOM renders correct time range
#16 Chicago - Early morning (1 hour) - should verify calendar DOM renders correct time range
[DEBUG] Day Opened
  Date: 2025-12-22
  Timezones:
    Browser: Asia/Tokyo
    Calendar: Asia/Hong_Kong
    User Selected: America/Chicago
    UTC: UTC
  Current Time (all timezones):
    Browser: 21/12/25 12:36 (+1) (Asia/Tokyo)
    Calendar: 21/12/25 11:36 (+1) (Asia/Hong_Kong)
    User: 20/12/25 21:36 (America/Chicago)
    UTC: 2025-12-21 03:36Z

stdout | src/lib/test-utils/timezone-workflow.test.tsx > Timezone-Aware Calendar Tests > DOM Rendering Tests (All UTC Offsets) > UTC Offset: -6 ('Chicago') > Time range: '00:00'-'01:00' ('Early morning (1 hour)') > should verify calendar DOM renders correct time range
[DEBUG] Day Opened
  Date: 2025-12-22
  Timezones:
    Browser: Asia/Tokyo
    Calendar: Asia/Hong_Kong
    User Selected: America/Chicago
    UTC: UTC
  Current Time (all timezones):
    Browser: 21/12/25 12:36 (+1) (Asia/Tokyo)
    Calendar: 21/12/25 11:36 (+1) (Asia/Hong_Kong)
    User: 20/12/25 21:36 (America/Chicago)
    UTC: 2025-12-21 03:36Z

stdout | src/lib/test-utils/timezone-workflow.test.tsx > Timezone-Aware Calendar Tests > DOM Rendering Tests (All UTC Offsets) > UTC Offset: -6 ('Chicago') > Time range: '00:00'-'01:00' ('Early morning (1 hour)') > should verify calendar DOM renders correct time range
[DEBUG] Calendar Loaded
  Date Range: 2025-12-21
  Business Hours: 
  Time Range (America/Chicago | Asia/Hong_Kong): 00:00 | 14:00 (+1) - 01:00 | 15:00 (+1)
  Rendered Time Range (from FullCalendar DOM): "00:00 | 14:00" - "00:30 | 14:30"

stdout | src/lib/test-utils/timezone-workflow.test.tsx > Timezone-Aware Calendar Tests > DOM Rendering Tests (All UTC Offsets) > UTC Offset: -6 ('Chicago') > Time range: '00:00'-'01:00' ('Early morning (1 hour)') > should verify calendar DOM renders correct time range
✓ Range verification passed: Chicago with Early morning (1 hour)

stdout | src/lib/test-utils/timezone-workflow.test.tsx > Timezone-Aware Calendar Tests > DOM Rendering Tests (All UTC Offsets) > UTC Offset: -6 ('Chicago') > Time range: '00:00'-'23:00' ('Full day') > should verify calendar DOM renders correct time range
#17 Chicago - Full day - should verify calendar DOM renders correct time range
[DEBUG] Day Opened
  Date: 2025-12-22
  Timezones:
    Browser: Asia/Tokyo
    Calendar: Asia/Hong_Kong
    User Selected: America/Chicago
    UTC: UTC
  Current Time (all timezones):
    Browser: 21/12/25 12:36 (+1) (Asia/Tokyo)
    Calendar: 21/12/25 11:36 (+1) (Asia/Hong_Kong)
    User: 20/12/25 21:36 (America/Chicago)
    UTC: 2025-12-21 03:36Z

stdout | src/lib/test-utils/timezone-workflow.test.tsx > Timezone-Aware Calendar Tests > DOM Rendering Tests (All UTC Offsets) > UTC Offset: -6 ('Chicago') > Time range: '00:00'-'23:00' ('Full day') > should verify calendar DOM renders correct time range
[DEBUG] Day Opened
  Date: 2025-12-22
  Timezones:
    Browser: Asia/Tokyo
    Calendar: Asia/Hong_Kong
    User Selected: America/Chicago
    UTC: UTC
  Current Time (all timezones):
    Browser: 21/12/25 12:36 (+1) (Asia/Tokyo)
    Calendar: 21/12/25 11:36 (+1) (Asia/Hong_Kong)
    User: 20/12/25 21:36 (America/Chicago)
    UTC: 2025-12-21 03:36Z

stdout | src/lib/test-utils/timezone-workflow.test.tsx > Timezone-Aware Calendar Tests > DOM Rendering Tests (All UTC Offsets) > UTC Offset: -6 ('Chicago') > Time range: '00:00'-'23:00' ('Full day') > should verify calendar DOM renders correct time range
[DEBUG] Calendar Loaded
  Date Range: 2025-12-21
  Business Hours: 
  Time Range (America/Chicago | Asia/Hong_Kong): 00:00 | 14:00 (+1) - 23:00 | 13:00 (+1)
  Rendered Time Range (from FullCalendar DOM): "00:00 | 14:00" - "22:30 | 12:30"

stdout | src/lib/test-utils/timezone-workflow.test.tsx > Timezone-Aware Calendar Tests > DOM Rendering Tests (All UTC Offsets) > UTC Offset: -6 ('Chicago') > Time range: '00:00'-'23:00' ('Full day') > should verify calendar DOM renders correct time range
[DEBUG] Calendar Loaded
  Date Range: 2025-12-21
  Business Hours: 
  Time Range (America/Chicago | Asia/Hong_Kong): 00:00 | 14:00 (+1) - 23:00 | 13:00 (+1)
  Rendered Time Range (from FullCalendar DOM): "00:00 | 14:00" - "22:30 | 12:30"

stdout | src/lib/test-utils/timezone-workflow.test.tsx > Timezone-Aware Calendar Tests > DOM Rendering Tests (All UTC Offsets) > UTC Offset: -6 ('Chicago') > Time range: '00:00'-'23:00' ('Full day') > should verify calendar DOM renders correct time range
✓ Range verification passed: Chicago with Full day

stdout | src/lib/test-utils/timezone-workflow.test.tsx > Timezone-Aware Calendar Tests > DOM Rendering Tests (All UTC Offsets) > UTC Offset: -6 ('Chicago') > Time range: '11:00'-'18:00' ('Business hours') > should verify calendar DOM renders correct time range
#18 Chicago - Business hours - should verify calendar DOM renders correct time range
[DEBUG] Day Opened
  Date: 2025-12-22
  Timezones:
    Browser: Asia/Tokyo
    Calendar: Asia/Hong_Kong
    User Selected: America/Chicago
    UTC: UTC
  Current Time (all timezones):
    Browser: 21/12/25 12:36 (+1) (Asia/Tokyo)
    Calendar: 21/12/25 11:36 (+1) (Asia/Hong_Kong)
    User: 20/12/25 21:36 (America/Chicago)
    UTC: 2025-12-21 03:36Z

stdout | src/lib/test-utils/timezone-workflow.test.tsx > Timezone-Aware Calendar Tests > DOM Rendering Tests (All UTC Offsets) > UTC Offset: -6 ('Chicago') > Time range: '11:00'-'18:00' ('Business hours') > should verify calendar DOM renders correct time range
[DEBUG] Day Opened
  Date: 2025-12-22
  Timezones:
    Browser: Asia/Tokyo
    Calendar: Asia/Hong_Kong
    User Selected: America/Chicago
    UTC: UTC
  Current Time (all timezones):
    Browser: 21/12/25 12:37 (+1) (Asia/Tokyo)
    Calendar: 21/12/25 11:37 (+1) (Asia/Hong_Kong)
    User: 20/12/25 21:37 (America/Chicago)
    UTC: 2025-12-21 03:37Z

stdout | src/lib/test-utils/timezone-workflow.test.tsx > Timezone-Aware Calendar Tests > DOM Rendering Tests (All UTC Offsets) > UTC Offset: -6 ('Chicago') > Time range: '11:00'-'18:00' ('Business hours') > should verify calendar DOM renders correct time range
[DEBUG] Calendar Loaded
  Date Range: 2025-12-22
  Business Hours: 
  Time Range (America/Chicago | Asia/Hong_Kong): 11:00 | 01:00 (+1) - 18:00 | 08:00
  Rendered Time Range (from FullCalendar DOM): "11:00 | 01:00 (+1)" - "17:30 | 07:30"

stdout | src/lib/test-utils/timezone-workflow.test.tsx > Timezone-Aware Calendar Tests > DOM Rendering Tests (All UTC Offsets) > UTC Offset: -6 ('Chicago') > Time range: '11:00'-'18:00' ('Business hours') > should verify calendar DOM renders correct time range
✓ Range verification passed: Chicago with Business hours

stdout | src/lib/test-utils/timezone-workflow.test.tsx > Timezone-Aware Calendar Tests > DOM Rendering Tests (All UTC Offsets) > UTC Offset: -5 ('New York') > Time range: '00:00'-'01:00' ('Early morning (1 hour)') > should verify calendar DOM renders correct time range
#19 New York - Early morning (1 hour) - should verify calendar DOM renders correct time range
[DEBUG] Day Opened
  Date: 2025-12-22
  Timezones:
    Browser: Asia/Tokyo
    Calendar: Asia/Hong_Kong
    User Selected: America/New_York
    UTC: UTC
  Current Time (all timezones):
    Browser: 21/12/25 12:37 (+1) (Asia/Tokyo)
    Calendar: 21/12/25 11:37 (+1) (Asia/Hong_Kong)
    User: 20/12/25 22:37 (America/New_York)
    UTC: 2025-12-21 03:37Z

stdout | src/lib/test-utils/timezone-workflow.test.tsx > Timezone-Aware Calendar Tests > DOM Rendering Tests (All UTC Offsets) > UTC Offset: -5 ('New York') > Time range: '00:00'-'01:00' ('Early morning (1 hour)') > should verify calendar DOM renders correct time range
[DEBUG] Calendar Loaded
  Date Range: 2025-12-21
  Business Hours: 
  Time Range (America/New_York | Asia/Hong_Kong): 00:00 | 13:00 (+1) - 01:00 | 14:00 (+1)
  Rendered Time Range (from FullCalendar DOM): "00:00 | 13:00" - "00:30 | 13:30"

stdout | src/lib/test-utils/timezone-workflow.test.tsx > Timezone-Aware Calendar Tests > DOM Rendering Tests (All UTC Offsets) > UTC Offset: -5 ('New York') > Time range: '00:00'-'01:00' ('Early morning (1 hour)') > should verify calendar DOM renders correct time range
✓ Range verification passed: New York with Early morning (1 hour)

stdout | src/lib/test-utils/timezone-workflow.test.tsx > Timezone-Aware Calendar Tests > DOM Rendering Tests (All UTC Offsets) > UTC Offset: -5 ('New York') > Time range: '00:00'-'23:00' ('Full day') > should verify calendar DOM renders correct time range
#20 New York - Full day - should verify calendar DOM renders correct time range
[DEBUG] Day Opened
  Date: 2025-12-22
  Timezones:
    Browser: Asia/Tokyo
    Calendar: Asia/Hong_Kong
    User Selected: America/New_York
    UTC: UTC
  Current Time (all timezones):
    Browser: 21/12/25 12:37 (+1) (Asia/Tokyo)
    Calendar: 21/12/25 11:37 (+1) (Asia/Hong_Kong)
    User: 20/12/25 22:37 (America/New_York)
    UTC: 2025-12-21 03:37Z

stdout | src/lib/test-utils/timezone-workflow.test.tsx > Timezone-Aware Calendar Tests > DOM Rendering Tests (All UTC Offsets) > UTC Offset: -5 ('New York') > Time range: '00:00'-'23:00' ('Full day') > should verify calendar DOM renders correct time range
[DEBUG] Day Opened
  Date: 2025-12-22
  Timezones:
    Browser: Asia/Tokyo
    Calendar: Asia/Hong_Kong
    User Selected: America/New_York
    UTC: UTC
  Current Time (all timezones):
    Browser: 21/12/25 12:37 (+1) (Asia/Tokyo)
    Calendar: 21/12/25 11:37 (+1) (Asia/Hong_Kong)
    User: 20/12/25 22:37 (America/New_York)
    UTC: 2025-12-21 03:37Z

stdout | src/lib/test-utils/timezone-workflow.test.tsx > Timezone-Aware Calendar Tests > DOM Rendering Tests (All UTC Offsets) > UTC Offset: -5 ('New York') > Time range: '00:00'-'23:00' ('Full day') > should verify calendar DOM renders correct time range
[DEBUG] Calendar Loaded
  Date Range: 2025-12-21
  Business Hours: 
  Time Range (America/New_York | Asia/Hong_Kong): 00:00 | 13:00 (+1) - 23:00 | 12:00 (+1)
  Rendered Time Range (from FullCalendar DOM): "00:00 | 13:00" - "22:30 | 11:30"

stdout | src/lib/test-utils/timezone-workflow.test.tsx > Timezone-Aware Calendar Tests > DOM Rendering Tests (All UTC Offsets) > UTC Offset: -5 ('New York') > Time range: '00:00'-'23:00' ('Full day') > should verify calendar DOM renders correct time range
[DEBUG] Calendar Loaded
  Date Range: 2025-12-21
  Business Hours: 
  Time Range (America/New_York | Asia/Hong_Kong): 00:00 | 13:00 (+1) - 23:00 | 12:00 (+1)
  Rendered Time Range (from FullCalendar DOM): "00:00 | 13:00" - "22:30 | 11:30"

stdout | src/lib/test-utils/timezone-workflow.test.tsx > Timezone-Aware Calendar Tests > DOM Rendering Tests (All UTC Offsets) > UTC Offset: -5 ('New York') > Time range: '00:00'-'23:00' ('Full day') > should verify calendar DOM renders correct time range
✓ Range verification passed: New York with Full day

stdout | src/lib/test-utils/timezone-workflow.test.tsx > Timezone-Aware Calendar Tests > DOM Rendering Tests (All UTC Offsets) > UTC Offset: -5 ('New York') > Time range: '11:00'-'18:00' ('Business hours') > should verify calendar DOM renders correct time range
#21 New York - Business hours - should verify calendar DOM renders correct time range
[DEBUG] Day Opened
  Date: 2025-12-22
  Timezones:
    Browser: Asia/Tokyo
    Calendar: Asia/Hong_Kong
    User Selected: America/New_York
    UTC: UTC
  Current Time (all timezones):
    Browser: 21/12/25 12:37 (+1) (Asia/Tokyo)
    Calendar: 21/12/25 11:37 (+1) (Asia/Hong_Kong)
    User: 20/12/25 22:37 (America/New_York)
    UTC: 2025-12-21 03:37Z

stdout | src/lib/test-utils/timezone-workflow.test.tsx > Timezone-Aware Calendar Tests > DOM Rendering Tests (All UTC Offsets) > UTC Offset: -5 ('New York') > Time range: '11:00'-'18:00' ('Business hours') > should verify calendar DOM renders correct time range
[DEBUG] Day Opened
  Date: 2025-12-22
  Timezones:
    Browser: Asia/Tokyo
    Calendar: Asia/Hong_Kong
    User Selected: America/New_York
    UTC: UTC
  Current Time (all timezones):
    Browser: 21/12/25 12:37 (+1) (Asia/Tokyo)
    Calendar: 21/12/25 11:37 (+1) (Asia/Hong_Kong)
    User: 20/12/25 22:37 (America/New_York)
    UTC: 2025-12-21 03:37Z

stdout | src/lib/test-utils/timezone-workflow.test.tsx > Timezone-Aware Calendar Tests > DOM Rendering Tests (All UTC Offsets) > UTC Offset: -5 ('New York') > Time range: '11:00'-'18:00' ('Business hours') > should verify calendar DOM renders correct time range
[DEBUG] Calendar Loaded
  Date Range: 2025-12-22
  Business Hours: 
  Time Range (America/New_York | Asia/Hong_Kong): 11:00 | 00:00 - 18:00 | 07:00
  Rendered Time Range (from FullCalendar DOM): "11:00 | 00:00 (+1)" - "17:30 | 06:30"

stdout | src/lib/test-utils/timezone-workflow.test.tsx > Timezone-Aware Calendar Tests > DOM Rendering Tests (All UTC Offsets) > UTC Offset: -5 ('New York') > Time range: '11:00'-'18:00' ('Business hours') > should verify calendar DOM renders correct time range
✓ Range verification passed: New York with Business hours

stdout | src/lib/test-utils/timezone-workflow.test.tsx > Timezone-Aware Calendar Tests > DOM Rendering Tests (All UTC Offsets) > UTC Offset: -4 ('Caracas') > Time range: '00:00'-'01:00' ('Early morning (1 hour)') > should verify calendar DOM renders correct time range
#22 Caracas - Early morning (1 hour) - should verify calendar DOM renders correct time range
[DEBUG] Day Opened
  Date: 2025-12-22
  Timezones:
    Browser: Asia/Tokyo
    Calendar: Asia/Hong_Kong
    User Selected: America/Caracas
    UTC: UTC
  Current Time (all timezones):
    Browser: 21/12/25 12:37 (+1) (Asia/Tokyo)
    Calendar: 21/12/25 11:37 (+1) (Asia/Hong_Kong)
    User: 20/12/25 23:37 (America/Caracas)
    UTC: 2025-12-21 03:37Z

stdout | src/lib/test-utils/timezone-workflow.test.tsx > Timezone-Aware Calendar Tests > DOM Rendering Tests (All UTC Offsets) > UTC Offset: -4 ('Caracas') > Time range: '00:00'-'01:00' ('Early morning (1 hour)') > should verify calendar DOM renders correct time range
[DEBUG] Day Opened
  Date: 2025-12-22
  Timezones:
    Browser: Asia/Tokyo
    Calendar: Asia/Hong_Kong
    User Selected: America/Caracas
    UTC: UTC
  Current Time (all timezones):
    Browser: 21/12/25 12:37 (+1) (Asia/Tokyo)
    Calendar: 21/12/25 11:37 (+1) (Asia/Hong_Kong)
    User: 20/12/25 23:37 (America/Caracas)
    UTC: 2025-12-21 03:37Z

stdout | src/lib/test-utils/timezone-workflow.test.tsx > Timezone-Aware Calendar Tests > DOM Rendering Tests (All UTC Offsets) > UTC Offset: -4 ('Caracas') > Time range: '00:00'-'01:00' ('Early morning (1 hour)') > should verify calendar DOM renders correct time range
[DEBUG] Calendar Loaded
  Date Range: 2025-12-21
  Business Hours: 
  Time Range (America/Caracas | Asia/Hong_Kong): 00:00 | 12:00 (+1) - 01:00 | 13:00 (+1)
  Rendered Time Range (from FullCalendar DOM): "00:00 | 12:00" - "00:30 | 12:30"

stdout | src/lib/test-utils/timezone-workflow.test.tsx > Timezone-Aware Calendar Tests > DOM Rendering Tests (All UTC Offsets) > UTC Offset: -4 ('Caracas') > Time range: '00:00'-'01:00' ('Early morning (1 hour)') > should verify calendar DOM renders correct time range
✓ Range verification passed: Caracas with Early morning (1 hour)

stdout | src/lib/test-utils/timezone-workflow.test.tsx > Timezone-Aware Calendar Tests > DOM Rendering Tests (All UTC Offsets) > UTC Offset: -4 ('Caracas') > Time range: '00:00'-'23:00' ('Full day') > should verify calendar DOM renders correct time range
#23 Caracas - Full day - should verify calendar DOM renders correct time range
[DEBUG] Day Opened
  Date: 2025-12-22
  Timezones:
    Browser: Asia/Tokyo
    Calendar: Asia/Hong_Kong
    User Selected: America/Caracas
    UTC: UTC
  Current Time (all timezones):
    Browser: 21/12/25 12:37 (+1) (Asia/Tokyo)
    Calendar: 21/12/25 11:37 (+1) (Asia/Hong_Kong)
    User: 20/12/25 23:37 (America/Caracas)
    UTC: 2025-12-21 03:37Z

stdout | src/lib/test-utils/timezone-workflow.test.tsx > Timezone-Aware Calendar Tests > DOM Rendering Tests (All UTC Offsets) > UTC Offset: -4 ('Caracas') > Time range: '00:00'-'23:00' ('Full day') > should verify calendar DOM renders correct time range
[DEBUG] Day Opened
  Date: 2025-12-22
  Timezones:
    Browser: Asia/Tokyo
    Calendar: Asia/Hong_Kong
    User Selected: America/Caracas
    UTC: UTC
  Current Time (all timezones):
    Browser: 21/12/25 12:37 (+1) (Asia/Tokyo)
    Calendar: 21/12/25 11:37 (+1) (Asia/Hong_Kong)
    User: 20/12/25 23:37 (America/Caracas)
    UTC: 2025-12-21 03:37Z

stdout | src/lib/test-utils/timezone-workflow.test.tsx > Timezone-Aware Calendar Tests > DOM Rendering Tests (All UTC Offsets) > UTC Offset: -4 ('Caracas') > Time range: '00:00'-'23:00' ('Full day') > should verify calendar DOM renders correct time range
[DEBUG] Calendar Loaded
  Date Range: 2025-12-21
  Business Hours: 
  Time Range (America/Caracas | Asia/Hong_Kong): 00:00 | 12:00 (+1) - 23:00 | 11:00 (+1)
  Rendered Time Range (from FullCalendar DOM): "00:00 | 12:00" - "22:30 | 10:30"

stdout | src/lib/test-utils/timezone-workflow.test.tsx > Timezone-Aware Calendar Tests > DOM Rendering Tests (All UTC Offsets) > UTC Offset: -4 ('Caracas') > Time range: '00:00'-'23:00' ('Full day') > should verify calendar DOM renders correct time range
[DEBUG] Calendar Loaded
  Date Range: 2025-12-21
  Business Hours: 
  Time Range (America/Caracas | Asia/Hong_Kong): 00:00 | 12:00 (+1) - 23:00 | 11:00 (+1)
  Rendered Time Range (from FullCalendar DOM): "00:00 | 12:00" - "22:30 | 10:30"

stdout | src/lib/test-utils/timezone-workflow.test.tsx > Timezone-Aware Calendar Tests > DOM Rendering Tests (All UTC Offsets) > UTC Offset: -4 ('Caracas') > Time range: '00:00'-'23:00' ('Full day') > should verify calendar DOM renders correct time range
✓ Range verification passed: Caracas with Full day

stdout | src/lib/test-utils/timezone-workflow.test.tsx > Timezone-Aware Calendar Tests > DOM Rendering Tests (All UTC Offsets) > UTC Offset: -4 ('Caracas') > Time range: '11:00'-'18:00' ('Business hours') > should verify calendar DOM renders correct time range
#24 Caracas - Business hours - should verify calendar DOM renders correct time range
[DEBUG] Day Opened
  Date: 2025-12-22
  Timezones:
    Browser: Asia/Tokyo
    Calendar: Asia/Hong_Kong
    User Selected: America/Caracas
    UTC: UTC
  Current Time (all timezones):
    Browser: 21/12/25 12:37 (+1) (Asia/Tokyo)
    Calendar: 21/12/25 11:37 (+1) (Asia/Hong_Kong)
    User: 20/12/25 23:37 (America/Caracas)
    UTC: 2025-12-21 03:37Z

stdout | src/lib/test-utils/timezone-workflow.test.tsx > Timezone-Aware Calendar Tests > DOM Rendering Tests (All UTC Offsets) > UTC Offset: -4 ('Caracas') > Time range: '11:00'-'18:00' ('Business hours') > should verify calendar DOM renders correct time range
[DEBUG] Day Opened
  Date: 2025-12-22
  Timezones:
    Browser: Asia/Tokyo
    Calendar: Asia/Hong_Kong
    User Selected: America/Caracas
    UTC: UTC
  Current Time (all timezones):
    Browser: 21/12/25 12:37 (+1) (Asia/Tokyo)
    Calendar: 21/12/25 11:37 (+1) (Asia/Hong_Kong)
    User: 20/12/25 23:37 (America/Caracas)
    UTC: 2025-12-21 03:37Z

stdout | src/lib/test-utils/timezone-workflow.test.tsx > Timezone-Aware Calendar Tests > DOM Rendering Tests (All UTC Offsets) > UTC Offset: -4 ('Caracas') > Time range: '11:00'-'18:00' ('Business hours') > should verify calendar DOM renders correct time range
[DEBUG] Calendar Loaded
  Date Range: 2025-12-22
  Business Hours: 
  Time Range (America/Caracas | Asia/Hong_Kong): 11:00 | 23:00 - 18:00 | 06:00
  Rendered Time Range (from FullCalendar DOM): "11:00 | 23:00 (+1)" - "17:30 | 05:30"

stdout | src/lib/test-utils/timezone-workflow.test.tsx > Timezone-Aware Calendar Tests > DOM Rendering Tests (All UTC Offsets) > UTC Offset: -4 ('Caracas') > Time range: '11:00'-'18:00' ('Business hours') > should verify calendar DOM renders correct time range
✓ Range verification passed: Caracas with Business hours

stdout | src/lib/test-utils/timezone-workflow.test.tsx > Timezone-Aware Calendar Tests > DOM Rendering Tests (All UTC Offsets) > UTC Offset: -3 ('Buenos Aires') > Time range: '00:00'-'01:00' ('Early morning (1 hour)') > should verify calendar DOM renders correct time range
#25 Buenos Aires - Early morning (1 hour) - should verify calendar DOM renders correct time range
[DEBUG] Day Opened
  Date: 2025-12-22
  Timezones:
    Browser: Asia/Tokyo
    Calendar: Asia/Hong_Kong
    User Selected: America/Buenos_Aires
    UTC: UTC
  Current Time (all timezones):
    Browser: 21/12/25 12:37 (Asia/Tokyo)
    Calendar: 21/12/25 11:37 (Asia/Hong_Kong)
    User: 21/12/25 00:37 (America/Buenos_Aires)
    UTC: 2025-12-21 03:37Z

stdout | src/lib/test-utils/timezone-workflow.test.tsx > Timezone-Aware Calendar Tests > DOM Rendering Tests (All UTC Offsets) > UTC Offset: -3 ('Buenos Aires') > Time range: '00:00'-'01:00' ('Early morning (1 hour)') > should verify calendar DOM renders correct time range
[DEBUG] Day Opened
  Date: 2025-12-22
  Timezones:
    Browser: Asia/Tokyo
    Calendar: Asia/Hong_Kong
    User Selected: America/Buenos_Aires
    UTC: UTC
  Current Time (all timezones):
    Browser: 21/12/25 12:38 (Asia/Tokyo)
    Calendar: 21/12/25 11:38 (Asia/Hong_Kong)
    User: 21/12/25 00:38 (America/Buenos_Aires)
    UTC: 2025-12-21 03:38Z

stdout | src/lib/test-utils/timezone-workflow.test.tsx > Timezone-Aware Calendar Tests > DOM Rendering Tests (All UTC Offsets) > UTC Offset: -3 ('Buenos Aires') > Time range: '00:00'-'01:00' ('Early morning (1 hour)') > should verify calendar DOM renders correct time range
[DEBUG] Calendar Loaded
  Date Range: 2025-12-21
  Business Hours: 
  Time Range (America/Buenos_Aires | Asia/Hong_Kong): 00:00 | 11:00 (+1) - 01:00 | 12:00 (+1)
  Rendered Time Range (from FullCalendar DOM): "00:00 | 11:00" - "00:30 | 11:30"

stdout | src/lib/test-utils/timezone-workflow.test.tsx > Timezone-Aware Calendar Tests > DOM Rendering Tests (All UTC Offsets) > UTC Offset: -3 ('Buenos Aires') > Time range: '00:00'-'01:00' ('Early morning (1 hour)') > should verify calendar DOM renders correct time range
✓ Range verification passed: Buenos Aires with Early morning (1 hour)

stdout | src/lib/test-utils/timezone-workflow.test.tsx > Timezone-Aware Calendar Tests > DOM Rendering Tests (All UTC Offsets) > UTC Offset: -3 ('Buenos Aires') > Time range: '00:00'-'23:00' ('Full day') > should verify calendar DOM renders correct time range
#26 Buenos Aires - Full day - should verify calendar DOM renders correct time range
[DEBUG] Day Opened
  Date: 2025-12-22
  Timezones:
    Browser: Asia/Tokyo
    Calendar: Asia/Hong_Kong
    User Selected: America/Buenos_Aires
    UTC: UTC
  Current Time (all timezones):
    Browser: 21/12/25 12:38 (Asia/Tokyo)
    Calendar: 21/12/25 11:38 (Asia/Hong_Kong)
    User: 21/12/25 00:38 (America/Buenos_Aires)
    UTC: 2025-12-21 03:38Z

stdout | src/lib/test-utils/timezone-workflow.test.tsx > Timezone-Aware Calendar Tests > DOM Rendering Tests (All UTC Offsets) > UTC Offset: -3 ('Buenos Aires') > Time range: '00:00'-'23:00' ('Full day') > should verify calendar DOM renders correct time range
[DEBUG] Calendar Loaded
  Date Range: 2025-12-21
  Business Hours: 
  Time Range (America/Buenos_Aires | Asia/Hong_Kong): 00:00 | 11:00 (+1) - 23:00 | 10:00 (+1)
  Rendered Time Range (from FullCalendar DOM): "00:00 | 11:00" - "22:30 | 09:30"

stdout | src/lib/test-utils/timezone-workflow.test.tsx > Timezone-Aware Calendar Tests > DOM Rendering Tests (All UTC Offsets) > UTC Offset: -3 ('Buenos Aires') > Time range: '00:00'-'23:00' ('Full day') > should verify calendar DOM renders correct time range
[DEBUG] Calendar Loaded
  Date Range: 2025-12-21
  Business Hours: 
  Time Range (America/Buenos_Aires | Asia/Hong_Kong): 00:00 | 11:00 (+1) - 23:00 | 10:00 (+1)
  Rendered Time Range (from FullCalendar DOM): "00:00 | 11:00" - "22:30 | 09:30"

stdout | src/lib/test-utils/timezone-workflow.test.tsx > Timezone-Aware Calendar Tests > DOM Rendering Tests (All UTC Offsets) > UTC Offset: -3 ('Buenos Aires') > Time range: '00:00'-'23:00' ('Full day') > should verify calendar DOM renders correct time range
✓ Range verification passed: Buenos Aires with Full day

stdout | src/lib/test-utils/timezone-workflow.test.tsx > Timezone-Aware Calendar Tests > DOM Rendering Tests (All UTC Offsets) > UTC Offset: -3 ('Buenos Aires') > Time range: '11:00'-'18:00' ('Business hours') > should verify calendar DOM renders correct time range
#27 Buenos Aires - Business hours - should verify calendar DOM renders correct time range
[DEBUG] Day Opened
  Date: 2025-12-22
  Timezones:
    Browser: Asia/Tokyo
    Calendar: Asia/Hong_Kong
    User Selected: America/Buenos_Aires
    UTC: UTC
  Current Time (all timezones):
    Browser: 21/12/25 12:38 (Asia/Tokyo)
    Calendar: 21/12/25 11:38 (Asia/Hong_Kong)
    User: 21/12/25 00:38 (America/Buenos_Aires)
    UTC: 2025-12-21 03:38Z

stdout | src/lib/test-utils/timezone-workflow.test.tsx > Timezone-Aware Calendar Tests > DOM Rendering Tests (All UTC Offsets) > UTC Offset: -3 ('Buenos Aires') > Time range: '11:00'-'18:00' ('Business hours') > should verify calendar DOM renders correct time range
[DEBUG] Day Opened
  Date: 2025-12-22
  Timezones:
    Browser: Asia/Tokyo
    Calendar: Asia/Hong_Kong
    User Selected: America/Buenos_Aires
    UTC: UTC
  Current Time (all timezones):
    Browser: 21/12/25 12:38 (Asia/Tokyo)
    Calendar: 21/12/25 11:38 (Asia/Hong_Kong)
    User: 21/12/25 00:38 (America/Buenos_Aires)
    UTC: 2025-12-21 03:38Z

stdout | src/lib/test-utils/timezone-workflow.test.tsx > Timezone-Aware Calendar Tests > DOM Rendering Tests (All UTC Offsets) > UTC Offset: -3 ('Buenos Aires') > Time range: '11:00'-'18:00' ('Business hours') > should verify calendar DOM renders correct time range
[DEBUG] Calendar Loaded
  Date Range: 2025-12-22
  Business Hours: 
  Time Range (America/Buenos_Aires | Asia/Hong_Kong): 11:00 | 22:00 - 18:00 | 05:00
  Rendered Time Range (from FullCalendar DOM): "11:00 | 22:00 (+1)" - "17:30 | 04:30"

stdout | src/lib/test-utils/timezone-workflow.test.tsx > Timezone-Aware Calendar Tests > DOM Rendering Tests (All UTC Offsets) > UTC Offset: -3 ('Buenos Aires') > Time range: '11:00'-'18:00' ('Business hours') > should verify calendar DOM renders correct time range
✓ Range verification passed: Buenos Aires with Business hours

stdout | src/lib/test-utils/timezone-workflow.test.tsx > Timezone-Aware Calendar Tests > DOM Rendering Tests (All UTC Offsets) > UTC Offset: -3 ('São Paulo') > Time range: '00:00'-'01:00' ('Early morning (1 hour)') > should verify calendar DOM renders correct time range
#28 São Paulo - Early morning (1 hour) - should verify calendar DOM renders correct time range
[DEBUG] Day Opened
  Date: 2025-12-22
  Timezones:
    Browser: Asia/Tokyo
    Calendar: Asia/Hong_Kong
    User Selected: America/Sao_Paulo
    UTC: UTC
  Current Time (all timezones):
    Browser: 21/12/25 12:38 (Asia/Tokyo)
    Calendar: 21/12/25 11:38 (Asia/Hong_Kong)
    User: 21/12/25 00:38 (America/Sao_Paulo)
    UTC: 2025-12-21 03:38Z

stdout | src/lib/test-utils/timezone-workflow.test.tsx > Timezone-Aware Calendar Tests > DOM Rendering Tests (All UTC Offsets) > UTC Offset: -3 ('São Paulo') > Time range: '00:00'-'01:00' ('Early morning (1 hour)') > should verify calendar DOM renders correct time range
[DEBUG] Calendar Loaded
  Date Range: 2025-12-21
  Business Hours: 
  Time Range (America/Sao_Paulo | Asia/Hong_Kong): 00:00 | 11:00 (+1) - 01:00 | 12:00 (+1)
  Rendered Time Range (from FullCalendar DOM): "00:00 | 11:00" - "00:30 | 11:30"

stdout | src/lib/test-utils/timezone-workflow.test.tsx > Timezone-Aware Calendar Tests > DOM Rendering Tests (All UTC Offsets) > UTC Offset: -3 ('São Paulo') > Time range: '00:00'-'01:00' ('Early morning (1 hour)') > should verify calendar DOM renders correct time range
✓ Range verification passed: São Paulo with Early morning (1 hour)

stdout | src/lib/test-utils/timezone-workflow.test.tsx > Timezone-Aware Calendar Tests > DOM Rendering Tests (All UTC Offsets) > UTC Offset: -3 ('São Paulo') > Time range: '00:00'-'23:00' ('Full day') > should verify calendar DOM renders correct time range
#29 São Paulo - Full day - should verify calendar DOM renders correct time range
[DEBUG] Day Opened
  Date: 2025-12-22
  Timezones:
    Browser: Asia/Tokyo
    Calendar: Asia/Hong_Kong
    User Selected: America/Sao_Paulo
    UTC: UTC
  Current Time (all timezones):
    Browser: 21/12/25 12:38 (Asia/Tokyo)
    Calendar: 21/12/25 11:38 (Asia/Hong_Kong)
    User: 21/12/25 00:38 (America/Sao_Paulo)
    UTC: 2025-12-21 03:38Z

stdout | src/lib/test-utils/timezone-workflow.test.tsx > Timezone-Aware Calendar Tests > DOM Rendering Tests (All UTC Offsets) > UTC Offset: -3 ('São Paulo') > Time range: '00:00'-'23:00' ('Full day') > should verify calendar DOM renders correct time range
[DEBUG] Day Opened
  Date: 2025-12-22
  Timezones:
    Browser: Asia/Tokyo
    Calendar: Asia/Hong_Kong
    User Selected: America/Sao_Paulo
    UTC: UTC
  Current Time (all timezones):
    Browser: 21/12/25 12:38 (Asia/Tokyo)
    Calendar: 21/12/25 11:38 (Asia/Hong_Kong)
    User: 21/12/25 00:38 (America/Sao_Paulo)
    UTC: 2025-12-21 03:38Z

stdout | src/lib/test-utils/timezone-workflow.test.tsx > Timezone-Aware Calendar Tests > DOM Rendering Tests (All UTC Offsets) > UTC Offset: -3 ('São Paulo') > Time range: '00:00'-'23:00' ('Full day') > should verify calendar DOM renders correct time range
[DEBUG] Calendar Loaded
  Date Range: 2025-12-21
  Business Hours: 
  Time Range (America/Sao_Paulo | Asia/Hong_Kong): 00:00 | 11:00 (+1) - 23:00 | 10:00 (+1)
  Rendered Time Range (from FullCalendar DOM): "00:00 | 11:00" - "22:30 | 09:30"

stdout | src/lib/test-utils/timezone-workflow.test.tsx > Timezone-Aware Calendar Tests > DOM Rendering Tests (All UTC Offsets) > UTC Offset: -3 ('São Paulo') > Time range: '00:00'-'23:00' ('Full day') > should verify calendar DOM renders correct time range
[DEBUG] Calendar Loaded
  Date Range: 2025-12-21
  Business Hours: 
  Time Range (America/Sao_Paulo | Asia/Hong_Kong): 00:00 | 11:00 (+1) - 23:00 | 10:00 (+1)
  Rendered Time Range (from FullCalendar DOM): "00:00 | 11:00" - "22:30 | 09:30"

stdout | src/lib/test-utils/timezone-workflow.test.tsx > Timezone-Aware Calendar Tests > DOM Rendering Tests (All UTC Offsets) > UTC Offset: -3 ('São Paulo') > Time range: '00:00'-'23:00' ('Full day') > should verify calendar DOM renders correct time range
✓ Range verification passed: São Paulo with Full day

stdout | src/lib/test-utils/timezone-workflow.test.tsx > Timezone-Aware Calendar Tests > DOM Rendering Tests (All UTC Offsets) > UTC Offset: -3 ('São Paulo') > Time range: '11:00'-'18:00' ('Business hours') > should verify calendar DOM renders correct time range
#30 São Paulo - Business hours - should verify calendar DOM renders correct time range
[DEBUG] Day Opened
  Date: 2025-12-22
  Timezones:
    Browser: Asia/Tokyo
    Calendar: Asia/Hong_Kong
    User Selected: America/Sao_Paulo
    UTC: UTC
  Current Time (all timezones):
    Browser: 21/12/25 12:38 (Asia/Tokyo)
    Calendar: 21/12/25 11:38 (Asia/Hong_Kong)
    User: 21/12/25 00:38 (America/Sao_Paulo)
    UTC: 2025-12-21 03:38Z

stdout | src/lib/test-utils/timezone-workflow.test.tsx > Timezone-Aware Calendar Tests > DOM Rendering Tests (All UTC Offsets) > UTC Offset: -3 ('São Paulo') > Time range: '11:00'-'18:00' ('Business hours') > should verify calendar DOM renders correct time range
[DEBUG] Day Opened
  Date: 2025-12-22
  Timezones:
    Browser: Asia/Tokyo
    Calendar: Asia/Hong_Kong
    User Selected: America/Sao_Paulo
    UTC: UTC
  Current Time (all timezones):
    Browser: 21/12/25 12:38 (Asia/Tokyo)
    Calendar: 21/12/25 11:38 (Asia/Hong_Kong)
    User: 21/12/25 00:38 (America/Sao_Paulo)
    UTC: 2025-12-21 03:38Z

stdout | src/lib/test-utils/timezone-workflow.test.tsx > Timezone-Aware Calendar Tests > DOM Rendering Tests (All UTC Offsets) > UTC Offset: -3 ('São Paulo') > Time range: '11:00'-'18:00' ('Business hours') > should verify calendar DOM renders correct time range
[DEBUG] Calendar Loaded
  Date Range: 2025-12-22
  Business Hours: 
  Time Range (America/Sao_Paulo | Asia/Hong_Kong): 11:00 | 22:00 - 18:00 | 05:00
  Rendered Time Range (from FullCalendar DOM): "11:00 | 22:00 (+1)" - "17:30 | 04:30"

stdout | src/lib/test-utils/timezone-workflow.test.tsx > Timezone-Aware Calendar Tests > DOM Rendering Tests (All UTC Offsets) > UTC Offset: -3 ('São Paulo') > Time range: '11:00'-'18:00' ('Business hours') > should verify calendar DOM renders correct time range
✓ Range verification passed: São Paulo with Business hours

stdout | src/lib/test-utils/timezone-workflow.test.tsx > Timezone-Aware Calendar Tests > DOM Rendering Tests (All UTC Offsets) > UTC Offset: -1 ('Cape Verde') > Time range: '00:00'-'01:00' ('Early morning (1 hour)') > should verify calendar DOM renders correct time range
#31 Cape Verde - Early morning (1 hour) - should verify calendar DOM renders correct time range
[DEBUG] Day Opened
  Date: 2025-12-22
  Timezones:
    Browser: Asia/Tokyo
    Calendar: Asia/Hong_Kong
    User Selected: Atlantic/Cape_Verde
    UTC: UTC
  Current Time (all timezones):
    Browser: 21/12/25 12:38 (Asia/Tokyo)
    Calendar: 21/12/25 11:38 (Asia/Hong_Kong)
    User: 21/12/25 02:38 (Atlantic/Cape_Verde)
    UTC: 2025-12-21 03:38Z

stdout | src/lib/test-utils/timezone-workflow.test.tsx > Timezone-Aware Calendar Tests > DOM Rendering Tests (All UTC Offsets) > UTC Offset: -1 ('Cape Verde') > Time range: '00:00'-'01:00' ('Early morning (1 hour)') > should verify calendar DOM renders correct time range
[DEBUG] Day Opened
  Date: 2025-12-22
  Timezones:
    Browser: Asia/Tokyo
    Calendar: Asia/Hong_Kong
    User Selected: Atlantic/Cape_Verde
    UTC: UTC
  Current Time (all timezones):
    Browser: 21/12/25 12:38 (Asia/Tokyo)
    Calendar: 21/12/25 11:38 (Asia/Hong_Kong)
    User: 21/12/25 02:38 (Atlantic/Cape_Verde)
    UTC: 2025-12-21 03:38Z

stdout | src/lib/test-utils/timezone-workflow.test.tsx > Timezone-Aware Calendar Tests > DOM Rendering Tests (All UTC Offsets) > UTC Offset: -1 ('Cape Verde') > Time range: '00:00'-'01:00' ('Early morning (1 hour)') > should verify calendar DOM renders correct time range
[DEBUG] Calendar Loaded
  Date Range: 2025-12-21
  Business Hours: 
  Time Range (Atlantic/Cape_Verde | Asia/Hong_Kong): 00:00 | 09:00 (+1) - 01:00 | 10:00 (+1)
  Rendered Time Range (from FullCalendar DOM): "23:00 | 09:00" - "23:30 | 09:30"

stdout | src/lib/test-utils/timezone-workflow.test.tsx > Timezone-Aware Calendar Tests > DOM Rendering Tests (All UTC Offsets) > UTC Offset: -1 ('Cape Verde') > Time range: '00:00'-'23:00' ('Full day') > should verify calendar DOM renders correct time range
#32 Cape Verde - Full day - should verify calendar DOM renders correct time range
[DEBUG] Day Opened
  Date: 2025-12-22
  Timezones:
    Browser: Asia/Tokyo
    Calendar: Asia/Hong_Kong
    User Selected: Atlantic/Cape_Verde
    UTC: UTC
  Current Time (all timezones):
    Browser: 21/12/25 12:38 (Asia/Tokyo)
    Calendar: 21/12/25 11:38 (Asia/Hong_Kong)
    User: 21/12/25 02:38 (Atlantic/Cape_Verde)
    UTC: 2025-12-21 03:38Z

stdout | src/lib/test-utils/timezone-workflow.test.tsx > Timezone-Aware Calendar Tests > DOM Rendering Tests (All UTC Offsets) > UTC Offset: -1 ('Cape Verde') > Time range: '00:00'-'23:00' ('Full day') > should verify calendar DOM renders correct time range
[DEBUG] Day Opened
  Date: 2025-12-22
  Timezones:
    Browser: Asia/Tokyo
    Calendar: Asia/Hong_Kong
    User Selected: Atlantic/Cape_Verde
    UTC: UTC
  Current Time (all timezones):
    Browser: 21/12/25 12:38 (Asia/Tokyo)
    Calendar: 21/12/25 11:38 (Asia/Hong_Kong)
    User: 21/12/25 02:38 (Atlantic/Cape_Verde)
    UTC: 2025-12-21 03:38Z

stdout | src/lib/test-utils/timezone-workflow.test.tsx > Timezone-Aware Calendar Tests > DOM Rendering Tests (All UTC Offsets) > UTC Offset: -1 ('Cape Verde') > Time range: '00:00'-'23:00' ('Full day') > should verify calendar DOM renders correct time range
[DEBUG] Calendar Loaded
  Date Range: 2025-12-21
  Business Hours: 
  Time Range (Atlantic/Cape_Verde | Asia/Hong_Kong): 00:00 | 09:00 (+1) - 23:00 | 08:00 (+1)
  Rendered Time Range (from FullCalendar DOM): "00:00 | 10:00" - "23:30 | 09:30"

stdout | src/lib/test-utils/timezone-workflow.test.tsx > Timezone-Aware Calendar Tests > DOM Rendering Tests (All UTC Offsets) > UTC Offset: -1 ('Cape Verde') > Time range: '00:00'-'23:00' ('Full day') > should verify calendar DOM renders correct time range
[DEBUG] Calendar Loaded
  Date Range: 2025-12-21
  Business Hours: 
  Time Range (Atlantic/Cape_Verde | Asia/Hong_Kong): 00:00 | 09:00 (+1) - 23:00 | 08:00 (+1)
  Rendered Time Range (from FullCalendar DOM): "00:00 | 10:00" - "23:30 | 09:30"

stdout | src/lib/test-utils/timezone-workflow.test.tsx > Timezone-Aware Calendar Tests > DOM Rendering Tests (All UTC Offsets) > UTC Offset: -1 ('Cape Verde') > Time range: '11:00'-'18:00' ('Business hours') > should verify calendar DOM renders correct time range
#33 Cape Verde - Business hours - should verify calendar DOM renders correct time range
[DEBUG] Day Opened
  Date: 2025-12-22
  Timezones:
    Browser: Asia/Tokyo
    Calendar: Asia/Hong_Kong
    User Selected: Atlantic/Cape_Verde
    UTC: UTC
  Current Time (all timezones):
    Browser: 21/12/25 12:38 (Asia/Tokyo)
    Calendar: 21/12/25 11:38 (Asia/Hong_Kong)
    User: 21/12/25 02:38 (Atlantic/Cape_Verde)
    UTC: 2025-12-21 03:38Z

stdout | src/lib/test-utils/timezone-workflow.test.tsx > Timezone-Aware Calendar Tests > DOM Rendering Tests (All UTC Offsets) > UTC Offset: -1 ('Cape Verde') > Time range: '11:00'-'18:00' ('Business hours') > should verify calendar DOM renders correct time range
[DEBUG] Day Opened
  Date: 2025-12-22
  Timezones:
    Browser: Asia/Tokyo
    Calendar: Asia/Hong_Kong
    User Selected: Atlantic/Cape_Verde
    UTC: UTC
  Current Time (all timezones):
    Browser: 21/12/25 12:38 (Asia/Tokyo)
    Calendar: 21/12/25 11:38 (Asia/Hong_Kong)
    User: 21/12/25 02:38 (Atlantic/Cape_Verde)
    UTC: 2025-12-21 03:38Z

stdout | src/lib/test-utils/timezone-workflow.test.tsx > Timezone-Aware Calendar Tests > DOM Rendering Tests (All UTC Offsets) > UTC Offset: -1 ('Cape Verde') > Time range: '11:00'-'18:00' ('Business hours') > should verify calendar DOM renders correct time range
[DEBUG] Calendar Loaded
  Date Range: 2025-12-22
  Business Hours: 
  Time Range (Atlantic/Cape_Verde | Asia/Hong_Kong): 11:00 | 20:00 - 18:00 | 03:00 (+1)
  Rendered Time Range (from FullCalendar DOM): "10:00 | 20:00" - "16:30 | 02:30"

stdout | src/lib/test-utils/timezone-workflow.test.tsx > Timezone-Aware Calendar Tests > DOM Rendering Tests (All UTC Offsets) > UTC Offset: +0 ('London') > Time range: '00:00'-'01:00' ('Early morning (1 hour)') > should verify calendar DOM renders correct time range
#34 London - Early morning (1 hour) - should verify calendar DOM renders correct time range
[DEBUG] Day Opened
  Date: 2025-12-22
  Timezones:
    Browser: Asia/Tokyo
    Calendar: Asia/Hong_Kong
    User Selected: Europe/London
    UTC: UTC
  Current Time (all timezones):
    Browser: 21/12/25 12:39 (Asia/Tokyo)
    Calendar: 21/12/25 11:39 (Asia/Hong_Kong)
    User: 21/12/25 03:39 (Europe/London)
    UTC: 2025-12-21 03:39Z

stdout | src/lib/test-utils/timezone-workflow.test.tsx > Timezone-Aware Calendar Tests > DOM Rendering Tests (All UTC Offsets) > UTC Offset: +0 ('London') > Time range: '00:00'-'01:00' ('Early morning (1 hour)') > should verify calendar DOM renders correct time range
[DEBUG] Calendar Loaded
  Date Range: 2025-12-21
  Business Hours: 
  Time Range (Europe/London | Asia/Hong_Kong): 00:00 | 08:00 - 01:00 | 09:00
  Rendered Time Range (from FullCalendar DOM): "01:00 | 08:00 (+1)" - "01:30 | 08:30 (+1)"

stdout | src/lib/test-utils/timezone-workflow.test.tsx > Timezone-Aware Calendar Tests > DOM Rendering Tests (All UTC Offsets) > UTC Offset: +0 ('London') > Time range: '00:00'-'23:00' ('Full day') > should verify calendar DOM renders correct time range
#35 London - Full day - should verify calendar DOM renders correct time range
[DEBUG] Day Opened
  Date: 2025-12-22
  Timezones:
    Browser: Asia/Tokyo
    Calendar: Asia/Hong_Kong
    User Selected: Europe/London
    UTC: UTC
  Current Time (all timezones):
    Browser: 21/12/25 12:39 (Asia/Tokyo)
    Calendar: 21/12/25 11:39 (Asia/Hong_Kong)
    User: 21/12/25 03:39 (Europe/London)
    UTC: 2025-12-21 03:39Z

stdout | src/lib/test-utils/timezone-workflow.test.tsx > Timezone-Aware Calendar Tests > DOM Rendering Tests (All UTC Offsets) > UTC Offset: +0 ('London') > Time range: '00:00'-'23:00' ('Full day') > should verify calendar DOM renders correct time range
[DEBUG] Calendar Loaded
  Date Range: 2025-12-21
  Business Hours: 
  Time Range (Europe/London | Asia/Hong_Kong): 00:00 | 08:00 - 23:00 | 07:00 (+1)
  Rendered Time Range (from FullCalendar DOM): "01:00 | 08:00 (+1)" - "23:30 | 06:30"

stdout | src/lib/test-utils/timezone-workflow.test.tsx > Timezone-Aware Calendar Tests > DOM Rendering Tests (All UTC Offsets) > UTC Offset: +0 ('London') > Time range: '00:00'-'23:00' ('Full day') > should verify calendar DOM renders correct time range
[DEBUG] Calendar Loaded
  Date Range: 2025-12-21
  Business Hours: 
  Time Range (Europe/London | Asia/Hong_Kong): 00:00 | 08:00 - 23:00 | 07:00 (+1)
  Rendered Time Range (from FullCalendar DOM): "01:00 | 08:00 (+1)" - "23:30 | 06:30"

stdout | src/lib/test-utils/timezone-workflow.test.tsx > Timezone-Aware Calendar Tests > DOM Rendering Tests (All UTC Offsets) > UTC Offset: +0 ('London') > Time range: '11:00'-'18:00' ('Business hours') > should verify calendar DOM renders correct time range
#36 London - Business hours - should verify calendar DOM renders correct time range
[DEBUG] Day Opened
  Date: 2025-12-22
  Timezones:
    Browser: Asia/Tokyo
    Calendar: Asia/Hong_Kong
    User Selected: Europe/London
    UTC: UTC
  Current Time (all timezones):
    Browser: 21/12/25 12:39 (Asia/Tokyo)
    Calendar: 21/12/25 11:39 (Asia/Hong_Kong)
    User: 21/12/25 03:39 (Europe/London)
    UTC: 2025-12-21 03:39Z

stdout | src/lib/test-utils/timezone-workflow.test.tsx > Timezone-Aware Calendar Tests > DOM Rendering Tests (All UTC Offsets) > UTC Offset: +0 ('London') > Time range: '11:00'-'18:00' ('Business hours') > should verify calendar DOM renders correct time range
[DEBUG] Day Opened
  Date: 2025-12-22
  Timezones:
    Browser: Asia/Tokyo
    Calendar: Asia/Hong_Kong
    User Selected: Europe/London
    UTC: UTC
  Current Time (all timezones):
    Browser: 21/12/25 12:39 (Asia/Tokyo)
    Calendar: 21/12/25 11:39 (Asia/Hong_Kong)
    User: 21/12/25 03:39 (Europe/London)
    UTC: 2025-12-21 03:39Z

stdout | src/lib/test-utils/timezone-workflow.test.tsx > Timezone-Aware Calendar Tests > DOM Rendering Tests (All UTC Offsets) > UTC Offset: +0 ('London') > Time range: '11:00'-'18:00' ('Business hours') > should verify calendar DOM renders correct time range
[DEBUG] Calendar Loaded
  Date Range: 2025-12-22
  Business Hours: 
  Time Range (Europe/London | Asia/Hong_Kong): 11:00 | 19:00 - 18:00 | 02:00 (+1)
  Rendered Time Range (from FullCalendar DOM): "12:00 | 19:00" - "18:30 | 01:30"

stdout | src/lib/test-utils/timezone-workflow.test.tsx > Timezone-Aware Calendar Tests > DOM Rendering Tests (All UTC Offsets) > UTC Offset: 1 ('Paris') > Time range: '00:00'-'01:00' ('Early morning (1 hour)') > should verify calendar DOM renders correct time range
#37 Paris - Early morning (1 hour) - should verify calendar DOM renders correct time range
[DEBUG] Day Opened
  Date: 2025-12-22
  Timezones:
    Browser: Asia/Tokyo
    Calendar: Asia/Hong_Kong
    User Selected: Europe/Paris
    UTC: UTC
  Current Time (all timezones):
    Browser: 21/12/25 12:39 (Asia/Tokyo)
    Calendar: 21/12/25 11:39 (Asia/Hong_Kong)
    User: 21/12/25 04:39 (Europe/Paris)
    UTC: 2025-12-21 03:39Z

stdout | src/lib/test-utils/timezone-workflow.test.tsx > Timezone-Aware Calendar Tests > DOM Rendering Tests (All UTC Offsets) > UTC Offset: 1 ('Paris') > Time range: '00:00'-'01:00' ('Early morning (1 hour)') > should verify calendar DOM renders correct time range
[DEBUG] Day Opened
  Date: 2025-12-22
  Timezones:
    Browser: Asia/Tokyo
    Calendar: Asia/Hong_Kong
    User Selected: Europe/Paris
    UTC: UTC
  Current Time (all timezones):
    Browser: 21/12/25 12:39 (Asia/Tokyo)
    Calendar: 21/12/25 11:39 (Asia/Hong_Kong)
    User: 21/12/25 04:39 (Europe/Paris)
    UTC: 2025-12-21 03:39Z

stdout | src/lib/test-utils/timezone-workflow.test.tsx > Timezone-Aware Calendar Tests > DOM Rendering Tests (All UTC Offsets) > UTC Offset: 1 ('Paris') > Time range: '00:00'-'01:00' ('Early morning (1 hour)') > should verify calendar DOM renders correct time range
⚠️ [DEBUG] Calendar Load FAILED - FullCalendar did not render properly
  Expected Time Range: 00:00 - 01:00
  Attempted to detect rendered slots from DOM but found none.
  Date Range: 2025-12-21
  Business Hours: 
  Time Range (Europe/Paris | Asia/Hong_Kong): 00:00 | 07:00 - 01:00 | 08:00

stdout | src/lib/test-utils/timezone-workflow.test.tsx > Timezone-Aware Calendar Tests > DOM Rendering Tests (All UTC Offsets) > UTC Offset: 1 ('Paris') > Time range: '00:00'-'23:00' ('Full day') > should verify calendar DOM renders correct time range
#38 Paris - Full day - should verify calendar DOM renders correct time range
[DEBUG] Day Opened
  Date: 2025-12-22
  Timezones:
    Browser: Asia/Tokyo
    Calendar: Asia/Hong_Kong
    User Selected: Europe/Paris
    UTC: UTC
  Current Time (all timezones):
    Browser: 21/12/25 12:39 (Asia/Tokyo)
    Calendar: 21/12/25 11:39 (Asia/Hong_Kong)
    User: 21/12/25 04:39 (Europe/Paris)
    UTC: 2025-12-21 03:39Z

stdout | src/lib/test-utils/timezone-workflow.test.tsx > Timezone-Aware Calendar Tests > DOM Rendering Tests (All UTC Offsets) > UTC Offset: 1 ('Paris') > Time range: '00:00'-'23:00' ('Full day') > should verify calendar DOM renders correct time range
[DEBUG] Day Opened
  Date: 2025-12-22
  Timezones:
    Browser: Asia/Tokyo
    Calendar: Asia/Hong_Kong
    User Selected: Europe/Paris
    UTC: UTC
  Current Time (all timezones):
    Browser: 21/12/25 12:39 (Asia/Tokyo)
    Calendar: 21/12/25 11:39 (Asia/Hong_Kong)
    User: 21/12/25 04:39 (Europe/Paris)
    UTC: 2025-12-21 03:39Z

stdout | src/lib/test-utils/timezone-workflow.test.tsx > Timezone-Aware Calendar Tests > DOM Rendering Tests (All UTC Offsets) > UTC Offset: 1 ('Paris') > Time range: '00:00'-'23:00' ('Full day') > should verify calendar DOM renders correct time range
⚠️ [DEBUG] Calendar Load FAILED - FullCalendar did not render properly
  Expected Time Range: 00:00 - 23:00
  Attempted to detect rendered slots from DOM but found none.
  Date Range: 2025-12-21
  Business Hours: 
  Time Range (Europe/Paris | Asia/Hong_Kong): 00:00 | 07:00 - 23:00 | 06:00

stdout | src/lib/test-utils/timezone-workflow.test.tsx > Timezone-Aware Calendar Tests > DOM Rendering Tests (All UTC Offsets) > UTC Offset: 1 ('Paris') > Time range: '11:00'-'18:00' ('Business hours') > should verify calendar DOM renders correct time range
#39 Paris - Business hours - should verify calendar DOM renders correct time range
[DEBUG] Day Opened
  Date: 2025-12-22
  Timezones:
    Browser: Asia/Tokyo
    Calendar: Asia/Hong_Kong
    User Selected: Europe/Paris
    UTC: UTC
  Current Time (all timezones):
    Browser: 21/12/25 12:39 (Asia/Tokyo)
    Calendar: 21/12/25 11:39 (Asia/Hong_Kong)
    User: 21/12/25 04:39 (Europe/Paris)
    UTC: 2025-12-21 03:39Z

stdout | src/lib/test-utils/timezone-workflow.test.tsx > Timezone-Aware Calendar Tests > DOM Rendering Tests (All UTC Offsets) > UTC Offset: 1 ('Paris') > Time range: '11:00'-'18:00' ('Business hours') > should verify calendar DOM renders correct time range
[DEBUG] Calendar Loaded
  Date Range: 2025-12-22
  Business Hours: 
  Time Range (Europe/Paris | Asia/Hong_Kong): 11:00 | 18:00 - 18:00 | 01:00 (+1)
  Rendered Time Range (from FullCalendar DOM): "11:00 | 18:00" - "17:30 | 00:30"

stdout | src/lib/test-utils/timezone-workflow.test.tsx > Timezone-Aware Calendar Tests > DOM Rendering Tests (All UTC Offsets) > UTC Offset: 1 ('Paris') > Time range: '11:00'-'18:00' ('Business hours') > should verify calendar DOM renders correct time range
✓ Range verification passed: Paris with Business hours

stdout | src/lib/test-utils/timezone-workflow.test.tsx > Timezone-Aware Calendar Tests > DOM Rendering Tests (All UTC Offsets) > UTC Offset: 2 ('Cairo') > Time range: '00:00'-'01:00' ('Early morning (1 hour)') > should verify calendar DOM renders correct time range
#40 Cairo - Early morning (1 hour) - should verify calendar DOM renders correct time range
[DEBUG] Day Opened
  Date: 2025-12-22
  Timezones:
    Browser: Asia/Tokyo
    Calendar: Asia/Hong_Kong
    User Selected: Africa/Cairo
    UTC: UTC
  Current Time (all timezones):
    Browser: 21/12/25 12:39 (Asia/Tokyo)
    Calendar: 21/12/25 11:39 (Asia/Hong_Kong)
    User: 21/12/25 05:39 (Africa/Cairo)
    UTC: 2025-12-21 03:39Z

stdout | src/lib/test-utils/timezone-workflow.test.tsx > Timezone-Aware Calendar Tests > DOM Rendering Tests (All UTC Offsets) > UTC Offset: 2 ('Cairo') > Time range: '00:00'-'01:00' ('Early morning (1 hour)') > should verify calendar DOM renders correct time range
[DEBUG] Calendar Loaded
  Date Range: 2025-12-21
  Business Hours: 
  Time Range (Africa/Cairo | Asia/Hong_Kong): 00:00 | 06:00 - 01:00 | 07:00
  Rendered Time Range (from FullCalendar DOM): "00:00 | 06:00" - "00:30 | 06:30"

stdout | src/lib/test-utils/timezone-workflow.test.tsx > Timezone-Aware Calendar Tests > DOM Rendering Tests (All UTC Offsets) > UTC Offset: 2 ('Cairo') > Time range: '00:00'-'01:00' ('Early morning (1 hour)') > should verify calendar DOM renders correct time range
✓ Range verification passed: Cairo with Early morning (1 hour)

stdout | src/lib/test-utils/timezone-workflow.test.tsx > Timezone-Aware Calendar Tests > DOM Rendering Tests (All UTC Offsets) > UTC Offset: 2 ('Cairo') > Time range: '00:00'-'23:00' ('Full day') > should verify calendar DOM renders correct time range
#41 Cairo - Full day - should verify calendar DOM renders correct time range
[DEBUG] Day Opened
  Date: 2025-12-22
  Timezones:
    Browser: Asia/Tokyo
    Calendar: Asia/Hong_Kong
    User Selected: Africa/Cairo
    UTC: UTC
  Current Time (all timezones):
    Browser: 21/12/25 12:39 (Asia/Tokyo)
    Calendar: 21/12/25 11:39 (Asia/Hong_Kong)
    User: 21/12/25 05:39 (Africa/Cairo)
    UTC: 2025-12-21 03:39Z

stdout | src/lib/test-utils/timezone-workflow.test.tsx > Timezone-Aware Calendar Tests > DOM Rendering Tests (All UTC Offsets) > UTC Offset: 2 ('Cairo') > Time range: '00:00'-'23:00' ('Full day') > should verify calendar DOM renders correct time range
⚠️ [DEBUG] Calendar Load FAILED - FullCalendar did not render properly
  Expected Time Range: 00:00 - 23:00
  Attempted to detect rendered slots from DOM but found none.
  Date Range: 2025-12-21
  Business Hours: 
  Time Range (Africa/Cairo | Asia/Hong_Kong): 00:00 | 06:00 - 23:00 | 05:00

stdout | src/lib/test-utils/timezone-workflow.test.tsx > Timezone-Aware Calendar Tests > DOM Rendering Tests (All UTC Offsets) > UTC Offset: 2 ('Cairo') > Time range: '11:00'-'18:00' ('Business hours') > should verify calendar DOM renders correct time range
#42 Cairo - Business hours - should verify calendar DOM renders correct time range
[DEBUG] Day Opened
  Date: 2025-12-22
  Timezones:
    Browser: Asia/Tokyo
    Calendar: Asia/Hong_Kong
    User Selected: Africa/Cairo
    UTC: UTC
  Current Time (all timezones):
    Browser: 21/12/25 12:40 (Asia/Tokyo)
    Calendar: 21/12/25 11:40 (Asia/Hong_Kong)
    User: 21/12/25 05:40 (Africa/Cairo)
    UTC: 2025-12-21 03:40Z

stdout | src/lib/test-utils/timezone-workflow.test.tsx > Timezone-Aware Calendar Tests > DOM Rendering Tests (All UTC Offsets) > UTC Offset: 2 ('Cairo') > Time range: '11:00'-'18:00' ('Business hours') > should verify calendar DOM renders correct time range
[DEBUG] Day Opened
  Date: 2025-12-22
  Timezones:
    Browser: Asia/Tokyo
    Calendar: Asia/Hong_Kong
    User Selected: Africa/Cairo
    UTC: UTC
  Current Time (all timezones):
    Browser: 21/12/25 12:40 (Asia/Tokyo)
    Calendar: 21/12/25 11:40 (Asia/Hong_Kong)
    User: 21/12/25 05:40 (Africa/Cairo)
    UTC: 2025-12-21 03:40Z

stdout | src/lib/test-utils/timezone-workflow.test.tsx > Timezone-Aware Calendar Tests > DOM Rendering Tests (All UTC Offsets) > UTC Offset: 2 ('Cairo') > Time range: '11:00'-'18:00' ('Business hours') > should verify calendar DOM renders correct time range
[DEBUG] Calendar Loaded
  Date Range: 2025-12-22
  Business Hours: 
  Time Range (Africa/Cairo | Asia/Hong_Kong): 11:00 | 17:00 - 18:00 | 00:00 (+1)
  Rendered Time Range (from FullCalendar DOM): "11:00 | 17:00" - "17:30 | 23:30"

stdout | src/lib/test-utils/timezone-workflow.test.tsx > Timezone-Aware Calendar Tests > DOM Rendering Tests (All UTC Offsets) > UTC Offset: 2 ('Cairo') > Time range: '11:00'-'18:00' ('Business hours') > should verify calendar DOM renders correct time range
✓ Range verification passed: Cairo with Business hours

stdout | src/lib/test-utils/timezone-workflow.test.tsx > Timezone-Aware Calendar Tests > DOM Rendering Tests (All UTC Offsets) > UTC Offset: 3 ('Moscow') > Time range: '00:00'-'01:00' ('Early morning (1 hour)') > should verify calendar DOM renders correct time range
#43 Moscow - Early morning (1 hour) - should verify calendar DOM renders correct time range
[DEBUG] Day Opened
  Date: 2025-12-22
  Timezones:
    Browser: Asia/Tokyo
    Calendar: Asia/Hong_Kong
    User Selected: Europe/Moscow
    UTC: UTC
  Current Time (all timezones):
    Browser: 21/12/25 12:40 (Asia/Tokyo)
    Calendar: 21/12/25 11:40 (Asia/Hong_Kong)
    User: 21/12/25 06:40 (Europe/Moscow)
    UTC: 2025-12-21 03:40Z

stdout | src/lib/test-utils/timezone-workflow.test.tsx > Timezone-Aware Calendar Tests > DOM Rendering Tests (All UTC Offsets) > UTC Offset: 3 ('Moscow') > Time range: '00:00'-'01:00' ('Early morning (1 hour)') > should verify calendar DOM renders correct time range
[DEBUG] Day Opened
  Date: 2025-12-22
  Timezones:
    Browser: Asia/Tokyo
    Calendar: Asia/Hong_Kong
    User Selected: Europe/Moscow
    UTC: UTC
  Current Time (all timezones):
    Browser: 21/12/25 12:40 (Asia/Tokyo)
    Calendar: 21/12/25 11:40 (Asia/Hong_Kong)
    User: 21/12/25 06:40 (Europe/Moscow)
    UTC: 2025-12-21 03:40Z

stdout | src/lib/test-utils/timezone-workflow.test.tsx > Timezone-Aware Calendar Tests > DOM Rendering Tests (All UTC Offsets) > UTC Offset: 3 ('Moscow') > Time range: '00:00'-'01:00' ('Early morning (1 hour)') > should verify calendar DOM renders correct time range
[DEBUG] Calendar Loaded
  Date Range: 2025-12-21
  Business Hours: 
  Time Range (Europe/Moscow | Asia/Hong_Kong): 00:00 | 05:00 - 01:00 | 06:00
  Rendered Time Range (from FullCalendar DOM): "00:00 | 05:00" - "00:30 | 05:30"

stdout | src/lib/test-utils/timezone-workflow.test.tsx > Timezone-Aware Calendar Tests > DOM Rendering Tests (All UTC Offsets) > UTC Offset: 3 ('Moscow') > Time range: '00:00'-'01:00' ('Early morning (1 hour)') > should verify calendar DOM renders correct time range
✓ Range verification passed: Moscow with Early morning (1 hour)

stdout | src/lib/test-utils/timezone-workflow.test.tsx > Timezone-Aware Calendar Tests > DOM Rendering Tests (All UTC Offsets) > UTC Offset: 3 ('Moscow') > Time range: '00:00'-'23:00' ('Full day') > should verify calendar DOM renders correct time range
#44 Moscow - Full day - should verify calendar DOM renders correct time range
[DEBUG] Day Opened
  Date: 2025-12-22
  Timezones:
    Browser: Asia/Tokyo
    Calendar: Asia/Hong_Kong
    User Selected: Europe/Moscow
    UTC: UTC
  Current Time (all timezones):
    Browser: 21/12/25 12:40 (Asia/Tokyo)
    Calendar: 21/12/25 11:40 (Asia/Hong_Kong)
    User: 21/12/25 06:40 (Europe/Moscow)
    UTC: 2025-12-21 03:40Z

stdout | src/lib/test-utils/timezone-workflow.test.tsx > Timezone-Aware Calendar Tests > DOM Rendering Tests (All UTC Offsets) > UTC Offset: 3 ('Moscow') > Time range: '00:00'-'23:00' ('Full day') > should verify calendar DOM renders correct time range
[DEBUG] Day Opened
  Date: 2025-12-22
  Timezones:
    Browser: Asia/Tokyo
    Calendar: Asia/Hong_Kong
    User Selected: Europe/Moscow
    UTC: UTC
  Current Time (all timezones):
    Browser: 21/12/25 12:40 (Asia/Tokyo)
    Calendar: 21/12/25 11:40 (Asia/Hong_Kong)
    User: 21/12/25 06:40 (Europe/Moscow)
    UTC: 2025-12-21 03:40Z

stdout | src/lib/test-utils/timezone-workflow.test.tsx > Timezone-Aware Calendar Tests > DOM Rendering Tests (All UTC Offsets) > UTC Offset: 3 ('Moscow') > Time range: '00:00'-'23:00' ('Full day') > should verify calendar DOM renders correct time range
⚠️ [DEBUG] Calendar Load FAILED - FullCalendar did not render properly
  Expected Time Range: 00:00 - 23:00
  Attempted to detect rendered slots from DOM but found none.
  Date Range: 2025-12-21
  Business Hours: 
  Time Range (Europe/Moscow | Asia/Hong_Kong): 00:00 | 05:00 - 23:00 | 04:00

stdout | src/lib/test-utils/timezone-workflow.test.tsx > Timezone-Aware Calendar Tests > DOM Rendering Tests (All UTC Offsets) > UTC Offset: 3 ('Moscow') > Time range: '11:00'-'18:00' ('Business hours') > should verify calendar DOM renders correct time range
#45 Moscow - Business hours - should verify calendar DOM renders correct time range
[DEBUG] Day Opened
  Date: 2025-12-22
  Timezones:
    Browser: Asia/Tokyo
    Calendar: Asia/Hong_Kong
    User Selected: Europe/Moscow
    UTC: UTC
  Current Time (all timezones):
    Browser: 21/12/25 12:40 (Asia/Tokyo)
    Calendar: 21/12/25 11:40 (Asia/Hong_Kong)
    User: 21/12/25 06:40 (Europe/Moscow)
    UTC: 2025-12-21 03:40Z

stdout | src/lib/test-utils/timezone-workflow.test.tsx > Timezone-Aware Calendar Tests > DOM Rendering Tests (All UTC Offsets) > UTC Offset: 3 ('Moscow') > Time range: '11:00'-'18:00' ('Business hours') > should verify calendar DOM renders correct time range
[DEBUG] Day Opened
  Date: 2025-12-22
  Timezones:
    Browser: Asia/Tokyo
    Calendar: Asia/Hong_Kong
    User Selected: Europe/Moscow
    UTC: UTC
  Current Time (all timezones):
    Browser: 21/12/25 12:41 (Asia/Tokyo)
    Calendar: 21/12/25 11:41 (Asia/Hong_Kong)
    User: 21/12/25 06:41 (Europe/Moscow)
    UTC: 2025-12-21 03:41Z

stdout | src/lib/test-utils/timezone-workflow.test.tsx > Timezone-Aware Calendar Tests > DOM Rendering Tests (All UTC Offsets) > UTC Offset: 3 ('Moscow') > Time range: '11:00'-'18:00' ('Business hours') > should verify calendar DOM renders correct time range
[DEBUG] Calendar Loaded
  Date Range: 2025-12-22
  Business Hours: 
  Time Range (Europe/Moscow | Asia/Hong_Kong): 11:00 | 16:00 - 18:00 | 23:00
  Rendered Time Range (from FullCalendar DOM): "11:00 | 16:00" - "17:30 | 22:30"

stdout | src/lib/test-utils/timezone-workflow.test.tsx > Timezone-Aware Calendar Tests > DOM Rendering Tests (All UTC Offsets) > UTC Offset: 3 ('Moscow') > Time range: '11:00'-'18:00' ('Business hours') > should verify calendar DOM renders correct time range
✓ Range verification passed: Moscow with Business hours

stdout | src/lib/test-utils/timezone-workflow.test.tsx > Timezone-Aware Calendar Tests > DOM Rendering Tests (All UTC Offsets) > UTC Offset: 4 ('Dubai') > Time range: '00:00'-'01:00' ('Early morning (1 hour)') > should verify calendar DOM renders correct time range
#46 Dubai - Early morning (1 hour) - should verify calendar DOM renders correct time range
[DEBUG] Day Opened
  Date: 2025-12-22
  Timezones:
    Browser: Asia/Tokyo
    Calendar: Asia/Hong_Kong
    User Selected: Asia/Dubai
    UTC: UTC
  Current Time (all timezones):
    Browser: 21/12/25 12:41 (Asia/Tokyo)
    Calendar: 21/12/25 11:41 (Asia/Hong_Kong)
    User: 21/12/25 07:41 (Asia/Dubai)
    UTC: 2025-12-21 03:41Z

stdout | src/lib/test-utils/timezone-workflow.test.tsx > Timezone-Aware Calendar Tests > DOM Rendering Tests (All UTC Offsets) > UTC Offset: 4 ('Dubai') > Time range: '00:00'-'01:00' ('Early morning (1 hour)') > should verify calendar DOM renders correct time range
[DEBUG] Calendar Loaded
  Date Range: 2025-12-21
  Business Hours: 
  Time Range (Asia/Dubai | Asia/Hong_Kong): 00:00 | 04:00 - 01:00 | 05:00
  Rendered Time Range (from FullCalendar DOM): "00:00 | 04:00" - "00:30 | 04:30"

stdout | src/lib/test-utils/timezone-workflow.test.tsx > Timezone-Aware Calendar Tests > DOM Rendering Tests (All UTC Offsets) > UTC Offset: 4 ('Dubai') > Time range: '00:00'-'01:00' ('Early morning (1 hour)') > should verify calendar DOM renders correct time range
✓ Range verification passed: Dubai with Early morning (1 hour)

stdout | src/lib/test-utils/timezone-workflow.test.tsx > Timezone-Aware Calendar Tests > DOM Rendering Tests (All UTC Offsets) > UTC Offset: 4 ('Dubai') > Time range: '00:00'-'23:00' ('Full day') > should verify calendar DOM renders correct time range
#47 Dubai - Full day - should verify calendar DOM renders correct time range
[DEBUG] Day Opened
  Date: 2025-12-22
  Timezones:
    Browser: Asia/Tokyo
    Calendar: Asia/Hong_Kong
    User Selected: Asia/Dubai
    UTC: UTC
  Current Time (all timezones):
    Browser: 21/12/25 12:41 (Asia/Tokyo)
    Calendar: 21/12/25 11:41 (Asia/Hong_Kong)
    User: 21/12/25 07:41 (Asia/Dubai)
    UTC: 2025-12-21 03:41Z

stdout | src/lib/test-utils/timezone-workflow.test.tsx > Timezone-Aware Calendar Tests > DOM Rendering Tests (All UTC Offsets) > UTC Offset: 4 ('Dubai') > Time range: '00:00'-'23:00' ('Full day') > should verify calendar DOM renders correct time range
[DEBUG] Day Opened
  Date: 2025-12-22
  Timezones:
    Browser: Asia/Tokyo
    Calendar: Asia/Hong_Kong
    User Selected: Asia/Dubai
    UTC: UTC
  Current Time (all timezones):
    Browser: 21/12/25 12:41 (Asia/Tokyo)
    Calendar: 21/12/25 11:41 (Asia/Hong_Kong)
    User: 21/12/25 07:41 (Asia/Dubai)
    UTC: 2025-12-21 03:41Z

stdout | src/lib/test-utils/timezone-workflow.test.tsx > Timezone-Aware Calendar Tests > DOM Rendering Tests (All UTC Offsets) > UTC Offset: 4 ('Dubai') > Time range: '00:00'-'23:00' ('Full day') > should verify calendar DOM renders correct time range
⚠️ [DEBUG] Calendar Load FAILED - FullCalendar did not render properly
  Expected Time Range: 00:00 - 23:00
  Attempted to detect rendered slots from DOM but found none.
  Date Range: 2025-12-21
  Business Hours: 
  Time Range (Asia/Dubai | Asia/Hong_Kong): 00:00 | 04:00 - 23:00 | 03:00

stdout | src/lib/test-utils/timezone-workflow.test.tsx > Timezone-Aware Calendar Tests > DOM Rendering Tests (All UTC Offsets) > UTC Offset: 4 ('Dubai') > Time range: '11:00'-'18:00' ('Business hours') > should verify calendar DOM renders correct time range
#48 Dubai - Business hours - should verify calendar DOM renders correct time range
[DEBUG] Day Opened
  Date: 2025-12-22
  Timezones:
    Browser: Asia/Tokyo
    Calendar: Asia/Hong_Kong
    User Selected: Asia/Dubai
    UTC: UTC
  Current Time (all timezones):
    Browser: 21/12/25 12:41 (Asia/Tokyo)
    Calendar: 21/12/25 11:41 (Asia/Hong_Kong)
    User: 21/12/25 07:41 (Asia/Dubai)
    UTC: 2025-12-21 03:41Z

stdout | src/lib/test-utils/timezone-workflow.test.tsx > Timezone-Aware Calendar Tests > DOM Rendering Tests (All UTC Offsets) > UTC Offset: 4 ('Dubai') > Time range: '11:00'-'18:00' ('Business hours') > should verify calendar DOM renders correct time range
[DEBUG] Day Opened
  Date: 2025-12-22
  Timezones:
    Browser: Asia/Tokyo
    Calendar: Asia/Hong_Kong
    User Selected: Asia/Dubai
    UTC: UTC
  Current Time (all timezones):
    Browser: 21/12/25 12:41 (Asia/Tokyo)
    Calendar: 21/12/25 11:41 (Asia/Hong_Kong)
    User: 21/12/25 07:41 (Asia/Dubai)
    UTC: 2025-12-21 03:41Z

stdout | src/lib/test-utils/timezone-workflow.test.tsx > Timezone-Aware Calendar Tests > DOM Rendering Tests (All UTC Offsets) > UTC Offset: 4 ('Dubai') > Time range: '11:00'-'18:00' ('Business hours') > should verify calendar DOM renders correct time range
[DEBUG] Calendar Loaded
  Date Range: 2025-12-22
  Business Hours: 
  Time Range (Asia/Dubai | Asia/Hong_Kong): 11:00 | 15:00 - 18:00 | 22:00
  Rendered Time Range (from FullCalendar DOM): "11:00 | 15:00" - "17:30 | 21:30"

stdout | src/lib/test-utils/timezone-workflow.test.tsx > Timezone-Aware Calendar Tests > DOM Rendering Tests (All UTC Offsets) > UTC Offset: 4 ('Dubai') > Time range: '11:00'-'18:00' ('Business hours') > should verify calendar DOM renders correct time range
✓ Range verification passed: Dubai with Business hours

stdout | src/lib/test-utils/timezone-workflow.test.tsx > Timezone-Aware Calendar Tests > DOM Rendering Tests (All UTC Offsets) > UTC Offset: 5 ('Karachi') > Time range: '00:00'-'01:00' ('Early morning (1 hour)') > should verify calendar DOM renders correct time range
#49 Karachi - Early morning (1 hour) - should verify calendar DOM renders correct time range
[DEBUG] Day Opened
  Date: 2025-12-22
  Timezones:
    Browser: Asia/Tokyo
    Calendar: Asia/Hong_Kong
    User Selected: Asia/Karachi
    UTC: UTC
  Current Time (all timezones):
    Browser: 21/12/25 12:41 (Asia/Tokyo)
    Calendar: 21/12/25 11:41 (Asia/Hong_Kong)
    User: 21/12/25 08:41 (Asia/Karachi)
    UTC: 2025-12-21 03:41Z

stdout | src/lib/test-utils/timezone-workflow.test.tsx > Timezone-Aware Calendar Tests > DOM Rendering Tests (All UTC Offsets) > UTC Offset: 5 ('Karachi') > Time range: '00:00'-'01:00' ('Early morning (1 hour)') > should verify calendar DOM renders correct time range
[DEBUG] Day Opened
  Date: 2025-12-22
  Timezones:
    Browser: Asia/Tokyo
    Calendar: Asia/Hong_Kong
    User Selected: Asia/Karachi
    UTC: UTC
  Current Time (all timezones):
    Browser: 21/12/25 12:41 (Asia/Tokyo)
    Calendar: 21/12/25 11:41 (Asia/Hong_Kong)
    User: 21/12/25 08:41 (Asia/Karachi)
    UTC: 2025-12-21 03:41Z

stdout | src/lib/test-utils/timezone-workflow.test.tsx > Timezone-Aware Calendar Tests > DOM Rendering Tests (All UTC Offsets) > UTC Offset: 5 ('Karachi') > Time range: '00:00'-'01:00' ('Early morning (1 hour)') > should verify calendar DOM renders correct time range
[DEBUG] Calendar Loaded
  Date Range: 2025-12-21
  Business Hours: 
  Time Range (Asia/Karachi | Asia/Hong_Kong): 00:00 | 03:00 - 01:00 | 04:00
  Rendered Time Range (from FullCalendar DOM): "00:00 | 03:00" - "00:30 | 03:30"

stdout | src/lib/test-utils/timezone-workflow.test.tsx > Timezone-Aware Calendar Tests > DOM Rendering Tests (All UTC Offsets) > UTC Offset: 5 ('Karachi') > Time range: '00:00'-'01:00' ('Early morning (1 hour)') > should verify calendar DOM renders correct time range
✓ Range verification passed: Karachi with Early morning (1 hour)

stdout | src/lib/test-utils/timezone-workflow.test.tsx > Timezone-Aware Calendar Tests > DOM Rendering Tests (All UTC Offsets) > UTC Offset: 5 ('Karachi') > Time range: '00:00'-'23:00' ('Full day') > should verify calendar DOM renders correct time range
#50 Karachi - Full day - should verify calendar DOM renders correct time range
[DEBUG] Day Opened
  Date: 2025-12-22
  Timezones:
    Browser: Asia/Tokyo
    Calendar: Asia/Hong_Kong
    User Selected: Asia/Karachi
    UTC: UTC
  Current Time (all timezones):
    Browser: 21/12/25 12:41 (Asia/Tokyo)
    Calendar: 21/12/25 11:41 (Asia/Hong_Kong)
    User: 21/12/25 08:41 (Asia/Karachi)
    UTC: 2025-12-21 03:41Z

stdout | src/lib/test-utils/timezone-workflow.test.tsx > Timezone-Aware Calendar Tests > DOM Rendering Tests (All UTC Offsets) > UTC Offset: 5 ('Karachi') > Time range: '00:00'-'23:00' ('Full day') > should verify calendar DOM renders correct time range
⚠️ [DEBUG] Calendar Load FAILED - FullCalendar did not render properly
  Expected Time Range: 00:00 - 23:00
  Attempted to detect rendered slots from DOM but found none.
  Date Range: 2025-12-21
  Business Hours: 
  Time Range (Asia/Karachi | Asia/Hong_Kong): 00:00 | 03:00 - 23:00 | 02:00

stdout | src/lib/test-utils/timezone-workflow.test.tsx > Timezone-Aware Calendar Tests > DOM Rendering Tests (All UTC Offsets) > UTC Offset: 5 ('Karachi') > Time range: '11:00'-'18:00' ('Business hours') > should verify calendar DOM renders correct time range
#51 Karachi - Business hours - should verify calendar DOM renders correct time range
[DEBUG] Day Opened
  Date: 2025-12-22
  Timezones:
    Browser: Asia/Tokyo
    Calendar: Asia/Hong_Kong
    User Selected: Asia/Karachi
    UTC: UTC
  Current Time (all timezones):
    Browser: 21/12/25 12:42 (Asia/Tokyo)
    Calendar: 21/12/25 11:42 (Asia/Hong_Kong)
    User: 21/12/25 08:42 (Asia/Karachi)
    UTC: 2025-12-21 03:42Z

stdout | src/lib/test-utils/timezone-workflow.test.tsx > Timezone-Aware Calendar Tests > DOM Rendering Tests (All UTC Offsets) > UTC Offset: 5 ('Karachi') > Time range: '11:00'-'18:00' ('Business hours') > should verify calendar DOM renders correct time range
[DEBUG] Day Opened
  Date: 2025-12-22
  Timezones:
    Browser: Asia/Tokyo
    Calendar: Asia/Hong_Kong
    User Selected: Asia/Karachi
    UTC: UTC
  Current Time (all timezones):
    Browser: 21/12/25 12:42 (Asia/Tokyo)
    Calendar: 21/12/25 11:42 (Asia/Hong_Kong)
    User: 21/12/25 08:42 (Asia/Karachi)
    UTC: 2025-12-21 03:42Z

stdout | src/lib/test-utils/timezone-workflow.test.tsx > Timezone-Aware Calendar Tests > DOM Rendering Tests (All UTC Offsets) > UTC Offset: 5 ('Karachi') > Time range: '11:00'-'18:00' ('Business hours') > should verify calendar DOM renders correct time range
[DEBUG] Calendar Loaded
  Date Range: 2025-12-22
  Business Hours: 
  Time Range (Asia/Karachi | Asia/Hong_Kong): 11:00 | 14:00 (+1) - 18:00 | 21:00
  Rendered Time Range (from FullCalendar DOM): "11:00 | 14:00" - "17:30 | 20:30"

stdout | src/lib/test-utils/timezone-workflow.test.tsx > Timezone-Aware Calendar Tests > DOM Rendering Tests (All UTC Offsets) > UTC Offset: 5 ('Karachi') > Time range: '11:00'-'18:00' ('Business hours') > should verify calendar DOM renders correct time range
✓ Range verification passed: Karachi with Business hours

stdout | src/lib/test-utils/timezone-workflow.test.tsx > Timezone-Aware Calendar Tests > DOM Rendering Tests (All UTC Offsets) > UTC Offset: 6 ('Dhaka') > Time range: '00:00'-'01:00' ('Early morning (1 hour)') > should verify calendar DOM renders correct time range
#52 Dhaka - Early morning (1 hour) - should verify calendar DOM renders correct time range
[DEBUG] Day Opened
  Date: 2025-12-22
  Timezones:
    Browser: Asia/Tokyo
    Calendar: Asia/Hong_Kong
    User Selected: Asia/Dhaka
    UTC: UTC
  Current Time (all timezones):
    Browser: 21/12/25 12:42 (Asia/Tokyo)
    Calendar: 21/12/25 11:42 (Asia/Hong_Kong)
    User: 21/12/25 09:42 (Asia/Dhaka)
    UTC: 2025-12-21 03:42Z

stdout | src/lib/test-utils/timezone-workflow.test.tsx > Timezone-Aware Calendar Tests > DOM Rendering Tests (All UTC Offsets) > UTC Offset: 6 ('Dhaka') > Time range: '00:00'-'01:00' ('Early morning (1 hour)') > should verify calendar DOM renders correct time range
[DEBUG] Day Opened
  Date: 2025-12-22
  Timezones:
    Browser: Asia/Tokyo
    Calendar: Asia/Hong_Kong
    User Selected: Asia/Dhaka
    UTC: UTC
  Current Time (all timezones):
    Browser: 21/12/25 12:42 (Asia/Tokyo)
    Calendar: 21/12/25 11:42 (Asia/Hong_Kong)
    User: 21/12/25 09:42 (Asia/Dhaka)
    UTC: 2025-12-21 03:42Z

stdout | src/lib/test-utils/timezone-workflow.test.tsx > Timezone-Aware Calendar Tests > DOM Rendering Tests (All UTC Offsets) > UTC Offset: 6 ('Dhaka') > Time range: '00:00'-'01:00' ('Early morning (1 hour)') > should verify calendar DOM renders correct time range
[DEBUG] Calendar Loaded
  Date Range: 2025-12-21
  Business Hours: 
  Time Range (Asia/Dhaka | Asia/Hong_Kong): 00:00 | 02:00 - 01:00 | 03:00
  Rendered Time Range (from FullCalendar DOM): "00:00 | 02:00" - "00:30 | 02:30"

stdout | src/lib/test-utils/timezone-workflow.test.tsx > Timezone-Aware Calendar Tests > DOM Rendering Tests (All UTC Offsets) > UTC Offset: 6 ('Dhaka') > Time range: '00:00'-'01:00' ('Early morning (1 hour)') > should verify calendar DOM renders correct time range
✓ Range verification passed: Dhaka with Early morning (1 hour)

stdout | src/lib/test-utils/timezone-workflow.test.tsx > Timezone-Aware Calendar Tests > DOM Rendering Tests (All UTC Offsets) > UTC Offset: 6 ('Dhaka') > Time range: '00:00'-'23:00' ('Full day') > should verify calendar DOM renders correct time range
#53 Dhaka - Full day - should verify calendar DOM renders correct time range
[DEBUG] Day Opened
  Date: 2025-12-22
  Timezones:
    Browser: Asia/Tokyo
    Calendar: Asia/Hong_Kong
    User Selected: Asia/Dhaka
    UTC: UTC
  Current Time (all timezones):
    Browser: 21/12/25 12:42 (Asia/Tokyo)
    Calendar: 21/12/25 11:42 (Asia/Hong_Kong)
    User: 21/12/25 09:42 (Asia/Dhaka)
    UTC: 2025-12-21 03:42Z

stdout | src/lib/test-utils/timezone-workflow.test.tsx > Timezone-Aware Calendar Tests > DOM Rendering Tests (All UTC Offsets) > UTC Offset: 6 ('Dhaka') > Time range: '00:00'-'23:00' ('Full day') > should verify calendar DOM renders correct time range
[DEBUG] Day Opened
  Date: 2025-12-22
  Timezones:
    Browser: Asia/Tokyo
    Calendar: Asia/Hong_Kong
    User Selected: Asia/Dhaka
    UTC: UTC
  Current Time (all timezones):
    Browser: 21/12/25 12:42 (Asia/Tokyo)
    Calendar: 21/12/25 11:42 (Asia/Hong_Kong)
    User: 21/12/25 09:42 (Asia/Dhaka)
    UTC: 2025-12-21 03:42Z

stdout | src/lib/test-utils/timezone-workflow.test.tsx > Timezone-Aware Calendar Tests > DOM Rendering Tests (All UTC Offsets) > UTC Offset: 6 ('Dhaka') > Time range: '00:00'-'23:00' ('Full day') > should verify calendar DOM renders correct time range
⚠️ [DEBUG] Calendar Load FAILED - FullCalendar did not render properly
  Expected Time Range: 00:00 - 23:00
  Attempted to detect rendered slots from DOM but found none.
  Date Range: 2025-12-21
  Business Hours: 
  Time Range (Asia/Dhaka | Asia/Hong_Kong): 00:00 | 02:00 - 23:00 | 01:00

stdout | src/lib/test-utils/timezone-workflow.test.tsx > Timezone-Aware Calendar Tests > DOM Rendering Tests (All UTC Offsets) > UTC Offset: 6 ('Dhaka') > Time range: '11:00'-'18:00' ('Business hours') > should verify calendar DOM renders correct time range
#54 Dhaka - Business hours - should verify calendar DOM renders correct time range
[DEBUG] Day Opened
  Date: 2025-12-22
  Timezones:
    Browser: Asia/Tokyo
    Calendar: Asia/Hong_Kong
    User Selected: Asia/Dhaka
    UTC: UTC
  Current Time (all timezones):
    Browser: 21/12/25 12:42 (Asia/Tokyo)
    Calendar: 21/12/25 11:42 (Asia/Hong_Kong)
    User: 21/12/25 09:42 (Asia/Dhaka)
    UTC: 2025-12-21 03:42Z

stdout | src/lib/test-utils/timezone-workflow.test.tsx > Timezone-Aware Calendar Tests > DOM Rendering Tests (All UTC Offsets) > UTC Offset: 6 ('Dhaka') > Time range: '11:00'-'18:00' ('Business hours') > should verify calendar DOM renders correct time range
[DEBUG] Day Opened
  Date: 2025-12-22
  Timezones:
    Browser: Asia/Tokyo
    Calendar: Asia/Hong_Kong
    User Selected: Asia/Dhaka
    UTC: UTC
  Current Time (all timezones):
    Browser: 21/12/25 12:42 (Asia/Tokyo)
    Calendar: 21/12/25 11:42 (Asia/Hong_Kong)
    User: 21/12/25 09:42 (Asia/Dhaka)
    UTC: 2025-12-21 03:42Z

stdout | src/lib/test-utils/timezone-workflow.test.tsx > Timezone-Aware Calendar Tests > DOM Rendering Tests (All UTC Offsets) > UTC Offset: 6 ('Dhaka') > Time range: '11:00'-'18:00' ('Business hours') > should verify calendar DOM renders correct time range
[DEBUG] Calendar Loaded
  Date Range: 2025-12-22
  Business Hours: 
  Time Range (Asia/Dhaka | Asia/Hong_Kong): 11:00 | 13:00 (+1) - 18:00 | 20:00
  Rendered Time Range (from FullCalendar DOM): "11:00 | 13:00" - "17:30 | 19:30"

stdout | src/lib/test-utils/timezone-workflow.test.tsx > Timezone-Aware Calendar Tests > DOM Rendering Tests (All UTC Offsets) > UTC Offset: 6 ('Dhaka') > Time range: '11:00'-'18:00' ('Business hours') > should verify calendar DOM renders correct time range
✓ Range verification passed: Dhaka with Business hours

stdout | src/lib/test-utils/timezone-workflow.test.tsx > Timezone-Aware Calendar Tests > DOM Rendering Tests (All UTC Offsets) > UTC Offset: 7 ('Bangkok') > Time range: '00:00'-'01:00' ('Early morning (1 hour)') > should verify calendar DOM renders correct time range
#55 Bangkok - Early morning (1 hour) - should verify calendar DOM renders correct time range
[DEBUG] Day Opened
  Date: 2025-12-22
  Timezones:
    Browser: Asia/Tokyo
    Calendar: Asia/Hong_Kong
    User Selected: Asia/Bangkok
    UTC: UTC
  Current Time (all timezones):
    Browser: 21/12/25 12:42 (Asia/Tokyo)
    Calendar: 21/12/25 11:42 (Asia/Hong_Kong)
    User: 21/12/25 10:42 (Asia/Bangkok)
    UTC: 2025-12-21 03:42Z

stdout | src/lib/test-utils/timezone-workflow.test.tsx > Timezone-Aware Calendar Tests > DOM Rendering Tests (All UTC Offsets) > UTC Offset: 7 ('Bangkok') > Time range: '00:00'-'01:00' ('Early morning (1 hour)') > should verify calendar DOM renders correct time range
[DEBUG] Calendar Loaded
  Date Range: 2025-12-21
  Business Hours: 
  Time Range (Asia/Bangkok | Asia/Hong_Kong): 00:00 | 01:00 - 01:00 | 02:00
  Rendered Time Range (from FullCalendar DOM): "00:00 | 01:00" - "00:30 | 01:30"

stdout | src/lib/test-utils/timezone-workflow.test.tsx > Timezone-Aware Calendar Tests > DOM Rendering Tests (All UTC Offsets) > UTC Offset: 7 ('Bangkok') > Time range: '00:00'-'01:00' ('Early morning (1 hour)') > should verify calendar DOM renders correct time range
✓ Range verification passed: Bangkok with Early morning (1 hour)

stdout | src/lib/test-utils/timezone-workflow.test.tsx > Timezone-Aware Calendar Tests > DOM Rendering Tests (All UTC Offsets) > UTC Offset: 7 ('Bangkok') > Time range: '00:00'-'23:00' ('Full day') > should verify calendar DOM renders correct time range
#56 Bangkok - Full day - should verify calendar DOM renders correct time range
[DEBUG] Day Opened
  Date: 2025-12-22
  Timezones:
    Browser: Asia/Tokyo
    Calendar: Asia/Hong_Kong
    User Selected: Asia/Bangkok
    UTC: UTC
  Current Time (all timezones):
    Browser: 21/12/25 12:42 (Asia/Tokyo)
    Calendar: 21/12/25 11:42 (Asia/Hong_Kong)
    User: 21/12/25 10:42 (Asia/Bangkok)
    UTC: 2025-12-21 03:42Z

stdout | src/lib/test-utils/timezone-workflow.test.tsx > Timezone-Aware Calendar Tests > DOM Rendering Tests (All UTC Offsets) > UTC Offset: 7 ('Bangkok') > Time range: '00:00'-'23:00' ('Full day') > should verify calendar DOM renders correct time range
⚠️ [DEBUG] Calendar Load FAILED - FullCalendar did not render properly
  Expected Time Range: 00:00 - 23:00
  Attempted to detect rendered slots from DOM but found none.
  Date Range: 2025-12-21
  Business Hours: 
  Time Range (Asia/Bangkok | Asia/Hong_Kong): 00:00 | 01:00 - 23:00 | 00:00

stdout | src/lib/test-utils/timezone-workflow.test.tsx > Timezone-Aware Calendar Tests > DOM Rendering Tests (All UTC Offsets) > UTC Offset: 7 ('Bangkok') > Time range: '11:00'-'18:00' ('Business hours') > should verify calendar DOM renders correct time range
#57 Bangkok - Business hours - should verify calendar DOM renders correct time range
[DEBUG] Day Opened
  Date: 2025-12-22
  Timezones:
    Browser: Asia/Tokyo
    Calendar: Asia/Hong_Kong
    User Selected: Asia/Bangkok
    UTC: UTC
  Current Time (all timezones):
    Browser: 21/12/25 12:43 (Asia/Tokyo)
    Calendar: 21/12/25 11:43 (Asia/Hong_Kong)
    User: 21/12/25 10:43 (Asia/Bangkok)
    UTC: 2025-12-21 03:43Z

stdout | src/lib/test-utils/timezone-workflow.test.tsx > Timezone-Aware Calendar Tests > DOM Rendering Tests (All UTC Offsets) > UTC Offset: 7 ('Bangkok') > Time range: '11:00'-'18:00' ('Business hours') > should verify calendar DOM renders correct time range
[DEBUG] Calendar Loaded
  Date Range: 2025-12-22
  Business Hours: 
  Time Range (Asia/Bangkok | Asia/Hong_Kong): 11:00 | 12:00 - 18:00 | 19:00
  Rendered Time Range (from FullCalendar DOM): "11:00 | 12:00" - "17:30 | 18:30"

stdout | src/lib/test-utils/timezone-workflow.test.tsx > Timezone-Aware Calendar Tests > DOM Rendering Tests (All UTC Offsets) > UTC Offset: 7 ('Bangkok') > Time range: '11:00'-'18:00' ('Business hours') > should verify calendar DOM renders correct time range
✓ Range verification passed: Bangkok with Business hours

stdout | src/lib/test-utils/timezone-workflow.test.tsx > Timezone-Aware Calendar Tests > DOM Rendering Tests (All UTC Offsets) > UTC Offset: 8 ('Hong Kong') > Time range: '00:00'-'01:00' ('Early morning (1 hour)') > should verify calendar DOM renders correct time range
#58 Hong Kong - Early morning (1 hour) - should verify calendar DOM renders correct time range
[DEBUG] Day Opened
  Date: 2025-12-22
  Timezones:
    Browser: Asia/Tokyo
    Calendar: Asia/Hong_Kong
    User Selected: Asia/Hong_Kong
    UTC: UTC
  Current Time (all timezones):
    Browser: 21/12/25 12:43 (Asia/Tokyo)
    Calendar: 21/12/25 11:43 (Asia/Hong_Kong)
    User: 21/12/25 11:43 (Asia/Hong_Kong)
    UTC: 2025-12-21 03:43Z

stdout | src/lib/test-utils/timezone-workflow.test.tsx > Timezone-Aware Calendar Tests > DOM Rendering Tests (All UTC Offsets) > UTC Offset: 8 ('Hong Kong') > Time range: '00:00'-'01:00' ('Early morning (1 hour)') > should verify calendar DOM renders correct time range
[DEBUG] Calendar Loaded
  Date Range: 2025-12-21
  Business Hours: 
  Time Range (Asia/Hong_Kong | Asia/Hong_Kong): 00:00 | 00:00 - 01:00 | 01:00
  Rendered Time Range (from FullCalendar DOM): "01:00" - "01:30"

stdout | src/lib/test-utils/timezone-workflow.test.tsx > Timezone-Aware Calendar Tests > DOM Rendering Tests (All UTC Offsets) > UTC Offset: 8 ('Hong Kong') > Time range: '00:00'-'23:00' ('Full day') > should verify calendar DOM renders correct time range
#59 Hong Kong - Full day - should verify calendar DOM renders correct time range
[DEBUG] Day Opened
  Date: 2025-12-22
  Timezones:
    Browser: Asia/Tokyo
    Calendar: Asia/Hong_Kong
    User Selected: Asia/Hong_Kong
    UTC: UTC
  Current Time (all timezones):
    Browser: 21/12/25 12:43 (Asia/Tokyo)
    Calendar: 21/12/25 11:43 (Asia/Hong_Kong)
    User: 21/12/25 11:43 (Asia/Hong_Kong)
    UTC: 2025-12-21 03:43Z

stdout | src/lib/test-utils/timezone-workflow.test.tsx > Timezone-Aware Calendar Tests > DOM Rendering Tests (All UTC Offsets) > UTC Offset: 8 ('Hong Kong') > Time range: '00:00'-'23:00' ('Full day') > should verify calendar DOM renders correct time range
[DEBUG] Day Opened
  Date: 2025-12-22
  Timezones:
    Browser: Asia/Tokyo
    Calendar: Asia/Hong_Kong
    User Selected: Asia/Hong_Kong
    UTC: UTC
  Current Time (all timezones):
    Browser: 21/12/25 12:43 (Asia/Tokyo)
    Calendar: 21/12/25 11:43 (Asia/Hong_Kong)
    User: 21/12/25 11:43 (Asia/Hong_Kong)
    UTC: 2025-12-21 03:43Z

stdout | src/lib/test-utils/timezone-workflow.test.tsx > Timezone-Aware Calendar Tests > DOM Rendering Tests (All UTC Offsets) > UTC Offset: 8 ('Hong Kong') > Time range: '00:00'-'23:00' ('Full day') > should verify calendar DOM renders correct time range
⚠️ [DEBUG] Calendar Load FAILED - FullCalendar did not render properly
  Expected Time Range: 00:00 - 23:00
  Attempted to detect rendered slots from DOM but found none.
  Date Range: 2025-12-21
  Business Hours: 
  Time Range (Asia/Hong_Kong | Asia/Hong_Kong): 00:00 | 00:00 - 23:00 | 23:00

stdout | src/lib/test-utils/timezone-workflow.test.tsx > Timezone-Aware Calendar Tests > DOM Rendering Tests (All UTC Offsets) > UTC Offset: 8 ('Hong Kong') > Time range: '11:00'-'18:00' ('Business hours') > should verify calendar DOM renders correct time range
#60 Hong Kong - Business hours - should verify calendar DOM renders correct time range
[DEBUG] Day Opened
  Date: 2025-12-22
  Timezones:
    Browser: Asia/Tokyo
    Calendar: Asia/Hong_Kong
    User Selected: Asia/Hong_Kong
    UTC: UTC
  Current Time (all timezones):
    Browser: 21/12/25 12:43 (Asia/Tokyo)
    Calendar: 21/12/25 11:43 (Asia/Hong_Kong)
    User: 21/12/25 11:43 (Asia/Hong_Kong)
    UTC: 2025-12-21 03:43Z

stdout | src/lib/test-utils/timezone-workflow.test.tsx > Timezone-Aware Calendar Tests > DOM Rendering Tests (All UTC Offsets) > UTC Offset: 8 ('Hong Kong') > Time range: '11:00'-'18:00' ('Business hours') > should verify calendar DOM renders correct time range
[DEBUG] Day Opened
  Date: 2025-12-22
  Timezones:
    Browser: Asia/Tokyo
    Calendar: Asia/Hong_Kong
    User Selected: Asia/Hong_Kong
    UTC: UTC
  Current Time (all timezones):
    Browser: 21/12/25 12:43 (Asia/Tokyo)
    Calendar: 21/12/25 11:43 (Asia/Hong_Kong)
    User: 21/12/25 11:43 (Asia/Hong_Kong)
    UTC: 2025-12-21 03:43Z

stdout | src/lib/test-utils/timezone-workflow.test.tsx > Timezone-Aware Calendar Tests > DOM Rendering Tests (All UTC Offsets) > UTC Offset: 8 ('Hong Kong') > Time range: '11:00'-'18:00' ('Business hours') > should verify calendar DOM renders correct time range
[DEBUG] Calendar Loaded
  Date Range: 2025-12-22
  Business Hours: 
  Time Range (Asia/Hong_Kong | Asia/Hong_Kong): 11:00 | 11:00 - 18:00 | 18:00
  Rendered Time Range (from FullCalendar DOM): "12:00" - "18:30"

stdout | src/lib/test-utils/timezone-workflow.test.tsx > Timezone-Aware Calendar Tests > DOM Rendering Tests (All UTC Offsets) > UTC Offset: 9 ('Tokyo') > Time range: '00:00'-'01:00' ('Early morning (1 hour)') > should verify calendar DOM renders correct time range
#61 Tokyo - Early morning (1 hour) - should verify calendar DOM renders correct time range
[DEBUG] Day Opened
  Date: 2025-12-22
  Timezones:
    Browser: Asia/Tokyo
    Calendar: Asia/Hong_Kong
    User Selected: Asia/Tokyo
    UTC: UTC
  Current Time (all timezones):
    Browser: 21/12/25 12:43 (Asia/Tokyo)
    Calendar: 21/12/25 11:43 (Asia/Hong_Kong)
    User: 21/12/25 12:43 (Asia/Tokyo)
    UTC: 2025-12-21 03:43Z

stdout | src/lib/test-utils/timezone-workflow.test.tsx > Timezone-Aware Calendar Tests > DOM Rendering Tests (All UTC Offsets) > UTC Offset: 9 ('Tokyo') > Time range: '00:00'-'01:00' ('Early morning (1 hour)') > should verify calendar DOM renders correct time range
[DEBUG] Calendar Loaded
  Date Range: 2025-12-21
  Business Hours: 
  Time Range (Asia/Tokyo | Asia/Hong_Kong): 00:00 | 23:00 - 01:00 | 00:00
  Rendered Time Range (from FullCalendar DOM): "00:00 | 23:00 (-1)" - "00:30 | 23:30 (-1)"

stdout | src/lib/test-utils/timezone-workflow.test.tsx > Timezone-Aware Calendar Tests > DOM Rendering Tests (All UTC Offsets) > UTC Offset: 9 ('Tokyo') > Time range: '00:00'-'01:00' ('Early morning (1 hour)') > should verify calendar DOM renders correct time range
✓ Range verification passed: Tokyo with Early morning (1 hour)

stdout | src/lib/test-utils/timezone-workflow.test.tsx > Timezone-Aware Calendar Tests > DOM Rendering Tests (All UTC Offsets) > UTC Offset: 9 ('Tokyo') > Time range: '00:00'-'23:00' ('Full day') > should verify calendar DOM renders correct time range
#62 Tokyo - Full day - should verify calendar DOM renders correct time range
[DEBUG] Day Opened
  Date: 2025-12-22
  Timezones:
    Browser: Asia/Tokyo
    Calendar: Asia/Hong_Kong
    User Selected: Asia/Tokyo
    UTC: UTC
  Current Time (all timezones):
    Browser: 21/12/25 12:43 (Asia/Tokyo)
    Calendar: 21/12/25 11:43 (Asia/Hong_Kong)
    User: 21/12/25 12:43 (Asia/Tokyo)
    UTC: 2025-12-21 03:43Z

stdout | src/lib/test-utils/timezone-workflow.test.tsx > Timezone-Aware Calendar Tests > DOM Rendering Tests (All UTC Offsets) > UTC Offset: 9 ('Tokyo') > Time range: '00:00'-'23:00' ('Full day') > should verify calendar DOM renders correct time range
[DEBUG] Day Opened
  Date: 2025-12-22
  Timezones:
    Browser: Asia/Tokyo
    Calendar: Asia/Hong_Kong
    User Selected: Asia/Tokyo
    UTC: UTC
  Current Time (all timezones):
    Browser: 21/12/25 12:43 (Asia/Tokyo)
    Calendar: 21/12/25 11:43 (Asia/Hong_Kong)
    User: 21/12/25 12:43 (Asia/Tokyo)
    UTC: 2025-12-21 03:43Z

stdout | src/lib/test-utils/timezone-workflow.test.tsx > Timezone-Aware Calendar Tests > DOM Rendering Tests (All UTC Offsets) > UTC Offset: 9 ('Tokyo') > Time range: '00:00'-'23:00' ('Full day') > should verify calendar DOM renders correct time range
⚠️ [DEBUG] Calendar Load FAILED - FullCalendar did not render properly
  Expected Time Range: 00:00 - 23:00
  Attempted to detect rendered slots from DOM but found none.
  Date Range: 2025-12-21
  Business Hours: 
  Time Range (Asia/Tokyo | Asia/Hong_Kong): 00:00 | 23:00 - 23:00 | 22:00

stdout | src/lib/test-utils/timezone-workflow.test.tsx > Timezone-Aware Calendar Tests > DOM Rendering Tests (All UTC Offsets) > UTC Offset: 9 ('Tokyo') > Time range: '11:00'-'18:00' ('Business hours') > should verify calendar DOM renders correct time range
#63 Tokyo - Business hours - should verify calendar DOM renders correct time range
[DEBUG] Day Opened
  Date: 2025-12-22
  Timezones:
    Browser: Asia/Tokyo
    Calendar: Asia/Hong_Kong
    User Selected: Asia/Tokyo
    UTC: UTC
  Current Time (all timezones):
    Browser: 21/12/25 12:43 (Asia/Tokyo)
    Calendar: 21/12/25 11:43 (Asia/Hong_Kong)
    User: 21/12/25 12:43 (Asia/Tokyo)
    UTC: 2025-12-21 03:43Z

stdout | src/lib/test-utils/timezone-workflow.test.tsx > Timezone-Aware Calendar Tests > DOM Rendering Tests (All UTC Offsets) > UTC Offset: 9 ('Tokyo') > Time range: '11:00'-'18:00' ('Business hours') > should verify calendar DOM renders correct time range
[DEBUG] Day Opened
  Date: 2025-12-22
  Timezones:
    Browser: Asia/Tokyo
    Calendar: Asia/Hong_Kong
    User Selected: Asia/Tokyo
    UTC: UTC
  Current Time (all timezones):
    Browser: 21/12/25 12:43 (Asia/Tokyo)
    Calendar: 21/12/25 11:43 (Asia/Hong_Kong)
    User: 21/12/25 12:43 (Asia/Tokyo)
    UTC: 2025-12-21 03:43Z

stdout | src/lib/test-utils/timezone-workflow.test.tsx > Timezone-Aware Calendar Tests > DOM Rendering Tests (All UTC Offsets) > UTC Offset: 9 ('Tokyo') > Time range: '11:00'-'18:00' ('Business hours') > should verify calendar DOM renders correct time range
[DEBUG] Calendar Loaded
  Date Range: 2025-12-22
  Business Hours: 
  Time Range (Asia/Tokyo | Asia/Hong_Kong): 11:00 | 10:00 - 18:00 | 17:00
  Rendered Time Range (from FullCalendar DOM): "11:00 | 10:00" - "17:30 | 16:30"

stdout | src/lib/test-utils/timezone-workflow.test.tsx > Timezone-Aware Calendar Tests > DOM Rendering Tests (All UTC Offsets) > UTC Offset: 9 ('Tokyo') > Time range: '11:00'-'18:00' ('Business hours') > should verify calendar DOM renders correct time range
✓ Range verification passed: Tokyo with Business hours

stdout | src/lib/test-utils/timezone-workflow.test.tsx > Timezone-Aware Calendar Tests > DOM Rendering Tests (All UTC Offsets) > UTC Offset: 10 ('Sydney') > Time range: '00:00'-'01:00' ('Early morning (1 hour)') > should verify calendar DOM renders correct time range
#64 Sydney - Early morning (1 hour) - should verify calendar DOM renders correct time range
[DEBUG] Day Opened
  Date: 2025-12-22
  Timezones:
    Browser: Asia/Tokyo
    Calendar: Asia/Hong_Kong
    User Selected: Australia/Sydney
    UTC: UTC
  Current Time (all timezones):
    Browser: 21/12/25 12:43 (Asia/Tokyo)
    Calendar: 21/12/25 11:43 (Asia/Hong_Kong)
    User: 21/12/25 14:43 (Australia/Sydney)
    UTC: 2025-12-21 03:43Z

stdout | src/lib/test-utils/timezone-workflow.test.tsx > Timezone-Aware Calendar Tests > DOM Rendering Tests (All UTC Offsets) > UTC Offset: 10 ('Sydney') > Time range: '00:00'-'01:00' ('Early morning (1 hour)') > should verify calendar DOM renders correct time range
[DEBUG] Day Opened
  Date: 2025-12-22
  Timezones:
    Browser: Asia/Tokyo
    Calendar: Asia/Hong_Kong
    User Selected: Australia/Sydney
    UTC: UTC
  Current Time (all timezones):
    Browser: 21/12/25 12:43 (Asia/Tokyo)
    Calendar: 21/12/25 11:43 (Asia/Hong_Kong)
    User: 21/12/25 14:43 (Australia/Sydney)
    UTC: 2025-12-21 03:43Z

stdout | src/lib/test-utils/timezone-workflow.test.tsx > Timezone-Aware Calendar Tests > DOM Rendering Tests (All UTC Offsets) > UTC Offset: 10 ('Sydney') > Time range: '00:00'-'01:00' ('Early morning (1 hour)') > should verify calendar DOM renders correct time range
[DEBUG] Calendar Loaded
  Date Range: 2025-12-21
  Business Hours: 
  Time Range (Australia/Sydney | Asia/Hong_Kong): 00:00 | 21:00 - 01:00 | 22:00
  Rendered Time Range (from FullCalendar DOM): "23:00 | 21:00 (-1)" - "23:30 | 21:30 (-1)"

stdout | src/lib/test-utils/timezone-workflow.test.tsx > Timezone-Aware Calendar Tests > DOM Rendering Tests (All UTC Offsets) > UTC Offset: 10 ('Sydney') > Time range: '00:00'-'23:00' ('Full day') > should verify calendar DOM renders correct time range
#65 Sydney - Full day - should verify calendar DOM renders correct time range
[DEBUG] Day Opened
  Date: 2025-12-22
  Timezones:
    Browser: Asia/Tokyo
    Calendar: Asia/Hong_Kong
    User Selected: Australia/Sydney
    UTC: UTC
  Current Time (all timezones):
    Browser: 21/12/25 12:44 (Asia/Tokyo)
    Calendar: 21/12/25 11:44 (Asia/Hong_Kong)
    User: 21/12/25 14:44 (Australia/Sydney)
    UTC: 2025-12-21 03:44Z

stdout | src/lib/test-utils/timezone-workflow.test.tsx > Timezone-Aware Calendar Tests > DOM Rendering Tests (All UTC Offsets) > UTC Offset: 10 ('Sydney') > Time range: '00:00'-'23:00' ('Full day') > should verify calendar DOM renders correct time range
[DEBUG] Day Opened
  Date: 2025-12-22
  Timezones:
    Browser: Asia/Tokyo
    Calendar: Asia/Hong_Kong
    User Selected: Australia/Sydney
    UTC: UTC
  Current Time (all timezones):
    Browser: 21/12/25 12:44 (Asia/Tokyo)
    Calendar: 21/12/25 11:44 (Asia/Hong_Kong)
    User: 21/12/25 14:44 (Australia/Sydney)
    UTC: 2025-12-21 03:44Z

stdout | src/lib/test-utils/timezone-workflow.test.tsx > Timezone-Aware Calendar Tests > DOM Rendering Tests (All UTC Offsets) > UTC Offset: 10 ('Sydney') > Time range: '00:00'-'23:00' ('Full day') > should verify calendar DOM renders correct time range
⚠️ [DEBUG] Calendar Load FAILED - FullCalendar did not render properly
  Expected Time Range: 00:00 - 23:00
  Attempted to detect rendered slots from DOM but found none.
  Date Range: 2025-12-21
  Business Hours: 
  Time Range (Australia/Sydney | Asia/Hong_Kong): 00:00 | 21:00 - 23:00 | 20:00

stdout | src/lib/test-utils/timezone-workflow.test.tsx > Timezone-Aware Calendar Tests > DOM Rendering Tests (All UTC Offsets) > UTC Offset: 10 ('Sydney') > Time range: '11:00'-'18:00' ('Business hours') > should verify calendar DOM renders correct time range
#66 Sydney - Business hours - should verify calendar DOM renders correct time range
[DEBUG] Day Opened
  Date: 2025-12-22
  Timezones:
    Browser: Asia/Tokyo
    Calendar: Asia/Hong_Kong
    User Selected: Australia/Sydney
    UTC: UTC
  Current Time (all timezones):
    Browser: 21/12/25 12:44 (Asia/Tokyo)
    Calendar: 21/12/25 11:44 (Asia/Hong_Kong)
    User: 21/12/25 14:44 (Australia/Sydney)
    UTC: 2025-12-21 03:44Z

stdout | src/lib/test-utils/timezone-workflow.test.tsx > Timezone-Aware Calendar Tests > DOM Rendering Tests (All UTC Offsets) > UTC Offset: 10 ('Sydney') > Time range: '11:00'-'18:00' ('Business hours') > should verify calendar DOM renders correct time range
[DEBUG] Day Opened
  Date: 2025-12-22
  Timezones:
    Browser: Asia/Tokyo
    Calendar: Asia/Hong_Kong
    User Selected: Australia/Sydney
    UTC: UTC
  Current Time (all timezones):
    Browser: 21/12/25 12:44 (Asia/Tokyo)
    Calendar: 21/12/25 11:44 (Asia/Hong_Kong)
    User: 21/12/25 14:44 (Australia/Sydney)
    UTC: 2025-12-21 03:44Z

stdout | src/lib/test-utils/timezone-workflow.test.tsx > Timezone-Aware Calendar Tests > DOM Rendering Tests (All UTC Offsets) > UTC Offset: 10 ('Sydney') > Time range: '11:00'-'18:00' ('Business hours') > should verify calendar DOM renders correct time range
[DEBUG] Calendar Loaded
  Date Range: 2025-12-22
  Business Hours: 
  Time Range (Australia/Sydney | Asia/Hong_Kong): 11:00 | 08:00 - 18:00 | 15:00
  Rendered Time Range (from FullCalendar DOM): "10:00 | 08:00" - "16:30 | 14:30"

stdout | src/lib/test-utils/timezone-workflow.test.tsx > Timezone-Aware Calendar Tests > DOM Rendering Tests (All UTC Offsets) > UTC Offset: 12 ('Auckland') > Time range: '00:00'-'01:00' ('Early morning (1 hour)') > should verify calendar DOM renders correct time range
#67 Auckland - Early morning (1 hour) - should verify calendar DOM renders correct time range
[DEBUG] Day Opened
  Date: 2025-12-22
  Timezones:
    Browser: Asia/Tokyo
    Calendar: Asia/Hong_Kong
    User Selected: Pacific/Auckland
    UTC: UTC
  Current Time (all timezones):
    Browser: 21/12/25 12:44 (Asia/Tokyo)
    Calendar: 21/12/25 11:44 (Asia/Hong_Kong)
    User: 21/12/25 16:44 (Pacific/Auckland)
    UTC: 2025-12-21 03:44Z

stdout | src/lib/test-utils/timezone-workflow.test.tsx > Timezone-Aware Calendar Tests > DOM Rendering Tests (All UTC Offsets) > UTC Offset: 12 ('Auckland') > Time range: '00:00'-'01:00' ('Early morning (1 hour)') > should verify calendar DOM renders correct time range
[DEBUG] Calendar Loaded
  Date Range: 2025-12-21
  Business Hours: 
  Time Range (Pacific/Auckland | Asia/Hong_Kong): 00:00 | 19:00 (-1) - 01:00 | 20:00 (-1)
  Rendered Time Range (from FullCalendar DOM): "23:00 | 19:00 (-1)" - "23:30 | 19:30 (-1)"

stdout | src/lib/test-utils/timezone-workflow.test.tsx > Timezone-Aware Calendar Tests > DOM Rendering Tests (All UTC Offsets) > UTC Offset: 12 ('Auckland') > Time range: '00:00'-'23:00' ('Full day') > should verify calendar DOM renders correct time range
#68 Auckland - Full day - should verify calendar DOM renders correct time range
[DEBUG] Day Opened
  Date: 2025-12-22
  Timezones:
    Browser: Asia/Tokyo
    Calendar: Asia/Hong_Kong
    User Selected: Pacific/Auckland
    UTC: UTC
  Current Time (all timezones):
    Browser: 21/12/25 12:44 (Asia/Tokyo)
    Calendar: 21/12/25 11:44 (Asia/Hong_Kong)
    User: 21/12/25 16:44 (Pacific/Auckland)
    UTC: 2025-12-21 03:44Z

stdout | src/lib/test-utils/timezone-workflow.test.tsx > Timezone-Aware Calendar Tests > DOM Rendering Tests (All UTC Offsets) > UTC Offset: 12 ('Auckland') > Time range: '00:00'-'23:00' ('Full day') > should verify calendar DOM renders correct time range
[DEBUG] Calendar Loaded
  Date Range: 2025-12-21
  Business Hours: 
  Time Range (Pacific/Auckland | Asia/Hong_Kong): 00:00 | 19:00 (-1) - 23:00 | 18:00 (-1)
  Rendered Time Range (from FullCalendar DOM): "00:00 | 20:00 (-1)" - "23:30 | 19:30 (-1)"

stdout | src/lib/test-utils/timezone-workflow.test.tsx > Timezone-Aware Calendar Tests > DOM Rendering Tests (All UTC Offsets) > UTC Offset: 12 ('Auckland') > Time range: '00:00'-'23:00' ('Full day') > should verify calendar DOM renders correct time range
[DEBUG] Calendar Loaded
  Date Range: 2025-12-21
  Business Hours: 
  Time Range (Pacific/Auckland | Asia/Hong_Kong): 00:00 | 19:00 (-1) - 23:00 | 18:00 (-1)
  Rendered Time Range (from FullCalendar DOM): "00:00 | 20:00 (-1)" - "23:30 | 19:30 (-1)"

stdout | src/lib/test-utils/timezone-workflow.test.tsx > Timezone-Aware Calendar Tests > DOM Rendering Tests (All UTC Offsets) > UTC Offset: 12 ('Auckland') > Time range: '11:00'-'18:00' ('Business hours') > should verify calendar DOM renders correct time range
#69 Auckland - Business hours - should verify calendar DOM renders correct time range
[DEBUG] Day Opened
  Date: 2025-12-22
  Timezones:
    Browser: Asia/Tokyo
    Calendar: Asia/Hong_Kong
    User Selected: Pacific/Auckland
    UTC: UTC
  Current Time (all timezones):
    Browser: 21/12/25 12:44 (Asia/Tokyo)
    Calendar: 21/12/25 11:44 (Asia/Hong_Kong)
    User: 21/12/25 16:44 (Pacific/Auckland)
    UTC: 2025-12-21 03:44Z

stdout | src/lib/test-utils/timezone-workflow.test.tsx > Timezone-Aware Calendar Tests > DOM Rendering Tests (All UTC Offsets) > UTC Offset: 12 ('Auckland') > Time range: '11:00'-'18:00' ('Business hours') > should verify calendar DOM renders correct time range
[DEBUG] Day Opened
  Date: 2025-12-22
  Timezones:
    Browser: Asia/Tokyo
    Calendar: Asia/Hong_Kong
    User Selected: Pacific/Auckland
    UTC: UTC
  Current Time (all timezones):
    Browser: 21/12/25 12:44 (Asia/Tokyo)
    Calendar: 21/12/25 11:44 (Asia/Hong_Kong)
    User: 21/12/25 16:44 (Pacific/Auckland)
    UTC: 2025-12-21 03:44Z

stdout | src/lib/test-utils/timezone-workflow.test.tsx > Timezone-Aware Calendar Tests > DOM Rendering Tests (All UTC Offsets) > UTC Offset: 12 ('Auckland') > Time range: '11:00'-'18:00' ('Business hours') > should verify calendar DOM renders correct time range
[DEBUG] Calendar Loaded
  Date Range: 2025-12-22
  Business Hours: 
  Time Range (Pacific/Auckland | Asia/Hong_Kong): 11:00 | 06:00 - 18:00 | 13:00
  Rendered Time Range (from FullCalendar DOM): "10:00 | 06:00" - "16:30 | 12:30"

stdout | src/lib/test-utils/timezone-workflow.test.tsx > Timezone-Aware Calendar Tests > DOM Rendering Tests (All UTC Offsets) > UTC Offset: 12 ('Fiji') > Time range: '00:00'-'01:00' ('Early morning (1 hour)') > should verify calendar DOM renders correct time range
#70 Fiji - Early morning (1 hour) - should verify calendar DOM renders correct time range
[DEBUG] Day Opened
  Date: 2025-12-22
  Timezones:
    Browser: Asia/Tokyo
    Calendar: Asia/Hong_Kong
    User Selected: Pacific/Fiji
    UTC: UTC
  Current Time (all timezones):
    Browser: 21/12/25 12:44 (Asia/Tokyo)
    Calendar: 21/12/25 11:44 (Asia/Hong_Kong)
    User: 21/12/25 15:44 (Pacific/Fiji)
    UTC: 2025-12-21 03:44Z

stdout | src/lib/test-utils/timezone-workflow.test.tsx > Timezone-Aware Calendar Tests > DOM Rendering Tests (All UTC Offsets) > UTC Offset: 12 ('Fiji') > Time range: '00:00'-'01:00' ('Early morning (1 hour)') > should verify calendar DOM renders correct time range
[DEBUG] Day Opened
  Date: 2025-12-22
  Timezones:
    Browser: Asia/Tokyo
    Calendar: Asia/Hong_Kong
    User Selected: Pacific/Fiji
    UTC: UTC
  Current Time (all timezones):
    Browser: 21/12/25 12:44 (Asia/Tokyo)
    Calendar: 21/12/25 11:44 (Asia/Hong_Kong)
    User: 21/12/25 15:44 (Pacific/Fiji)
    UTC: 2025-12-21 03:44Z

stdout | src/lib/test-utils/timezone-workflow.test.tsx > Timezone-Aware Calendar Tests > DOM Rendering Tests (All UTC Offsets) > UTC Offset: 12 ('Fiji') > Time range: '00:00'-'01:00' ('Early morning (1 hour)') > should verify calendar DOM renders correct time range
[DEBUG] Calendar Loaded
  Date Range: 2025-12-21
  Business Hours: 
  Time Range (Pacific/Fiji | Asia/Hong_Kong): 00:00 | 20:00 (-1) - 01:00 | 21:00 (-1)
  Rendered Time Range (from FullCalendar DOM): "00:00 | 20:00 (-1)" - "00:30 | 20:30 (-1)"

stdout | src/lib/test-utils/timezone-workflow.test.tsx > Timezone-Aware Calendar Tests > DOM Rendering Tests (All UTC Offsets) > UTC Offset: 12 ('Fiji') > Time range: '00:00'-'01:00' ('Early morning (1 hour)') > should verify calendar DOM renders correct time range
✓ Range verification passed: Fiji with Early morning (1 hour)

stdout | src/lib/test-utils/timezone-workflow.test.tsx > Timezone-Aware Calendar Tests > DOM Rendering Tests (All UTC Offsets) > UTC Offset: 12 ('Fiji') > Time range: '00:00'-'23:00' ('Full day') > should verify calendar DOM renders correct time range
#71 Fiji - Full day - should verify calendar DOM renders correct time range
[DEBUG] Day Opened
  Date: 2025-12-22
  Timezones:
    Browser: Asia/Tokyo
    Calendar: Asia/Hong_Kong
    User Selected: Pacific/Fiji
    UTC: UTC
  Current Time (all timezones):
    Browser: 21/12/25 12:44 (Asia/Tokyo)
    Calendar: 21/12/25 11:44 (Asia/Hong_Kong)
    User: 21/12/25 15:44 (Pacific/Fiji)
    UTC: 2025-12-21 03:44Z

stdout | src/lib/test-utils/timezone-workflow.test.tsx > Timezone-Aware Calendar Tests > DOM Rendering Tests (All UTC Offsets) > UTC Offset: 12 ('Fiji') > Time range: '00:00'-'23:00' ('Full day') > should verify calendar DOM renders correct time range
[DEBUG] Calendar Loaded
  Date Range: 2025-12-21
  Business Hours: 
  Time Range (Pacific/Fiji | Asia/Hong_Kong): 00:00 | 20:00 (-1) - 23:00 | 19:00
  Rendered Time Range (from FullCalendar DOM): "00:00 | 20:00 (-1)" - "22:30 | 18:30 (-1)"

stdout | src/lib/test-utils/timezone-workflow.test.tsx > Timezone-Aware Calendar Tests > DOM Rendering Tests (All UTC Offsets) > UTC Offset: 12 ('Fiji') > Time range: '00:00'-'23:00' ('Full day') > should verify calendar DOM renders correct time range
[DEBUG] Calendar Loaded
  Date Range: 2025-12-21
  Business Hours: 
  Time Range (Pacific/Fiji | Asia/Hong_Kong): 00:00 | 20:00 (-1) - 23:00 | 19:00
  Rendered Time Range (from FullCalendar DOM): "00:00 | 20:00 (-1)" - "22:30 | 18:30 (-1)"

stdout | src/lib/test-utils/timezone-workflow.test.tsx > Timezone-Aware Calendar Tests > DOM Rendering Tests (All UTC Offsets) > UTC Offset: 12 ('Fiji') > Time range: '00:00'-'23:00' ('Full day') > should verify calendar DOM renders correct time range
✓ Range verification passed: Fiji with Full day

stdout | src/lib/test-utils/timezone-workflow.test.tsx > Timezone-Aware Calendar Tests > DOM Rendering Tests (All UTC Offsets) > UTC Offset: 12 ('Fiji') > Time range: '11:00'-'18:00' ('Business hours') > should verify calendar DOM renders correct time range
#72 Fiji - Business hours - should verify calendar DOM renders correct time range
[DEBUG] Day Opened
  Date: 2025-12-22
  Timezones:
    Browser: Asia/Tokyo
    Calendar: Asia/Hong_Kong
    User Selected: Pacific/Fiji
    UTC: UTC
  Current Time (all timezones):
    Browser: 21/12/25 12:44 (Asia/Tokyo)
    Calendar: 21/12/25 11:44 (Asia/Hong_Kong)
    User: 21/12/25 15:44 (Pacific/Fiji)
    UTC: 2025-12-21 03:44Z

stdout | src/lib/test-utils/timezone-workflow.test.tsx > Timezone-Aware Calendar Tests > DOM Rendering Tests (All UTC Offsets) > UTC Offset: 12 ('Fiji') > Time range: '11:00'-'18:00' ('Business hours') > should verify calendar DOM renders correct time range
[DEBUG] Calendar Loaded
  Date Range: 2025-12-22
  Business Hours: 
  Time Range (Pacific/Fiji | Asia/Hong_Kong): 11:00 | 07:00 - 18:00 | 14:00
  Rendered Time Range (from FullCalendar DOM): "11:00 | 07:00" - "17:30 | 13:30"

stdout | src/lib/test-utils/timezone-workflow.test.tsx > Timezone-Aware Calendar Tests > DOM Rendering Tests (All UTC Offsets) > UTC Offset: 12 ('Fiji') > Time range: '11:00'-'18:00' ('Business hours') > should verify calendar DOM renders correct time range
✓ Range verification passed: Fiji with Business hours

stdout | src/lib/test-utils/timezone-workflow.test.tsx > Timezone-Aware Calendar Tests > Autofit and Placement Tests > User timezone: 'Hong Kong' ('Asia/Hong_Kong') > Task Operations (Place/Resize/Move) > should place task at start, resize to 15 minutes, and move half hour later
#73 Hong Kong - Task Operations - should place task at start, resize to 15 minutes, and move half hour later
[DEBUG] Day Opened
  Date: 2025-12-22
  Timezones:
    Browser: Asia/Tokyo
    Calendar: Asia/Hong_Kong
    User Selected: Asia/Hong_Kong
    UTC: UTC
  Current Time (all timezones):
    Browser: 21/12/25 12:44 (Asia/Tokyo)
    Calendar: 21/12/25 11:44 (Asia/Hong_Kong)
    User: 21/12/25 11:44 (Asia/Hong_Kong)
    UTC: 2025-12-21 03:44Z

stdout | src/lib/test-utils/timezone-workflow.test.tsx > Timezone-Aware Calendar Tests > Autofit and Placement Tests > User timezone: 'Hong Kong' ('Asia/Hong_Kong') > Task Operations (Place/Resize/Move) > should place task at start, resize to 15 minutes, and move half hour later
[DEBUG] Calendar Loaded
  Date Range: 2025-12-21
  Business Hours: 
  Time Range (Asia/Hong_Kong | Asia/Hong_Kong): 00:00 | 00:00 - 01:00 | 01:00
  Rendered Time Range (from FullCalendar DOM): "01:00" - "01:30"

stdout | src/lib/test-utils/timezone-workflow.test.tsx > Timezone-Aware Calendar Tests > Autofit and Placement Tests > User timezone: 'Hong Kong' ('Asia/Hong_Kong') > Task Operations (Place/Resize/Move) > should place task at start, resize to 15 minutes, and move half hour later
[DEBUG] Task Placement Attempt: "[TEST] Task Hong Kong" (30 minutes)
  Target Slot Label (from DOM): "00:00"
  Actual Placement Time:
    Browser: 22/12/25 01:00 (Asia/Tokyo)
    Calendar: 22/12/25 00:00 (Asia/Hong_Kong)
    User: 22/12/25 00:00 (Asia/Hong_Kong)
    UTC: 2025-12-21 16:00Z
[DEBUG] Task Placement Attempt: "[TEST] Task Hong Kong" (15 minutes)
  Target Slot Label (from DOM): "00:00"
  Actual Placement Time:
    Browser: 22/12/25 01:00 (Asia/Tokyo)
    Calendar: 22/12/25 00:00 (Asia/Hong_Kong)
    User: 22/12/25 00:00 (Asia/Hong_Kong)
    UTC: 2025-12-21 16:00Z
[DEBUG] Task Placement Attempt: "[TEST] Task Hong Kong" (15 minutes)
  Target Slot Label (from DOM): "00:30"
  Actual Placement Time:
    Browser: 22/12/25 01:30 (Asia/Tokyo)
    Calendar: 22/12/25 00:30 (Asia/Hong_Kong)
    User: 22/12/25 00:30 (Asia/Hong_Kong)
    UTC: 2025-12-21 16:30Z
✓ Task operations completed for Hong Kong: placed, resized, and moved

stdout | src/lib/test-utils/timezone-workflow.test.tsx > Timezone-Aware Calendar Tests > Autofit and Placement Tests > User timezone: 'Hong Kong' ('Asia/Hong_Kong') > Fetch and Display Task > should save task, fetch from API, and verify rendering matches placement
#74 Hong Kong - Fetch and Display Task - should save task, fetch from API, and verify rendering matches placement
[DEBUG] Day Opened
  Date: 2025-12-22
  Timezones:
    Browser: Asia/Tokyo
    Calendar: Asia/Hong_Kong
    User Selected: Asia/Hong_Kong
    UTC: UTC
  Current Time (all timezones):
    Browser: 21/12/25 12:45 (Asia/Tokyo)
    Calendar: 21/12/25 11:45 (Asia/Hong_Kong)
    User: 21/12/25 11:45 (Asia/Hong_Kong)
    UTC: 2025-12-21 03:45Z

stdout | src/lib/test-utils/timezone-workflow.test.tsx > Timezone-Aware Calendar Tests > Autofit and Placement Tests > User timezone: 'Hong Kong' ('Asia/Hong_Kong') > Fetch and Display Task > should save task, fetch from API, and verify rendering matches placement
[DEBUG] Task Placement Attempt: "[TEST] Task Hong Kong" (15 minutes)
  Target Slot Label (from DOM): "00:30"
  Actual Placement Time:
    Browser: 22/12/25 01:30 (Asia/Tokyo)
    Calendar: 22/12/25 00:30 (Asia/Hong_Kong)
    User: 22/12/25 00:30 (Asia/Hong_Kong)
    UTC: 2025-12-21 16:30Z

stdout | src/lib/test-utils/timezone-workflow.test.tsx > Timezone-Aware Calendar Tests > Autofit and Placement Tests > User timezone: 'Hong Kong' ('Asia/Hong_Kong') > Fetch and Display Task > should save task, fetch from API, and verify rendering matches placement
[DEBUG] Save to Calendar (1):
    1. "[TEST] Task Hong Kong" (15 minutes)
       Displayed Time (in dialog): 00:30
       Actual Start Time:
         Browser: 22/12/25 01:30 (Asia/Tokyo)
         Calendar: 22/12/25 00:30 (Asia/Hong_Kong)
         User: 22/12/25 00:30 (Asia/Hong_Kong)
         UTC: 2025-12-21 16:30Z

stdout | src/lib/test-utils/timezone-workflow.test.tsx > Timezone-Aware Calendar Tests > Autofit and Placement Tests > User timezone: 'Hong Kong' ('Asia/Hong_Kong') > Fetch and Display Task > should save task, fetch from API, and verify rendering matches placement
[DEBUG] Day Opened
  Date: 2025-12-22
  Timezones:
    Browser: Asia/Tokyo
    Calendar: Asia/Hong_Kong
    User Selected: Asia/Hong_Kong
    UTC: UTC
  Current Time (all timezones):
    Browser: 21/12/25 12:45 (Asia/Tokyo)
    Calendar: 21/12/25 11:45 (Asia/Hong_Kong)
    User: 21/12/25 11:45 (Asia/Hong_Kong)
    UTC: 2025-12-21 03:45Z

stdout | src/lib/test-utils/timezone-workflow.test.tsx > Timezone-Aware Calendar Tests > Autofit and Placement Tests > User timezone: 'Hong Kong' ('Asia/Hong_Kong') > Fetch and Display Task > should save task, fetch from API, and verify rendering matches placement
[DEBUG] Calendar Loaded
  Date Range: 2025-12-21
  Business Hours: 
  Time Range (Asia/Hong_Kong | Asia/Hong_Kong): 00:00 | 00:00 - 01:00 | 01:00
  Rendered Time Range (from FullCalendar DOM): "01:00" - "01:30"

stderr | src/lib/test-utils/timezone-workflow.test.tsx > Timezone-Aware Calendar Tests > Autofit and Placement Tests > User timezone: 'Hong Kong' ('Asia/Hong_Kong') > Fetch and Display Task > should save task, fetch from API, and verify rendering matches placement
Could not find test event in DOM. Details: {
  testTaskTitle: '[TEST] Task Hong Kong',
  fetchedEventSummary: '[TEST] Task Hong Kong​',
  eventElementsCount: 0,
  allEventTexts: []
}

stdout | src/lib/test-utils/timezone-workflow.test.tsx > Timezone-Aware Calendar Tests > Autofit and Placement Tests > User timezone: 'Hong Kong' ('Asia/Hong_Kong') > Fetch and Display Task > should save task, fetch from API, and verify rendering matches placement
Looking for event with title containing: "[TEST] Task Hong Kong"
Found 0 event elements in DOM

stdout | src/lib/test-utils/timezone-workflow.test.tsx > Timezone-Aware Calendar Tests > Autofit and Placement Tests > User timezone: 'Hong Kong' ('Asia/Hong_Kong') > Auto Fit Tests > should test autofit with various working hour configurations
#75 Hong Kong - Auto Fit Tests - should test autofit with various working hour configurations
[DEBUG] Day Opened
  Date: 2025-12-22
  Timezones:
    Browser: Asia/Tokyo
    Calendar: Asia/Hong_Kong
    User Selected: Asia/Hong_Kong
    UTC: UTC
  Current Time (all timezones):
    Browser: 21/12/25 12:45 (Asia/Tokyo)
    Calendar: 21/12/25 11:45 (Asia/Hong_Kong)
    User: 21/12/25 11:45 (Asia/Hong_Kong)
    UTC: 2025-12-21 03:45Z

stdout | src/lib/test-utils/timezone-workflow.test.tsx > Timezone-Aware Calendar Tests > Autofit and Placement Tests > User timezone: 'Hong Kong' ('Asia/Hong_Kong') > Auto Fit Tests > should test autofit with various working hour configurations
[DEBUG] Settings Saved
  Changed Fields (3):
    slotMinTime: 00:00 -> 11:00
    slotMaxTime: 01:00 -> 18:00
    timezone: America/Los_Angeles -> Asia/Hong_Kong

stdout | src/lib/test-utils/timezone-workflow.test.tsx > Timezone-Aware Calendar Tests > Autofit and Placement Tests > User timezone: 'Hong Kong' ('Asia/Hong_Kong') > Auto Fit Tests > should test autofit with various working hour configurations
✓ Step 1: Autofit with no working hours placed 0 tasks

stdout | src/lib/test-utils/timezone-workflow.test.tsx > Timezone-Aware Calendar Tests > Autofit and Placement Tests > User timezone: 'Hong Kong' ('Asia/Hong_Kong') > Auto Fit Tests > should test autofit with various working hour configurations
[DEBUG] Settings Saved
  Changed Fields (1):
    workingHours: [] -> 00:00-03:00

stdout | src/lib/test-utils/timezone-workflow.test.tsx > Timezone-Aware Calendar Tests > Autofit and Placement Tests > User timezone: 'Hong Kong' ('Asia/Hong_Kong') > Auto Fit Tests > should test autofit with various working hour configurations
✓ Step 3: Autofit with working hours outside calendar range placed 0 tasks

stdout | src/lib/test-utils/timezone-workflow.test.tsx > Timezone-Aware Calendar Tests > Autofit and Placement Tests > User timezone: 'Hong Kong' ('Asia/Hong_Kong') > Auto Fit Tests > should test autofit with various working hour configurations
[DEBUG] Settings Saved
  Changed Fields (1):
    workingHours: 00:00-03:00 -> 00:00-03:00, 10:00-12:45

stdout | src/lib/test-utils/timezone-workflow.test.tsx > Timezone-Aware Calendar Tests > Autofit and Placement Tests > User timezone: 'Hong Kong' ('Asia/Hong_Kong') > Auto Fit Tests > should test autofit with various working hour configurations
[TEST] Step 5: Calling runAutoFit with 10 tasks, working hours: [{"start":"00:00","end":"03:00"},{"start":"10:00","end":"12:45"}]

stdout | src/lib/test-utils/timezone-workflow.test.tsx > Timezone-Aware Calendar Tests > Autofit and Placement Tests > User timezone: 'Hong Kong' ('Asia/Hong_Kong') > Auto Fit Tests > should test autofit with various working hour configurations
[TEST] Step 5: Autofit completed, got 2 placements, 8 unplaced
✓ Step 5: Autofit placed 2 tasks at 11:00-11:30 and 11:45-12:15

stdout | src/lib/test-utils/timezone-workflow.test.tsx > Timezone-Aware Calendar Tests > Autofit and Placement Tests > User timezone: 'Hong Kong' ('Asia/Hong_Kong') > Auto Fit Tests > should test autofit with various working hour configurations
✓ Step 6: Cleared all placements

stdout | src/lib/test-utils/timezone-workflow.test.tsx > Timezone-Aware Calendar Tests > Autofit and Placement Tests > User timezone: 'Hong Kong' ('Asia/Hong_Kong') > Auto Fit Tests > should test autofit with various working hour configurations
✓ Step 7a: Created calendar event at 11:30-12:00 to block time slot (event ID: schs81dkcn29s2e34sqebohbuo)

stderr | src/lib/test-utils/timezone-workflow.test.tsx > Timezone-Aware Calendar Tests > Autofit and Placement Tests > User timezone: 'Hong Kong' ('Asia/Hong_Kong') > Auto Fit Tests > should test autofit with various working hour configurations
⚠️  Calendar event schs81dkcn29s2e34sqebohbuo not found in fetched events, waiting longer...

stdout | src/lib/test-utils/timezone-workflow.test.tsx > Timezone-Aware Calendar Tests > Autofit and Placement Tests > User timezone: 'Hong Kong' ('Asia/Hong_Kong') > Auto Fit Tests > should test autofit with various working hour configurations
✓ Step 7b: Manually placed task at 12:30 (blocks 12:15-13:15 with 15 min gap)
[TEST] Step 8: Calling runAutoFit with 9 tasks, manual placement at 12:30, calendar event at 11:30-12:00

stdout | src/lib/test-utils/timezone-workflow.test.tsx > Timezone-Aware Calendar Tests > Autofit and Placement Tests > User timezone: 'Hong Kong' ('Asia/Hong_Kong') > Auto Fit Tests > should test autofit with various working hour configurations
[TEST] Step 8: Autofit completed, got 2 placements
[TEST] Step 8: Autofit placement times: 11:00, 11:45

stderr | src/lib/test-utils/timezone-workflow.test.tsx > Timezone-Aware Calendar Tests > Autofit and Placement Tests > User timezone: 'Hong Kong' ('Asia/Hong_Kong') > Auto Fit Tests > should test autofit with various working hour configurations
❌ [BUG] Calendar event at 11:30-12:00 is not blocking correctly. Autofit placed 2 tasks: 11:00, 11:45. Expected only 1 task at 11:00.

stdout | src/lib/test-utils/timezone-workflow.test.tsx > Timezone-Aware Calendar Tests > Autofit and Placement Tests > User timezone: 'Paris' ('Europe/Paris') > Task Operations (Place/Resize/Move) > should place task at start, resize to 15 minutes, and move half hour later
#76 Paris - Task Operations - should place task at start, resize to 15 minutes, and move half hour later
[DEBUG] Day Opened
  Date: 2025-12-22
  Timezones:
    Browser: Asia/Tokyo
    Calendar: Asia/Hong_Kong
    User Selected: Europe/Paris
    UTC: UTC
  Current Time (all timezones):
    Browser: 21/12/25 12:45 (Asia/Tokyo)
    Calendar: 21/12/25 11:45 (Asia/Hong_Kong)
    User: 21/12/25 04:45 (Europe/Paris)
    UTC: 2025-12-21 03:45Z

stdout | src/lib/test-utils/timezone-workflow.test.tsx > Timezone-Aware Calendar Tests > Autofit and Placement Tests > User timezone: 'Paris' ('Europe/Paris') > Task Operations (Place/Resize/Move) > should place task at start, resize to 15 minutes, and move half hour later
⚠️ [DEBUG] Calendar Load FAILED - FullCalendar did not render properly
  Expected Time Range: 00:00 - 01:00
  Attempted to detect rendered slots from DOM but found none.
  Date Range: 2025-12-21
  Business Hours: 
  Time Range (Europe/Paris | Asia/Hong_Kong): 00:00 | 07:00 - 01:00 | 08:00

stdout | src/lib/test-utils/timezone-workflow.test.tsx > Timezone-Aware Calendar Tests > Autofit and Placement Tests > User timezone: 'Paris' ('Europe/Paris') > Task Operations (Place/Resize/Move) > should place task at start, resize to 15 minutes, and move half hour later
[DEBUG] Task Placement Attempt: "[TEST] Task Paris" (30 minutes)
  Target Slot Label (from DOM): "00:00"
  Actual Placement Time:
    Browser: 22/12/25 08:00 (Asia/Tokyo)
    Calendar: 22/12/25 07:00 (Asia/Hong_Kong)
    User: 22/12/25 00:00 (Europe/Paris)
    UTC: 2025-12-21 23:00Z
[DEBUG] Task Placement Attempt: "[TEST] Task Paris" (15 minutes)
  Target Slot Label (from DOM): "00:00"
  Actual Placement Time:
    Browser: 22/12/25 08:00 (Asia/Tokyo)
    Calendar: 22/12/25 07:00 (Asia/Hong_Kong)
    User: 22/12/25 00:00 (Europe/Paris)
    UTC: 2025-12-21 23:00Z
[DEBUG] Task Placement Attempt: "[TEST] Task Paris" (15 minutes)
  Target Slot Label (from DOM): "00:30"
  Actual Placement Time:
    Browser: 22/12/25 08:30 (Asia/Tokyo)
    Calendar: 22/12/25 07:30 (Asia/Hong_Kong)
    User: 22/12/25 00:30 (Europe/Paris)
    UTC: 2025-12-21 23:30Z
✓ Task operations completed for Paris: placed, resized, and moved

stdout | src/lib/test-utils/timezone-workflow.test.tsx > Timezone-Aware Calendar Tests > Autofit and Placement Tests > User timezone: 'Paris' ('Europe/Paris') > Fetch and Display Task > should save task, fetch from API, and verify rendering matches placement
#77 Paris - Fetch and Display Task - should save task, fetch from API, and verify rendering matches placement
[DEBUG] Day Opened
  Date: 2025-12-22
  Timezones:
    Browser: Asia/Tokyo
    Calendar: Asia/Hong_Kong
    User Selected: Europe/Paris
    UTC: UTC
  Current Time (all timezones):
    Browser: 21/12/25 12:45 (Asia/Tokyo)
    Calendar: 21/12/25 11:45 (Asia/Hong_Kong)
    User: 21/12/25 04:45 (Europe/Paris)
    UTC: 2025-12-21 03:45Z

stdout | src/lib/test-utils/timezone-workflow.test.tsx > Timezone-Aware Calendar Tests > Autofit and Placement Tests > User timezone: 'Paris' ('Europe/Paris') > Fetch and Display Task > should save task, fetch from API, and verify rendering matches placement
[DEBUG] Task Placement Attempt: "[TEST] Task Paris" (15 minutes)
  Target Slot Label (from DOM): "00:30"
  Actual Placement Time:
    Browser: 22/12/25 08:30 (Asia/Tokyo)
    Calendar: 22/12/25 07:30 (Asia/Hong_Kong)
    User: 22/12/25 00:30 (Europe/Paris)
    UTC: 2025-12-21 23:30Z

stdout | src/lib/test-utils/timezone-workflow.test.tsx > Timezone-Aware Calendar Tests > Autofit and Placement Tests > User timezone: 'Paris' ('Europe/Paris') > Fetch and Display Task > should save task, fetch from API, and verify rendering matches placement
[DEBUG] Save to Calendar (1):
    1. "[TEST] Task Paris" (15 minutes)
       Displayed Time (in dialog): 00:30
       Actual Start Time:
         Browser: 22/12/25 08:30 (Asia/Tokyo)
         Calendar: 22/12/25 07:30 (Asia/Hong_Kong)
         User: 22/12/25 00:30 (Europe/Paris)
         UTC: 2025-12-21 23:30Z

stdout | src/lib/test-utils/timezone-workflow.test.tsx > Timezone-Aware Calendar Tests > Autofit and Placement Tests > User timezone: 'Paris' ('Europe/Paris') > Fetch and Display Task > should save task, fetch from API, and verify rendering matches placement
[DEBUG] Day Opened
  Date: 2025-12-22
  Timezones:
    Browser: Asia/Tokyo
    Calendar: Asia/Hong_Kong
    User Selected: Europe/Paris
    UTC: UTC
  Current Time (all timezones):
    Browser: 21/12/25 12:45 (Asia/Tokyo)
    Calendar: 21/12/25 11:45 (Asia/Hong_Kong)
    User: 21/12/25 04:45 (Europe/Paris)
    UTC: 2025-12-21 03:45Z

stdout | src/lib/test-utils/timezone-workflow.test.tsx > Timezone-Aware Calendar Tests > Autofit and Placement Tests > User timezone: 'Paris' ('Europe/Paris') > Fetch and Display Task > should save task, fetch from API, and verify rendering matches placement
⚠️ [DEBUG] Calendar Load FAILED - FullCalendar did not render properly
  Expected Time Range: 00:00 - 01:00
  Attempted to detect rendered slots from DOM but found none.
  Date Range: 2025-12-21
  Business Hours: 
  Time Range (Europe/Paris | Asia/Hong_Kong): 00:00 | 07:00 - 01:00 | 08:00

stderr | src/lib/test-utils/timezone-workflow.test.tsx > Timezone-Aware Calendar Tests > Autofit and Placement Tests > User timezone: 'Paris' ('Europe/Paris') > Fetch and Display Task > should save task, fetch from API, and verify rendering matches placement
Could not find test event in DOM. Details: {
  testTaskTitle: '[TEST] Task Paris',
  fetchedEventSummary: '[TEST] Task Paris​',
  eventElementsCount: 0,
  allEventTexts: []
}

stdout | src/lib/test-utils/timezone-workflow.test.tsx > Timezone-Aware Calendar Tests > Autofit and Placement Tests > User timezone: 'Paris' ('Europe/Paris') > Fetch and Display Task > should save task, fetch from API, and verify rendering matches placement
Looking for event with title containing: "[TEST] Task Paris"
Found 0 event elements in DOM

stdout | src/lib/test-utils/timezone-workflow.test.tsx > Timezone-Aware Calendar Tests > Autofit and Placement Tests > User timezone: 'Paris' ('Europe/Paris') > Auto Fit Tests > should test autofit with various working hour configurations
#78 Paris - Auto Fit Tests - should test autofit with various working hour configurations
[DEBUG] Day Opened
  Date: 2025-12-22
  Timezones:
    Browser: Asia/Tokyo
    Calendar: Asia/Hong_Kong
    User Selected: Europe/Paris
    UTC: UTC
  Current Time (all timezones):
    Browser: 21/12/25 12:45 (Asia/Tokyo)
    Calendar: 21/12/25 11:45 (Asia/Hong_Kong)
    User: 21/12/25 04:45 (Europe/Paris)
    UTC: 2025-12-21 03:45Z

stdout | src/lib/test-utils/timezone-workflow.test.tsx > Timezone-Aware Calendar Tests > Autofit and Placement Tests > User timezone: 'Paris' ('Europe/Paris') > Auto Fit Tests > should test autofit with various working hour configurations
[DEBUG] Settings Saved
  Changed Fields (3):
    slotMinTime: 00:00 -> 11:00
    slotMaxTime: 01:00 -> 18:00
    timezone: America/Los_Angeles -> Europe/Paris

stdout | src/lib/test-utils/timezone-workflow.test.tsx > Timezone-Aware Calendar Tests > Autofit and Placement Tests > User timezone: 'Paris' ('Europe/Paris') > Auto Fit Tests > should test autofit with various working hour configurations
✓ Step 1: Autofit with no working hours placed 0 tasks

stdout | src/lib/test-utils/timezone-workflow.test.tsx > Timezone-Aware Calendar Tests > Autofit and Placement Tests > User timezone: 'Paris' ('Europe/Paris') > Auto Fit Tests > should test autofit with various working hour configurations
[DEBUG] Settings Saved
  Changed Fields (1):
    workingHours: [] -> 00:00-03:00

stdout | src/lib/test-utils/timezone-workflow.test.tsx > Timezone-Aware Calendar Tests > Autofit and Placement Tests > User timezone: 'Paris' ('Europe/Paris') > Auto Fit Tests > should test autofit with various working hour configurations
✓ Step 3: Autofit with working hours outside calendar range placed 0 tasks

stdout | src/lib/test-utils/timezone-workflow.test.tsx > Timezone-Aware Calendar Tests > Autofit and Placement Tests > User timezone: 'Paris' ('Europe/Paris') > Auto Fit Tests > should test autofit with various working hour configurations
[DEBUG] Settings Saved
  Changed Fields (1):
    workingHours: 00:00-03:00 -> 00:00-03:00, 10:00-12:45

stdout | src/lib/test-utils/timezone-workflow.test.tsx > Timezone-Aware Calendar Tests > Autofit and Placement Tests > User timezone: 'Paris' ('Europe/Paris') > Auto Fit Tests > should test autofit with various working hour configurations
[TEST] Step 5: Calling runAutoFit with 10 tasks, working hours: [{"start":"00:00","end":"03:00"},{"start":"10:00","end":"12:45"}]

stdout | src/lib/test-utils/timezone-workflow.test.tsx > Timezone-Aware Calendar Tests > Autofit and Placement Tests > User timezone: 'Paris' ('Europe/Paris') > Auto Fit Tests > should test autofit with various working hour configurations
[TEST] Step 5: Autofit completed, got 2 placements, 8 unplaced
✓ Step 5: Autofit placed 2 tasks at 11:00-11:30 and 11:45-12:15

stdout | src/lib/test-utils/timezone-workflow.test.tsx > Timezone-Aware Calendar Tests > Autofit and Placement Tests > User timezone: 'Paris' ('Europe/Paris') > Auto Fit Tests > should test autofit with various working hour configurations
✓ Step 6: Cleared all placements

stdout | src/lib/test-utils/timezone-workflow.test.tsx > Timezone-Aware Calendar Tests > Autofit and Placement Tests > User timezone: 'Paris' ('Europe/Paris') > Auto Fit Tests > should test autofit with various working hour configurations
✓ Step 7a: Created calendar event at 11:30-12:00 to block time slot (event ID: lpejco4oj84vftlovealeb57ns)

stderr | src/lib/test-utils/timezone-workflow.test.tsx > Timezone-Aware Calendar Tests > Autofit and Placement Tests > User timezone: 'Paris' ('Europe/Paris') > Auto Fit Tests > should test autofit with various working hour configurations
⚠️  Calendar event lpejco4oj84vftlovealeb57ns not found in fetched events, waiting longer...

stdout | src/lib/test-utils/timezone-workflow.test.tsx > Timezone-Aware Calendar Tests > Autofit and Placement Tests > User timezone: 'Paris' ('Europe/Paris') > Auto Fit Tests > should test autofit with various working hour configurations
✓ Step 7b: Manually placed task at 12:30 (blocks 12:15-13:15 with 15 min gap)
[TEST] Step 8: Calling runAutoFit with 9 tasks, manual placement at 12:30, calendar event at 11:30-12:00

stdout | src/lib/test-utils/timezone-workflow.test.tsx > Timezone-Aware Calendar Tests > Autofit and Placement Tests > User timezone: 'Paris' ('Europe/Paris') > Auto Fit Tests > should test autofit with various working hour configurations
[TEST] Step 8: Autofit completed, got 2 placements
[TEST] Step 8: Autofit placement times: 11:00, 11:45

stderr | src/lib/test-utils/timezone-workflow.test.tsx > Timezone-Aware Calendar Tests > Autofit and Placement Tests > User timezone: 'Paris' ('Europe/Paris') > Auto Fit Tests > should test autofit with various working hour configurations
❌ [BUG] Calendar event at 11:30-12:00 is not blocking correctly. Autofit placed 2 tasks: 11:00, 11:45. Expected only 1 task at 11:00.

 ❯ src/lib/test-utils/timezone-workflow.test.tsx (78 tests | 34 failed) 672028ms
         × should create hourly events and verify DOM rendering 4893ms
         × should create hourly events and verify DOM rendering 5344ms
         × should create hourly events and verify DOM rendering 4830ms
           × should verify calendar DOM renders correct time range 1347ms
           × should verify calendar DOM renders correct time range 2177ms
           × should verify calendar DOM renders correct time range 1498ms
           ✓ should verify calendar DOM renders correct time range  4428ms
           ✓ should verify calendar DOM renders correct time range  8302ms
           ✓ should verify calendar DOM renders correct time range  11960ms
           ✓ should verify calendar DOM renders correct time range  4842ms
           ✓ should verify calendar DOM renders correct time range  7607ms
           ✓ should verify calendar DOM renders correct time range  5796ms
           ✓ should verify calendar DOM renders correct time range  6026ms
           ✓ should verify calendar DOM renders correct time range  8494ms
           ✓ should verify calendar DOM renders correct time range  7653ms
           ✓ should verify calendar DOM renders correct time range  6106ms
           ✓ should verify calendar DOM renders correct time range  11619ms
           ✓ should verify calendar DOM renders correct time range  12893ms
           ✓ should verify calendar DOM renders correct time range  4682ms
           ✓ should verify calendar DOM renders correct time range  8283ms
           ✓ should verify calendar DOM renders correct time range  5498ms
           ✓ should verify calendar DOM renders correct time range  6824ms
           ✓ should verify calendar DOM renders correct time range  11968ms
           ✓ should verify calendar DOM renders correct time range  8710ms
           ✓ should verify calendar DOM renders correct time range  7527ms
           ✓ should verify calendar DOM renders correct time range  6647ms
           ✓ should verify calendar DOM renders correct time range  6709ms
           ✓ should verify calendar DOM renders correct time range  5812ms
           ✓ should verify calendar DOM renders correct time range  7463ms
           ✓ should verify calendar DOM renders correct time range  6010ms
           × should verify calendar DOM renders correct time range 9744ms
           × should verify calendar DOM renders correct time range 8287ms
           × should verify calendar DOM renders correct time range 6075ms
           × should verify calendar DOM renders correct time range 4636ms
           × should verify calendar DOM renders correct time range 7215ms
           × should verify calendar DOM renders correct time range 6310ms
           × should verify calendar DOM renders correct time range 14843ms
           × should verify calendar DOM renders correct time range 12685ms
           ✓ should verify calendar DOM renders correct time range  4759ms
           ✓ should verify calendar DOM renders correct time range  4532ms
           × should verify calendar DOM renders correct time range 11485ms
           ✓ should verify calendar DOM renders correct time range  6119ms
           ✓ should verify calendar DOM renders correct time range  15468ms
           × should verify calendar DOM renders correct time range 26405ms
           ✓ should verify calendar DOM renders correct time range  8390ms
           ✓ should verify calendar DOM renders correct time range  4340ms
           × should verify calendar DOM renders correct time range 14471ms
           ✓ should verify calendar DOM renders correct time range  18261ms
           ✓ should verify calendar DOM renders correct time range  9877ms
           × should verify calendar DOM renders correct time range 12017ms
           ✓ should verify calendar DOM renders correct time range  7294ms
           ✓ should verify calendar DOM renders correct time range  8699ms
           × should verify calendar DOM renders correct time range 16011ms
           ✓ should verify calendar DOM renders correct time range  9775ms
           ✓ should verify calendar DOM renders correct time range  5080ms
           × should verify calendar DOM renders correct time range 12461ms
           ✓ should verify calendar DOM renders correct time range  5027ms
           × should verify calendar DOM renders correct time range 4510ms
           × should verify calendar DOM renders correct time range 12819ms
           × should verify calendar DOM renders correct time range 5440ms
           ✓ should verify calendar DOM renders correct time range  5691ms
           × should verify calendar DOM renders correct time range 12889ms
           ✓ should verify calendar DOM renders correct time range  5373ms
           × should verify calendar DOM renders correct time range 6369ms
           × should verify calendar DOM renders correct time range 13166ms
           × should verify calendar DOM renders correct time range 6387ms
           × should verify calendar DOM renders correct time range 4433ms
           × should verify calendar DOM renders correct time range 8088ms
           × should verify calendar DOM renders correct time range 7380ms
           ✓ should verify calendar DOM renders correct time range  6793ms
           ✓ should verify calendar DOM renders correct time range  6657ms
           ✓ should verify calendar DOM renders correct time range  4495ms
           ✓ should place task at start, resize to 15 minutes, and move half hour later  3944ms
           × should save task, fetch from API, and verify rendering matches placement 10193ms
           × should test autofit with various working hour configurations 19702ms
           ✓ should place task at start, resize to 15 minutes, and move half hour later  4311ms
           × should save task, fetch from API, and verify rendering matches placement 6294ms
           × should test autofit with various working hour configurations 18206ms

⎯⎯⎯⎯⎯⎯ Failed Tests 34 ⎯⎯⎯⎯⎯⎯⎯

 FAIL  src/lib/test-utils/timezone-workflow.test.tsx > Timezone-Aware Calendar Tests > Calendar Event Rendering Tests > User timezone: 'Hong Kong' ('Asia/Hong_Kong') > should create hourly events and verify DOM rendering
 FAIL  src/lib/test-utils/timezone-workflow.test.tsx > Timezone-Aware Calendar Tests > Calendar Event Rendering Tests > User timezone: 'Bangkok' ('Asia/Bangkok') > should create hourly events and verify DOM rendering
 FAIL  src/lib/test-utils/timezone-workflow.test.tsx > Timezone-Aware Calendar Tests > Calendar Event Rendering Tests > User timezone: 'Tokyo' ('Asia/Tokyo') > should create hourly events and verify DOM rendering
ReferenceError: eventRect is not defined
 ❯ src/lib/test-utils/timezone-workflow.test.tsx:495:51
    493|             
    494|             // Try to extract duration from event element or estimate
    495|             const estimatedDuration = Math.round((eventRect.height / 6…
       |                                                   ^
    496|             
    497|             renderedEventsForLog.push({

⎯⎯⎯⎯⎯⎯⎯⎯⎯⎯⎯⎯⎯⎯⎯⎯⎯⎯⎯⎯⎯⎯⎯[1/34]⎯

 FAIL  src/lib/test-utils/timezone-workflow.test.tsx > Timezone-Aware Calendar Tests > DOM Rendering Tests (All UTC Offsets) > UTC Offset: -12 ('Baker Island') > Time range: '00:00'-'01:00' ('Early morning (1 hour)') > should verify calendar DOM renders correct time range
 FAIL  src/lib/test-utils/timezone-workflow.test.tsx > Timezone-Aware Calendar Tests > DOM Rendering Tests (All UTC Offsets) > UTC Offset: -12 ('Baker Island') > Time range: '11:00'-'18:00' ('Business hours') > should verify calendar DOM renders correct time range
RangeError: Invalid time zone specified: Pacific/Baker_Island
 ❯ calculateDayOffset src/lib/debug-logger.ts:243:34
    241|     day: '2-digit',
    242|   });
    243|   const referenceDateFormatter = new Intl.DateTimeFormat('en-CA', {
       |                                  ^
    244|     timeZone: referenceTimezone,
    245|     year: 'numeric',
 ❯ formatDateTime src/lib/debug-logger.ts:285:22
 ❯ formatTimeInAllTimezones src/lib/debug-logger.ts:295:14
 ❯ extractDayOpenData src/lib/debug-logger.ts:366:17
 ❯ logDayOpen src/lib/debug-logger.ts:388:16
 ❯ src/lib/test-utils/timezone-workflow.test.tsx:620:13

⎯⎯⎯⎯⎯⎯⎯⎯⎯⎯⎯⎯⎯⎯⎯⎯⎯⎯⎯⎯⎯⎯⎯[2/34]⎯

 FAIL  src/lib/test-utils/timezone-workflow.test.tsx > Timezone-Aware Calendar Tests > DOM Rendering Tests (All UTC Offsets) > UTC Offset: -12 ('Baker Island') > Time range: '00:00'-'23:00' ('Full day') > should verify calendar DOM renders correct time range
Error: Failed to get events
 ❯ getEventsForDate src/lib/test-utils/calendar-test-helpers.ts:273:11
    271| 
    272|   if (!response.ok) {
    273|     throw new Error('Failed to get events');
       |           ^
    274|   }
    275| 
 ❯ src/lib/test-utils/timezone-workflow.test.tsx:637:28

⎯⎯⎯⎯⎯⎯⎯⎯⎯⎯⎯⎯⎯⎯⎯⎯⎯⎯⎯⎯⎯⎯⎯[3/34]⎯

 FAIL  src/lib/test-utils/timezone-workflow.test.tsx > Timezone-Aware Calendar Tests > DOM Rendering Tests (All UTC Offsets) > UTC Offset: -1 ('Cape Verde') > Time range: '00:00'-'01:00' ('Early morning (1 hour)') > should verify calendar DOM renders correct time range
 FAIL  src/lib/test-utils/timezone-workflow.test.tsx > Timezone-Aware Calendar Tests > DOM Rendering Tests (All UTC Offsets) > UTC Offset: 10 ('Sydney') > Time range: '00:00'-'01:00' ('Early morning (1 hour)') > should verify calendar DOM renders correct time range
 FAIL  src/lib/test-utils/timezone-workflow.test.tsx > Timezone-Aware Calendar Tests > DOM Rendering Tests (All UTC Offsets) > UTC Offset: 12 ('Auckland') > Time range: '00:00'-'01:00' ('Early morning (1 hour)') > should verify calendar DOM renders correct time range
AssertionError: Timezone rendering mismatch: first slot: expected "00:00" but got "23:00", last slot: expected "00:30" but got "23:30". This indicates a timezone conversion bug where FullCalendar is not correctly interpreting the time range.
 ❯ src/lib/test-utils/timezone-workflow.test.tsx:658:22
    656|             // Assert - if mismatch detected, test should fail
    657|             if (result.mismatchDetected) {
    658|               expect.fail(result.mismatchMessage || 'Timezone renderin…
       |                      ^
    659|             }
    660| 

⎯⎯⎯⎯⎯⎯⎯⎯⎯⎯⎯⎯⎯⎯⎯⎯⎯⎯⎯⎯⎯⎯⎯[4/34]⎯

 FAIL  src/lib/test-utils/timezone-workflow.test.tsx > Timezone-Aware Calendar Tests > DOM Rendering Tests (All UTC Offsets) > UTC Offset: -1 ('Cape Verde') > Time range: '00:00'-'23:00' ('Full day') > should verify calendar DOM renders correct time range
 FAIL  src/lib/test-utils/timezone-workflow.test.tsx > Timezone-Aware Calendar Tests > DOM Rendering Tests (All UTC Offsets) > UTC Offset: 12 ('Auckland') > Time range: '00:00'-'23:00' ('Full day') > should verify calendar DOM renders correct time range
AssertionError: Timezone rendering mismatch: last slot: expected "22:30" but got "23:30". This indicates a timezone conversion bug where FullCalendar is not correctly interpreting the time range.
 ❯ src/lib/test-utils/timezone-workflow.test.tsx:658:22
    656|             // Assert - if mismatch detected, test should fail
    657|             if (result.mismatchDetected) {
    658|               expect.fail(result.mismatchMessage || 'Timezone renderin…
       |                      ^
    659|             }
    660| 

⎯⎯⎯⎯⎯⎯⎯⎯⎯⎯⎯⎯⎯⎯⎯⎯⎯⎯⎯⎯⎯⎯⎯[5/34]⎯

 FAIL  src/lib/test-utils/timezone-workflow.test.tsx > Timezone-Aware Calendar Tests > DOM Rendering Tests (All UTC Offsets) > UTC Offset: -1 ('Cape Verde') > Time range: '11:00'-'18:00' ('Business hours') > should verify calendar DOM renders correct time range
 FAIL  src/lib/test-utils/timezone-workflow.test.tsx > Timezone-Aware Calendar Tests > DOM Rendering Tests (All UTC Offsets) > UTC Offset: 10 ('Sydney') > Time range: '11:00'-'18:00' ('Business hours') > should verify calendar DOM renders correct time range
 FAIL  src/lib/test-utils/timezone-workflow.test.tsx > Timezone-Aware Calendar Tests > DOM Rendering Tests (All UTC Offsets) > UTC Offset: 12 ('Auckland') > Time range: '11:00'-'18:00' ('Business hours') > should verify calendar DOM renders correct time range
AssertionError: Timezone rendering mismatch: first slot: expected "11:00" but got "10:00", last slot: expected "17:30" but got "16:30". This indicates a timezone conversion bug where FullCalendar is not correctly interpreting the time range.
 ❯ src/lib/test-utils/timezone-workflow.test.tsx:658:22
    656|             // Assert - if mismatch detected, test should fail
    657|             if (result.mismatchDetected) {
    658|               expect.fail(result.mismatchMessage || 'Timezone renderin…
       |                      ^
    659|             }
    660| 

⎯⎯⎯⎯⎯⎯⎯⎯⎯⎯⎯⎯⎯⎯⎯⎯⎯⎯⎯⎯⎯⎯⎯[6/34]⎯

 FAIL  src/lib/test-utils/timezone-workflow.test.tsx > Timezone-Aware Calendar Tests > DOM Rendering Tests (All UTC Offsets) > UTC Offset: +0 ('London') > Time range: '00:00'-'01:00' ('Early morning (1 hour)') > should verify calendar DOM renders correct time range
 FAIL  src/lib/test-utils/timezone-workflow.test.tsx > Timezone-Aware Calendar Tests > DOM Rendering Tests (All UTC Offsets) > UTC Offset: 8 ('Hong Kong') > Time range: '00:00'-'01:00' ('Early morning (1 hour)') > should verify calendar DOM renders correct time range
AssertionError: Timezone rendering mismatch: first slot: expected "00:00" but got "01:00", last slot: expected "00:30" but got "01:30". This indicates a timezone conversion bug where FullCalendar is not correctly interpreting the time range.
 ❯ src/lib/test-utils/timezone-workflow.test.tsx:658:22
    656|             // Assert - if mismatch detected, test should fail
    657|             if (result.mismatchDetected) {
    658|               expect.fail(result.mismatchMessage || 'Timezone renderin…
       |                      ^
    659|             }
    660| 

⎯⎯⎯⎯⎯⎯⎯⎯⎯⎯⎯⎯⎯⎯⎯⎯⎯⎯⎯⎯⎯⎯⎯[7/34]⎯

 FAIL  src/lib/test-utils/timezone-workflow.test.tsx > Timezone-Aware Calendar Tests > DOM Rendering Tests (All UTC Offsets) > UTC Offset: +0 ('London') > Time range: '00:00'-'23:00' ('Full day') > should verify calendar DOM renders correct time range
AssertionError: Timezone rendering mismatch: first slot: expected "00:00" but got "01:00", last slot: expected "22:30" but got "23:30". This indicates a timezone conversion bug where FullCalendar is not correctly interpreting the time range.
 ❯ src/lib/test-utils/timezone-workflow.test.tsx:658:22
    656|             // Assert - if mismatch detected, test should fail
    657|             if (result.mismatchDetected) {
    658|               expect.fail(result.mismatchMessage || 'Timezone renderin…
       |                      ^
    659|             }
    660| 

⎯⎯⎯⎯⎯⎯⎯⎯⎯⎯⎯⎯⎯⎯⎯⎯⎯⎯⎯⎯⎯⎯⎯[8/34]⎯

 FAIL  src/lib/test-utils/timezone-workflow.test.tsx > Timezone-Aware Calendar Tests > DOM Rendering Tests (All UTC Offsets) > UTC Offset: +0 ('London') > Time range: '11:00'-'18:00' ('Business hours') > should verify calendar DOM renders correct time range
 FAIL  src/lib/test-utils/timezone-workflow.test.tsx > Timezone-Aware Calendar Tests > DOM Rendering Tests (All UTC Offsets) > UTC Offset: 8 ('Hong Kong') > Time range: '11:00'-'18:00' ('Business hours') > should verify calendar DOM renders correct time range
AssertionError: Timezone rendering mismatch: first slot: expected "11:00" but got "12:00", last slot: expected "17:30" but got "18:30". This indicates a timezone conversion bug where FullCalendar is not correctly interpreting the time range.
 ❯ src/lib/test-utils/timezone-workflow.test.tsx:658:22
    656|             // Assert - if mismatch detected, test should fail
    657|             if (result.mismatchDetected) {
    658|               expect.fail(result.mismatchMessage || 'Timezone renderin…
       |                      ^
    659|             }
    660| 

⎯⎯⎯⎯⎯⎯⎯⎯⎯⎯⎯⎯⎯⎯⎯⎯⎯⎯⎯⎯⎯⎯⎯[9/34]⎯

 FAIL  src/lib/test-utils/timezone-workflow.test.tsx > Timezone-Aware Calendar Tests > DOM Rendering Tests (All UTC Offsets) > UTC Offset: 1 ('Paris') > Time range: '00:00'-'01:00' ('Early morning (1 hour)') > should verify calendar DOM renders correct time range
 FAIL  src/lib/test-utils/timezone-workflow.test.tsx > Timezone-Aware Calendar Tests > DOM Rendering Tests (All UTC Offsets) > UTC Offset: 1 ('Paris') > Time range: '00:00'-'23:00' ('Full day') > should verify calendar DOM renders correct time range
 FAIL  src/lib/test-utils/timezone-workflow.test.tsx > Timezone-Aware Calendar Tests > DOM Rendering Tests (All UTC Offsets) > UTC Offset: 2 ('Cairo') > Time range: '00:00'-'23:00' ('Full day') > should verify calendar DOM renders correct time range
 FAIL  src/lib/test-utils/timezone-workflow.test.tsx > Timezone-Aware Calendar Tests > DOM Rendering Tests (All UTC Offsets) > UTC Offset: 3 ('Moscow') > Time range: '00:00'-'23:00' ('Full day') > should verify calendar DOM renders correct time range
 FAIL  src/lib/test-utils/timezone-workflow.test.tsx > Timezone-Aware Calendar Tests > DOM Rendering Tests (All UTC Offsets) > UTC Offset: 4 ('Dubai') > Time range: '00:00'-'23:00' ('Full day') > should verify calendar DOM renders correct time range
 FAIL  src/lib/test-utils/timezone-workflow.test.tsx > Timezone-Aware Calendar Tests > DOM Rendering Tests (All UTC Offsets) > UTC Offset: 5 ('Karachi') > Time range: '00:00'-'23:00' ('Full day') > should verify calendar DOM renders correct time range
 FAIL  src/lib/test-utils/timezone-workflow.test.tsx > Timezone-Aware Calendar Tests > DOM Rendering Tests (All UTC Offsets) > UTC Offset: 6 ('Dhaka') > Time range: '00:00'-'23:00' ('Full day') > should verify calendar DOM renders correct time range
 FAIL  src/lib/test-utils/timezone-workflow.test.tsx > Timezone-Aware Calendar Tests > DOM Rendering Tests (All UTC Offsets) > UTC Offset: 7 ('Bangkok') > Time range: '00:00'-'23:00' ('Full day') > should verify calendar DOM renders correct time range
 FAIL  src/lib/test-utils/timezone-workflow.test.tsx > Timezone-Aware Calendar Tests > DOM Rendering Tests (All UTC Offsets) > UTC Offset: 8 ('Hong Kong') > Time range: '00:00'-'23:00' ('Full day') > should verify calendar DOM renders correct time range
 FAIL  src/lib/test-utils/timezone-workflow.test.tsx > Timezone-Aware Calendar Tests > DOM Rendering Tests (All UTC Offsets) > UTC Offset: 9 ('Tokyo') > Time range: '00:00'-'23:00' ('Full day') > should verify calendar DOM renders correct time range
 FAIL  src/lib/test-utils/timezone-workflow.test.tsx > Timezone-Aware Calendar Tests > DOM Rendering Tests (All UTC Offsets) > UTC Offset: 10 ('Sydney') > Time range: '00:00'-'23:00' ('Full day') > should verify calendar DOM renders correct time range
AssertionError: FullCalendar slots not found after retries - calendar may not have fully rendered
 ❯ src/lib/test-utils/timezone-workflow.test.tsx:658:22
    656|             // Assert - if mismatch detected, test should fail
    657|             if (result.mismatchDetected) {
    658|               expect.fail(result.mismatchMessage || 'Timezone renderin…
       |                      ^
    659|             }
    660| 

⎯⎯⎯⎯⎯⎯⎯⎯⎯⎯⎯⎯⎯⎯⎯⎯⎯⎯⎯⎯⎯⎯[10/34]⎯

 FAIL  src/lib/test-utils/timezone-workflow.test.tsx > Timezone-Aware Calendar Tests > Autofit and Placement Tests > User timezone: 'Hong Kong' ('Asia/Hong_Kong') > Fetch and Display Task > should save task, fetch from API, and verify rendering matches placement
 FAIL  src/lib/test-utils/timezone-workflow.test.tsx > Timezone-Aware Calendar Tests > Autofit and Placement Tests > User timezone: 'Paris' ('Europe/Paris') > Fetch and Display Task > should save task, fetch from API, and verify rendering matches placement
Error: Could not find test event in rendered calendar DOM. Found 0 events, but none matched.
 ❯ src/lib/test-utils/timezone-workflow.test.tsx:1013:17
    1011|             allEventTexts: Array.from(eventElements).map(el => el.text…
    1012|           });
    1013|           throw new Error(`Could not find test event in rendered calen…
       |                 ^
    1014|         }
    1015| 

⎯⎯⎯⎯⎯⎯⎯⎯⎯⎯⎯⎯⎯⎯⎯⎯⎯⎯⎯⎯⎯⎯[11/34]⎯

 FAIL  src/lib/test-utils/timezone-workflow.test.tsx > Timezone-Aware Calendar Tests > Autofit and Placement Tests > User timezone: 'Hong Kong' ('Asia/Hong_Kong') > Auto Fit Tests > should test autofit with various working hour configurations
 FAIL  src/lib/test-utils/timezone-workflow.test.tsx > Timezone-Aware Calendar Tests > Autofit and Placement Tests > User timezone: 'Paris' ('Europe/Paris') > Auto Fit Tests > should test autofit with various working hour configurations
AssertionError: expected 3 to be 2 // Object.is equality

- Expected
+ Received

- 2
+ 3

 ❯ src/lib/test-utils/timezone-workflow.test.tsx:1220:38
    1218|         
    1219|         // Should have 2 placements total: manual at 12:30, plus 1 aut…
    1220|         expect(allPlacements.length).toBe(2);
       |                                      ^
    1221|         expect(result4.placements.length).toBe(1);
    1222|         expect(placementTimes).toContain('11:00');

⎯⎯⎯⎯⎯⎯⎯⎯⎯⎯⎯⎯⎯⎯⎯⎯⎯⎯⎯⎯⎯⎯[12/34]⎯


 Test Files  1 failed | 1 passed (2)
      Tests  34 failed | 45 passed (79)
   Start at  12:34:49
   Duration  673.06s (transform 99ms, setup 30ms, import 1.21s, tests 678.30s, environment 557ms)

 FAIL  Tests failed. Watching for file changes...
       press h to show help, press q to quit
Cancelling test run. Press CTRL+c again to exit forcefully.

